Archive member included to satisfy reference by file (symbol)

C:\Users\buchwald\STM32CubeIDE\workspace_1.17.0\WindowSensorsSTM\HelloWorldWithAccount\Middlewares\ST\STM32_Cryptographic\lib\libSTM32Cryptographic_CM7.a(cmox_init.c.o)
                              ./Core/Src/WindowSensors/WindowSensorSystem.o (cmox_initialize)
C:/ST/STM32CubeIDE_1.17.0/STM32CubeIDE/plugins/com.st.stm32cube.ide.mcu.externaltools.gnu-tools-for-stm32.12.3.rel1.win32_1.1.0.202410251130/tools/bin/../lib/gcc/arm-none-eabi/12.3.1/../../../../arm-none-eabi/lib/thumb/v8-m.main+fp/hard\libc_nano.a(libc_a-atoi.o)
                              ./Core/Src/WindowSensors/message_handler.o (atoi)
C:/ST/STM32CubeIDE_1.17.0/STM32CubeIDE/plugins/com.st.stm32cube.ide.mcu.externaltools.gnu-tools-for-stm32.12.3.rel1.win32_1.1.0.202410251130/tools/bin/../lib/gcc/arm-none-eabi/12.3.1/../../../../arm-none-eabi/lib/thumb/v8-m.main+fp/hard\libc_nano.a(libc_a-exit.o)
                              C:/ST/STM32CubeIDE_1.17.0/STM32CubeIDE/plugins/com.st.stm32cube.ide.mcu.externaltools.gnu-tools-for-stm32.12.3.rel1.win32_1.1.0.202410251130/tools/bin/../lib/gcc/arm-none-eabi/12.3.1/../../../../arm-none-eabi/lib/thumb/v8-m.main+fp/hard/crt0.o (exit)
C:/ST/STM32CubeIDE_1.17.0/STM32CubeIDE/plugins/com.st.stm32cube.ide.mcu.externaltools.gnu-tools-for-stm32.12.3.rel1.win32_1.1.0.202410251130/tools/bin/../lib/gcc/arm-none-eabi/12.3.1/../../../../arm-none-eabi/lib/thumb/v8-m.main+fp/hard\libc_nano.a(libc_a-strtol.o)
                              C:/ST/STM32CubeIDE_1.17.0/STM32CubeIDE/plugins/com.st.stm32cube.ide.mcu.externaltools.gnu-tools-for-stm32.12.3.rel1.win32_1.1.0.202410251130/tools/bin/../lib/gcc/arm-none-eabi/12.3.1/../../../../arm-none-eabi/lib/thumb/v8-m.main+fp/hard\libc_nano.a(libc_a-atoi.o) (_strtol_r)
C:/ST/STM32CubeIDE_1.17.0/STM32CubeIDE/plugins/com.st.stm32cube.ide.mcu.externaltools.gnu-tools-for-stm32.12.3.rel1.win32_1.1.0.202410251130/tools/bin/../lib/gcc/arm-none-eabi/12.3.1/../../../../arm-none-eabi/lib/thumb/v8-m.main+fp/hard\libc_nano.a(libc_a-ctype_.o)
                              C:/ST/STM32CubeIDE_1.17.0/STM32CubeIDE/plugins/com.st.stm32cube.ide.mcu.externaltools.gnu-tools-for-stm32.12.3.rel1.win32_1.1.0.202410251130/tools/bin/../lib/gcc/arm-none-eabi/12.3.1/../../../../arm-none-eabi/lib/thumb/v8-m.main+fp/hard\libc_nano.a(libc_a-strtol.o) (_ctype_)
C:/ST/STM32CubeIDE_1.17.0/STM32CubeIDE/plugins/com.st.stm32cube.ide.mcu.externaltools.gnu-tools-for-stm32.12.3.rel1.win32_1.1.0.202410251130/tools/bin/../lib/gcc/arm-none-eabi/12.3.1/../../../../arm-none-eabi/lib/thumb/v8-m.main+fp/hard\libc_nano.a(libc_a-findfp.o)
                              C:/ST/STM32CubeIDE_1.17.0/STM32CubeIDE/plugins/com.st.stm32cube.ide.mcu.externaltools.gnu-tools-for-stm32.12.3.rel1.win32_1.1.0.202410251130/tools/bin/../lib/gcc/arm-none-eabi/12.3.1/../../../../arm-none-eabi/lib/thumb/v8-m.main+fp/hard\libc_nano.a(libc_a-exit.o) (__stdio_exit_handler)
C:/ST/STM32CubeIDE_1.17.0/STM32CubeIDE/plugins/com.st.stm32cube.ide.mcu.externaltools.gnu-tools-for-stm32.12.3.rel1.win32_1.1.0.202410251130/tools/bin/../lib/gcc/arm-none-eabi/12.3.1/../../../../arm-none-eabi/lib/thumb/v8-m.main+fp/hard\libc_nano.a(libc_a-fwalk.o)
                              C:/ST/STM32CubeIDE_1.17.0/STM32CubeIDE/plugins/com.st.stm32cube.ide.mcu.externaltools.gnu-tools-for-stm32.12.3.rel1.win32_1.1.0.202410251130/tools/bin/../lib/gcc/arm-none-eabi/12.3.1/../../../../arm-none-eabi/lib/thumb/v8-m.main+fp/hard\libc_nano.a(libc_a-findfp.o) (_fwalk_sglue)
C:/ST/STM32CubeIDE_1.17.0/STM32CubeIDE/plugins/com.st.stm32cube.ide.mcu.externaltools.gnu-tools-for-stm32.12.3.rel1.win32_1.1.0.202410251130/tools/bin/../lib/gcc/arm-none-eabi/12.3.1/../../../../arm-none-eabi/lib/thumb/v8-m.main+fp/hard\libc_nano.a(libc_a-printf.o)
                              ./Core/Src/WindowSensors/WindowSensorSystem.o (printf)
C:/ST/STM32CubeIDE_1.17.0/STM32CubeIDE/plugins/com.st.stm32cube.ide.mcu.externaltools.gnu-tools-for-stm32.12.3.rel1.win32_1.1.0.202410251130/tools/bin/../lib/gcc/arm-none-eabi/12.3.1/../../../../arm-none-eabi/lib/thumb/v8-m.main+fp/hard\libc_nano.a(libc_a-puts.o)
                              ./Core/Src/WindowSensors/message_handler.o (puts)
C:/ST/STM32CubeIDE_1.17.0/STM32CubeIDE/plugins/com.st.stm32cube.ide.mcu.externaltools.gnu-tools-for-stm32.12.3.rel1.win32_1.1.0.202410251130/tools/bin/../lib/gcc/arm-none-eabi/12.3.1/../../../../arm-none-eabi/lib/thumb/v8-m.main+fp/hard\libc_nano.a(libc_a-snprintf.o)
                              ./Core/Src/WindowSensors/radioUtils.o (snprintf)
C:/ST/STM32CubeIDE_1.17.0/STM32CubeIDE/plugins/com.st.stm32cube.ide.mcu.externaltools.gnu-tools-for-stm32.12.3.rel1.win32_1.1.0.202410251130/tools/bin/../lib/gcc/arm-none-eabi/12.3.1/../../../../arm-none-eabi/lib/thumb/v8-m.main+fp/hard\libc_nano.a(libc_a-sprintf.o)
                              ./Radio/rtc-board.o (sprintf)
[...]
Memory Configuration

Name             Origin             Length             Attributes
RAM              0x20000000         0x00040000         xrw
SRAM4            0x28000000         0x00004000         xrw
FLASH            0x08000000         0x00080000         xr
*default*        0x00000000         0xffffffff

Linker script and memory map

LOAD C:/ST/STM32CubeIDE_1.17.0/STM32CubeIDE/plugins/com.st.stm32cube.ide.mcu.externaltools.gnu-tools-for-stm32.12.3.rel1.win32_1.1.0.202410251130/tools/bin/../lib/gcc/arm-none-eabi/12.3.1/thumb/v8-m.main+fp/hard/crti.o
LOAD C:/ST/STM32CubeIDE_1.17.0/STM32CubeIDE/plugins/com.st.stm32cube.ide.mcu.externaltools.gnu-tools-for-stm32.12.3.rel1.win32_1.1.0.202410251130/tools/bin/../lib/gcc/arm-none-eabi/12.3.1/thumb/v8-m.main+fp/hard/crtbegin.o
LOAD C:/ST/STM32CubeIDE_1.17.0/STM32CubeIDE/plugins/com.st.stm32cube.ide.mcu.externaltools.gnu-tools-for-stm32.12.3.rel1.win32_1.1.0.202410251130/tools/bin/../lib/gcc/arm-none-eabi/12.3.1/../../../../arm-none-eabi/lib/thumb/v8-m.main+fp/hard/crt0.o
LOAD ./Core/Src/WindowSensors/WindowSensorSystem.o
LOAD ./Core/Src/WindowSensors/config.o
LOAD ./Core/Src/WindowSensors/gpio_control.o
LOAD ./Core/Src/WindowSensors/message_handler.o
LOAD ./Core/Src/WindowSensors/pointer_queue.o
LOAD ./Core/Src/WindowSensors/radioUtils.o
LOAD ./Core/Src/cmox_low_level_template.o
LOAD ./Core/Src/main.o
LOAD ./Core/Src/stm32u5xx_hal_msp.o
LOAD ./Core/Src/stm32u5xx_it.o
LOAD ./Core/Src/syscalls.o
LOAD ./Core/Src/sysmem.o
LOAD ./Core/Src/system_stm32u5xx.o
LOAD ./Core/Startup/startup_stm32u545retxq.o
LOAD ./Drivers/STM32U5xx_HAL_Driver/Src/stm32u5xx_hal.o
LOAD ./Drivers/STM32U5xx_HAL_Driver/Src/stm32u5xx_hal_cortex.o
LOAD ./Drivers/STM32U5xx_HAL_Driver/Src/stm32u5xx_hal_cryp.o
LOAD ./Drivers/STM32U5xx_HAL_Driver/Src/stm32u5xx_hal_cryp_ex.o
LOAD ./Drivers/STM32U5xx_HAL_Driver/Src/stm32u5xx_hal_dma.o
LOAD ./Drivers/STM32U5xx_HAL_Driver/Src/stm32u5xx_hal_dma_ex.o
LOAD ./Drivers/STM32U5xx_HAL_Driver/Src/stm32u5xx_hal_exti.o
LOAD ./Drivers/STM32U5xx_HAL_Driver/Src/stm32u5xx_hal_flash.o
LOAD ./Drivers/STM32U5xx_HAL_Driver/Src/stm32u5xx_hal_flash_ex.o
LOAD ./Drivers/STM32U5xx_HAL_Driver/Src/stm32u5xx_hal_gpio.o
LOAD ./Drivers/STM32U5xx_HAL_Driver/Src/stm32u5xx_hal_gtzc.o
LOAD ./Drivers/STM32U5xx_HAL_Driver/Src/stm32u5xx_hal_i2c.o
LOAD ./Drivers/STM32U5xx_HAL_Driver/Src/stm32u5xx_hal_i2c_ex.o
LOAD ./Drivers/STM32U5xx_HAL_Driver/Src/stm32u5xx_hal_icache.o
LOAD ./Drivers/STM32U5xx_HAL_Driver/Src/stm32u5xx_hal_pwr.o
LOAD ./Drivers/STM32U5xx_HAL_Driver/Src/stm32u5xx_hal_pwr_ex.o
LOAD ./Drivers/STM32U5xx_HAL_Driver/Src/stm32u5xx_hal_rcc.o
LOAD ./Drivers/STM32U5xx_HAL_Driver/Src/stm32u5xx_hal_rcc_ex.o
LOAD ./Drivers/STM32U5xx_HAL_Driver/Src/stm32u5xx_hal_rtc.o
LOAD ./Drivers/STM32U5xx_HAL_Driver/Src/stm32u5xx_hal_rtc_ex.o
LOAD ./Drivers/STM32U5xx_HAL_Driver/Src/stm32u5xx_hal_spi.o
LOAD ./Drivers/STM32U5xx_HAL_Driver/Src/stm32u5xx_hal_spi_ex.o
LOAD ./Radio/board.o
LOAD ./Radio/delay.o
LOAD ./Radio/gpio-board.o
LOAD ./Radio/gpio.o
LOAD ./Radio/rtc-board.o
LOAD ./Radio/spi-board.o
LOAD ./Radio/sx1276-board.o
LOAD ./Radio/timer.o
LOAD ./Radio/utilities.o
LOAD ./Radio/sx1276/sx1276.o
LOAD C:\Users\buchwald\STM32CubeIDE\workspace_1.17.0\WindowSensorsSTM\HelloWorldWithAccount\Middlewares\ST\STM32_Cryptographic\lib\libSTM32Cryptographic_CM7.a
START GROUP
LOAD C:/ST/STM32CubeIDE_1.17.0/STM32CubeIDE/plugins/com.st.stm32cube.ide.mcu.externaltools.gnu-tools-for-stm32.12.3.rel1.win32_1.1.0.202410251130/tools/bin/../lib/gcc/arm-none-eabi/12.3.1/../../../../arm-none-eabi/lib/thumb/v8-m.main+fp/hard\libc_nano.a
LOAD C:/ST/STM32CubeIDE_1.17.0/STM32CubeIDE/plugins/com.st.stm32cube.ide.mcu.externaltools.gnu-tools-for-stm32.12.3.rel1.win32_1.1.0.202410251130/tools/bin/../lib/gcc/arm-none-eabi/12.3.1/../../../../arm-none-eabi/lib/thumb/v8-m.main+fp/hard\libm.a
END GROUP
START GROUP
LOAD C:/ST/STM32CubeIDE_1.17.0/STM32CubeIDE/plugins/com.st.stm32cube.ide.mcu.externaltools.gnu-tools-for-stm32.12.3.rel1.win32_1.1.0.202410251130/tools/bin/../lib/gcc/arm-none-eabi/12.3.1/thumb/v8-m.main+fp/hard\libgcc.a
LOAD C:/ST/STM32CubeIDE_1.17.0/STM32CubeIDE/plugins/com.st.stm32cube.ide.mcu.externaltools.gnu-tools-for-stm32.12.3.rel1.win32_1.1.0.202410251130/tools/bin/../lib/gcc/arm-none-eabi/12.3.1/../../../../arm-none-eabi/lib/thumb/v8-m.main+fp/hard\libc_nano.a
END GROUP
START GROUP
LOAD C:/ST/STM32CubeIDE_1.17.0/STM32CubeIDE/plugins/com.st.stm32cube.ide.mcu.externaltools.gnu-tools-for-stm32.12.3.rel1.win32_1.1.0.202410251130/tools/bin/../lib/gcc/arm-none-eabi/12.3.1/thumb/v8-m.main+fp/hard\libgcc.a
LOAD C:/ST/STM32CubeIDE_1.17.0/STM32CubeIDE/plugins/com.st.stm32cube.ide.mcu.externaltools.gnu-tools-for-stm32.12.3.rel1.win32_1.1.0.202410251130/tools/bin/../lib/gcc/arm-none-eabi/12.3.1/../../../../arm-none-eabi/lib/thumb/v8-m.main+fp/hard\libc_nano.a
LOAD C:/ST/STM32CubeIDE_1.17.0/STM32CubeIDE/plugins/com.st.stm32cube.ide.mcu.externaltools.gnu-tools-for-stm32.12.3.rel1.win32_1.1.0.202410251130/tools/bin/../lib/gcc/arm-none-eabi/12.3.1/../../../../arm-none-eabi/lib/thumb/v8-m.main+fp/hard\libnosys.a
END GROUP
START GROUP
LOAD C:/ST/STM32CubeIDE_1.17.0/STM32CubeIDE/plugins/com.st.stm32cube.ide.mcu.externaltools.gnu-tools-for-stm32.12.3.rel1.win32_1.1.0.202410251130/tools/bin/../lib/gcc/arm-none-eabi/12.3.1/thumb/v8-m.main+fp/hard\libgcc.a
LOAD C:/ST/STM32CubeIDE_1.17.0/STM32CubeIDE/plugins/com.st.stm32cube.ide.mcu.externaltools.gnu-tools-for-stm32.12.3.rel1.win32_1.1.0.202410251130/tools/bin/../lib/gcc/arm-none-eabi/12.3.1/../../../../arm-none-eabi/lib/thumb/v8-m.main+fp/hard\libc_nano.a
LOAD C:/ST/STM32CubeIDE_1.17.0/STM32CubeIDE/plugins/com.st.stm32cube.ide.mcu.externaltools.gnu-tools-for-stm32.12.3.rel1.win32_1.1.0.202410251130/tools/bin/../lib/gcc/arm-none-eabi/12.3.1/../../../../arm-none-eabi/lib/thumb/v8-m.main+fp/hard\libnosys.a
END GROUP
LOAD C:/ST/STM32CubeIDE_1.17.0/STM32CubeIDE/plugins/com.st.stm32cube.ide.mcu.externaltools.gnu-tools-for-stm32.12.3.rel1.win32_1.1.0.202410251130/tools/bin/../lib/gcc/arm-none-eabi/12.3.1/thumb/v8-m.main+fp/hard/crtend.o
LOAD C:/ST/STM32CubeIDE_1.17.0/STM32CubeIDE/plugins/com.st.stm32cube.ide.mcu.externaltools.gnu-tools-for-stm32.12.3.rel1.win32_1.1.0.202410251130/tools/bin/../lib/gcc/arm-none-eabi/12.3.1/thumb/v8-m.main+fp/hard/crtn.o
                0x20040000                        _estack = (ORIGIN (RAM) + LENGTH (RAM))
                0x00000200                        _Min_Heap_Size = 0x200
                0x00000400                        _Min_Stack_Size = 0x400

.isr_vector     0x08000000      0x238
 *(.isr_vector)
 .isr_vector    0x08000000      0x238 ./Core/Startup/startup_stm32u545retxq.o
                0x08000000                g_pfnVectors

.text           0x08000238     0xbefc
 *(.text)
 .text          0x08000238       0x40 C:/ST/STM32CubeIDE_1.17.0/STM32CubeIDE/plugins/com.st.stm32cube.ide.mcu.externaltools.gnu-tools-for-stm32.12.3.rel1.win32_1.1.0.202410251130/tools/bin/../lib/gcc/arm-none-eabi/12.3.1/thumb/v8-m.main+fp/hard/crtbegin.o
 .text          0x08000278       0x80 C:\Users\buchwald\STM32CubeIDE\workspace_1.17.0\WindowSensorsSTM\HelloWorldWithAccount\Middlewares\ST\STM32_Cryptographic\lib\libSTM32Cryptographic_CM7.a(cmox_init.c.o)
                0x08000278                cmox_initialize
 .text          0x080002f8       0x10 C:/ST/STM32CubeIDE_1.17.0/STM32CubeIDE/plugins/com.st.stm32cube.ide.mcu.externaltools.gnu-tools-for-stm32.12.3.rel1.win32_1.1.0.202410251130/tools/bin/../lib/gcc/arm-none-eabi/12.3.1/../../../../arm-none-eabi/lib/thumb/v8-m.main+fp/hard\libc_nano.a(libc_a-strlen.o)
                0x080002f8                strlen
 .text          0x08000308      0x378 C:/ST/STM32CubeIDE_1.17.0/STM32CubeIDE/plugins/com.st.stm32cube.ide.mcu.externaltools.gnu-tools-for-stm32.12.3.rel1.win32_1.1.0.202410251130/tools/bin/../lib/gcc/arm-none-eabi/12.3.1/thumb/v8-m.main+fp/hard\libgcc.a(_arm_addsubdf3.o)
                0x08000308                __aeabi_drsub
                0x08000310                __aeabi_dsub
                0x08000310                __subdf3
                0x08000314                __aeabi_dadd
                0x08000314                __adddf3
                0x0800058c                __floatunsidf
                0x0800058c                __aeabi_ui2d
                0x080005ac                __floatsidf
                0x080005ac                __aeabi_i2d
                0x080005d0                __aeabi_f2d
                0x080005d0                __extendsfdf2
                0x08000614                __floatundidf
                0x08000614                __aeabi_ul2d
                0x08000624                __floatdidf
                0x08000624                __aeabi_l2d
 .text          0x08000680      0x424 C:/ST/STM32CubeIDE_1.17.0/STM32CubeIDE/plugins/com.st.stm32cube.ide.mcu.externaltools.gnu-tools-for-stm32.12.3.rel1.win32_1.1.0.202410251130/tools/bin/../lib/gcc/arm-none-eabi/12.3.1/thumb/v8-m.main+fp/hard\libgcc.a(_arm_muldivdf3.o)
                0x08000680                __aeabi_dmul
                0x08000680                __muldf3
                0x080008d4                __divdf3
                0x080008d4                __aeabi_ddiv
 .text          0x08000aa4      0x110 C:/ST/STM32CubeIDE_1.17.0/STM32CubeIDE/plugins/com.st.stm32cube.ide.mcu.externaltools.gnu-tools-for-stm32.12.3.rel1.win32_1.1.0.202410251130/tools/bin/../lib/gcc/arm-none-eabi/12.3.1/thumb/v8-m.main+fp/hard\libgcc.a(_arm_cmpdf2.o)
                0x08000aa4                __gtdf2
                0x08000aa4                __gedf2
                0x08000aac                __ltdf2
                0x08000aac                __ledf2
                0x08000ab4                __nedf2
                0x08000ab4                __eqdf2
                0x08000ab4                __cmpdf2
                0x08000b30                __aeabi_cdrcmple
                0x08000b40                __aeabi_cdcmpeq
                0x08000b40                __aeabi_cdcmple
                0x08000b50                __aeabi_dcmpeq
                0x08000b64                __aeabi_dcmplt
                0x08000b78                __aeabi_dcmple
                0x08000b8c                __aeabi_dcmpge
                0x08000ba0                __aeabi_dcmpgt
 .text          0x08000bb4       0x50 C:/ST/STM32CubeIDE_1.17.0/STM32CubeIDE/plugins/com.st.stm32cube.ide.mcu.externaltools.gnu-tools-for-stm32.12.3.rel1.win32_1.1.0.202410251130/tools/bin/../lib/gcc/arm-none-eabi/12.3.1/thumb/v8-m.main+fp/hard\libgcc.a(_arm_fixdfsi.o)
                0x08000bb4                __aeabi_d2iz
                0x08000bb4                __fixdfsi
 .text          0x08000c04       0x40 C:/ST/STM32CubeIDE_1.17.0/STM32CubeIDE/plugins/com.st.stm32cube.ide.mcu.externaltools.gnu-tools-for-stm32.12.3.rel1.win32_1.1.0.202410251130/tools/bin/../lib/gcc/arm-none-eabi/12.3.1/thumb/v8-m.main+fp/hard\libgcc.a(_arm_fixunsdfsi.o)
                0x08000c04                __aeabi_d2uiz
                0x08000c04                __fixunsdfsi
 *(.text*)
 .text.startSystem
                0x08000c44      0x104 ./Core/Src/WindowSensors/WindowSensorSystem.o
                0x08000c44                startSystem
 .text.initialiseSystem
                0x08000d48       0x84 ./Core/Src/WindowSensors/WindowSensorSystem.o
                0x08000d48                initialiseSystem
 .text.checkWindow1Status
                0x08000dcc       0x24 ./Core/Src/WindowSensors/gpio_control.o
                0x08000dcc                checkWindow1Status
 .text.checkWindow2Status
                0x08000df0       0x20 ./Core/Src/WindowSensors/gpio_control.o
                0x08000df0                checkWindow2Status
 .text.checkWindow3Status
                0x08000e10       0x20 ./Core/Src/WindowSensors/gpio_control.o
                0x08000e10                checkWindow3Status
 .text.handleNewMessage
                0x08000e30      0x15c ./Core/Src/WindowSensors/message_handler.o
                0x08000e30                handleNewMessage
 .text.decodeMessage
                0x08000f8c       0x18 ./Core/Src/WindowSensors/message_handler.o
                0x08000f8c                decodeMessage
 .text.handleAcknowledgementMessage
                0x08000fa4       0x78 ./Core/Src/WindowSensors/message_handler.o
                0x08000fa4                handleAcknowledgementMessage
 .text.handleUpdateStatusMessage
                0x0800101c       0xd0 ./Core/Src/WindowSensors/message_handler.o
                0x0800101c                handleUpdateStatusMessage
 .text.initQueue
                0x080010ec       0x28 ./Core/Src/WindowSensors/pointer_queue.o
                0x080010ec                initQueue
 .text.isFull   0x08001114       0x22 ./Core/Src/WindowSensors/pointer_queue.o
                0x08001114                isFull
 .text.isEmpty  0x08001136       0x22 ./Core/Src/WindowSensors/pointer_queue.o
                0x08001136                isEmpty
 .text.enqueue  0x08001158       0x68 ./Core/Src/WindowSensors/pointer_queue.o
                0x08001158                enqueue
 .text.dequeue  0x080011c0       0x64 ./Core/Src/WindowSensors/pointer_queue.o
                0x080011c0                dequeue
 .text.initRadioCommunication
                0x08001224       0xdc ./Core/Src/WindowSensors/radioUtils.o
                0x08001224                initRadioCommunication
 .text.send_window_status_update
                0x08001300      0x224 ./Core/Src/WindowSensors/radioUtils.o
                0x08001300                send_window_status_update
 .text.getSequenceNumber
                0x08001524       0x8c ./Core/Src/WindowSensors/radioUtils.o
                0x08001524                getSequenceNumber
 .text.OnTxDone
                0x080015b0       0x28 ./Core/Src/WindowSensors/radioUtils.o
                0x080015b0                OnTxDone
 .text.OnRxDone
                0x080015d8       0x48 ./Core/Src/WindowSensors/radioUtils.o
                0x080015d8                OnRxDone
 .text.OnTxTimeout
                0x08001620       0x2c ./Core/Src/WindowSensors/radioUtils.o
                0x08001620                OnTxTimeout
 .text.OnRxTimeout
                0x0800164c       0x28 ./Core/Src/WindowSensors/radioUtils.o
                0x0800164c                OnRxTimeout
 .text.OnRxError
                0x08001674       0x2c ./Core/Src/WindowSensors/radioUtils.o
                0x08001674                OnRxError
 .text.cmox_ll_init
                0x080016a0       0x44 ./Core/Src/cmox_low_level_template.o
                0x080016a0                cmox_ll_init
 .text.main     0x080016e4       0x2e ./Core/Src/main.o
                0x080016e4                main
 .text.SystemClock_Config
                0x08001712       0x9c ./Core/Src/main.o
                0x08001712                SystemClock_Config
 .text.SystemPower_Config
                0x080017ae       0x18 ./Core/Src/main.o
 *fill*         0x080017c6        0x2 
 .text.MX_AES_Init
                0x080017c8       0x5c ./Core/Src/main.o
 .text.MX_LPDMA1_Init
                0x08001824       0x7c ./Core/Src/main.o
 .text.MX_RTC_Init
                0x080018a0       0x9c ./Core/Src/main.o
 .text.MX_SPI1_Init
                0x0800193c       0xdc ./Core/Src/main.o
 .text.MX_GPIO_Init
                0x08001a18       0xf0 ./Core/Src/main.o
 .text.Error_Handler
                0x08001b08        0xc ./Core/Src/main.o
                0x08001b08                Error_Handler
 .text.HAL_MspInit
                0x08001b14       0x34 ./Core/Src/stm32u5xx_hal_msp.o
                0x08001b14                HAL_MspInit
 .text.HAL_CRYP_MspInit
                0x08001b48       0x44 ./Core/Src/stm32u5xx_hal_msp.o
                0x08001b48                HAL_CRYP_MspInit
 .text.HAL_RTC_MspInit
                0x08001b8c       0x98 ./Core/Src/stm32u5xx_hal_msp.o
                0x08001b8c                HAL_RTC_MspInit
 .text.HAL_SPI_MspInit
                0x08001c24       0xd4 ./Core/Src/stm32u5xx_hal_msp.o
                0x08001c24                HAL_SPI_MspInit
 .text.NMI_Handler
                0x08001cf8        0x8 ./Core/Src/stm32u5xx_it.o
                0x08001cf8                NMI_Handler
 .text.HardFault_Handler
                0x08001d00        0x8 ./Core/Src/stm32u5xx_it.o
                0x08001d00                HardFault_Handler
 .text.MemManage_Handler
                0x08001d08        0x8 ./Core/Src/stm32u5xx_it.o
                0x08001d08                MemManage_Handler
 .text.BusFault_Handler
                0x08001d10        0x8 ./Core/Src/stm32u5xx_it.o
                0x08001d10                BusFault_Handler
 .text.UsageFault_Handler
                0x08001d18        0x8 ./Core/Src/stm32u5xx_it.o
                0x08001d18                UsageFault_Handler
 .text.SVC_Handler
                0x08001d20        0xe ./Core/Src/stm32u5xx_it.o
                0x08001d20                SVC_Handler
 .text.DebugMon_Handler
                0x08001d2e        0xe ./Core/Src/stm32u5xx_it.o
                0x08001d2e                DebugMon_Handler
 .text.PendSV_Handler
                0x08001d3c        0xe ./Core/Src/stm32u5xx_it.o
                0x08001d3c                PendSV_Handler
 .text.SysTick_Handler
                0x08001d4a        0xc ./Core/Src/stm32u5xx_it.o
                0x08001d4a                SysTick_Handler
 .text._read    0x08001d56       0x3a ./Core/Src/syscalls.o
                0x08001d56                _read
 .text._write   0x08001d90       0x38 ./Core/Src/syscalls.o
                0x08001d90                _write
 .text._close   0x08001dc8       0x18 ./Core/Src/syscalls.o
                0x08001dc8                _close
 .text._fstat   0x08001de0       0x20 ./Core/Src/syscalls.o
                0x08001de0                _fstat
 .text._isatty  0x08001e00       0x16 ./Core/Src/syscalls.o
                0x08001e00                _isatty
 .text._lseek   0x08001e16       0x1a ./Core/Src/syscalls.o
                0x08001e16                _lseek
 .text._sbrk    0x08001e30       0x6c ./Core/Src/sysmem.o
                0x08001e30                _sbrk
 .text.SystemInit
                0x08001e9c       0x70 ./Core/Src/system_stm32u5xx.o
                0x08001e9c                SystemInit
 .text.Reset_Handler
                0x08001f0c       0x50 ./Core/Startup/startup_stm32u545retxq.o
                0x08001f0c                Reset_Handler
 .text.Default_Handler
                0x08001f5c        0x2 ./Core/Startup/startup_stm32u545retxq.o
                0x08001f5c                TIM8_TRG_COM_IRQHandler
                0x08001f5c                TIM8_CC_IRQHandler
                0x08001f5c                FLASH_S_IRQHandler
                0x08001f5c                TIM1_CC_IRQHandler
                0x08001f5c                TSC_IRQHandler
                0x08001f5c                TAMP_IRQHandler
                0x08001f5c                TIM6_IRQHandler
                0x08001f5c                CORDIC_IRQHandler
                0x08001f5c                LPTIM4_IRQHandler
                0x08001f5c                GPDMA1_Channel5_IRQHandler
                0x08001f5c                LPTIM2_IRQHandler
                0x08001f5c                I2C3_ER_IRQHandler
                0x08001f5c                PWR_S3WU_IRQHandler
                0x08001f5c                LPDMA1_Channel3_IRQHandler
                0x08001f5c                LPTIM3_IRQHandler
                0x08001f5c                I2C2_EV_IRQHandler
                0x08001f5c                FPU_IRQHandler
                0x08001f5c                GPDMA1_Channel3_IRQHandler
                0x08001f5c                GPDMA1_Channel7_IRQHandler
                0x08001f5c                FDCAN1_IT1_IRQHandler
                0x08001f5c                RAMCFG_IRQHandler
                0x08001f5c                GPDMA1_Channel9_IRQHandler
                0x08001f5c                DCACHE1_IRQHandler
                0x08001f5c                SPI1_IRQHandler
                0x08001f5c                OCTOSPI1_IRQHandler
                0x08001f5c                GPDMA1_Channel2_IRQHandler
                0x08001f5c                TIM8_UP_IRQHandler
                0x08001f5c                RCC_S_IRQHandler
                0x08001f5c                MDF1_FLT1_IRQHandler
                0x08001f5c                ADC1_IRQHandler
                0x08001f5c                PKA_IRQHandler
                0x08001f5c                TIM17_IRQHandler
                0x08001f5c                USART3_IRQHandler
                0x08001f5c                UART5_IRQHandler
                0x08001f5c                TIM4_IRQHandler
                0x08001f5c                I2C1_EV_IRQHandler
                0x08001f5c                GPDMA1_Channel12_IRQHandler
                0x08001f5c                GPDMA1_Channel1_IRQHandler
                0x08001f5c                TIM16_IRQHandler
                0x08001f5c                GPDMA1_Channel15_IRQHandler
                0x08001f5c                UART4_IRQHandler
                0x08001f5c                SecureFault_Handler
                0x08001f5c                TIM3_IRQHandler
                0x08001f5c                RCC_IRQHandler
                0x08001f5c                TIM1_TRG_COM_IRQHandler
                0x08001f5c                Default_Handler
                0x08001f5c                GPDMA1_Channel8_IRQHandler
                0x08001f5c                FMAC_IRQHandler
                0x08001f5c                OTFDEC1_IRQHandler
                0x08001f5c                GPDMA1_Channel11_IRQHandler
                0x08001f5c                TIM7_IRQHandler
                0x08001f5c                SDMMC1_IRQHandler
                0x08001f5c                SAES_IRQHandler
                0x08001f5c                TIM5_IRQHandler
                0x08001f5c                GPDMA1_Channel0_IRQHandler
                0x08001f5c                TIM15_IRQHandler
                0x08001f5c                I2C3_EV_IRQHandler
                0x08001f5c                USB_IRQHandler
                0x08001f5c                LPDMA1_Channel0_IRQHandler
                0x08001f5c                PVD_PVM_IRQHandler
                0x08001f5c                SPI2_IRQHandler
                0x08001f5c                LPDMA1_Channel1_IRQHandler
                0x08001f5c                CRS_IRQHandler
                0x08001f5c                GPDMA1_Channel14_IRQHandler
                0x08001f5c                LSECSSD_IRQHandler
                0x08001f5c                RTC_S_IRQHandler
                0x08001f5c                GPDMA1_Channel13_IRQHandler
                0x08001f5c                RNG_IRQHandler
                0x08001f5c                COMP_IRQHandler
                0x08001f5c                TIM1_UP_IRQHandler
                0x08001f5c                ADC4_IRQHandler
                0x08001f5c                WWDG_IRQHandler
                0x08001f5c                I2C4_EV_IRQHandler
                0x08001f5c                ADF1_IRQHandler
                0x08001f5c                IWDG_IRQHandler
                0x08001f5c                LPUART1_IRQHandler
                0x08001f5c                MDF1_FLT0_IRQHandler
                0x08001f5c                FDCAN1_IT0_IRQHandler
                0x08001f5c                TIM2_IRQHandler
                0x08001f5c                GPDMA1_Channel4_IRQHandler
                0x08001f5c                TIM1_BRK_IRQHandler
                0x08001f5c                AES_IRQHandler
                0x08001f5c                DAC1_IRQHandler
                0x08001f5c                GTZC_IRQHandler
                0x08001f5c                GPDMA1_Channel6_IRQHandler
                0x08001f5c                I2C2_ER_IRQHandler
                0x08001f5c                TIM8_BRK_IRQHandler
                0x08001f5c                FLASH_IRQHandler
                0x08001f5c                USART1_IRQHandler
                0x08001f5c                SPI3_IRQHandler
                0x08001f5c                LPDMA1_Channel2_IRQHandler
                0x08001f5c                I2C1_ER_IRQHandler
                0x08001f5c                LPTIM1_IRQHandler
                0x08001f5c                DCMI_PSSI_IRQHandler
                0x08001f5c                I2C4_ER_IRQHandler
                0x08001f5c                GPDMA1_Channel10_IRQHandler
                0x08001f5c                ICACHE_IRQHandler
                0x08001f5c                SAI1_IRQHandler
                0x08001f5c                HASH_IRQHandler
 *fill*         0x08001f5e        0x2 
 .text.HAL_Init
                0x08001f60       0x60 ./Drivers/STM32U5xx_HAL_Driver/Src/stm32u5xx_hal.o
                0x08001f60                HAL_Init
 .text.HAL_InitTick
                0x08001fc0       0xec ./Drivers/STM32U5xx_HAL_Driver/Src/stm32u5xx_hal.o
                0x08001fc0                HAL_InitTick
 .text.HAL_IncTick
                0x080020ac       0x28 ./Drivers/STM32U5xx_HAL_Driver/Src/stm32u5xx_hal.o
                0x080020ac                HAL_IncTick
 .text.HAL_GetTick
                0x080020d4       0x18 ./Drivers/STM32U5xx_HAL_Driver/Src/stm32u5xx_hal.o
                0x080020d4                HAL_GetTick
 .text.HAL_Delay
                0x080020ec       0x48 ./Drivers/STM32U5xx_HAL_Driver/Src/stm32u5xx_hal.o
                0x080020ec                HAL_Delay
 .text.__NVIC_SetPriorityGrouping
                0x08002134       0x48 ./Drivers/STM32U5xx_HAL_Driver/Src/stm32u5xx_hal_cortex.o
 .text.__NVIC_GetPriorityGrouping
                0x0800217c       0x1c ./Drivers/STM32U5xx_HAL_Driver/Src/stm32u5xx_hal_cortex.o
 .text.__NVIC_EnableIRQ
                0x08002198       0x3c ./Drivers/STM32U5xx_HAL_Driver/Src/stm32u5xx_hal_cortex.o
 .text.__NVIC_SetPriority
                0x080021d4       0x54 ./Drivers/STM32U5xx_HAL_Driver/Src/stm32u5xx_hal_cortex.o
 .text.NVIC_EncodePriority
                0x08002228       0x66 ./Drivers/STM32U5xx_HAL_Driver/Src/stm32u5xx_hal_cortex.o
 .text.HAL_NVIC_SetPriorityGrouping
                0x0800228e       0x16 ./Drivers/STM32U5xx_HAL_Driver/Src/stm32u5xx_hal_cortex.o
                0x0800228e                HAL_NVIC_SetPriorityGrouping
 .text.HAL_NVIC_SetPriority
                0x080022a4       0x34 ./Drivers/STM32U5xx_HAL_Driver/Src/stm32u5xx_hal_cortex.o
                0x080022a4                HAL_NVIC_SetPriority
 .text.HAL_NVIC_EnableIRQ
                0x080022d8       0x1c ./Drivers/STM32U5xx_HAL_Driver/Src/stm32u5xx_hal_cortex.o
                0x080022d8                HAL_NVIC_EnableIRQ
 .text.HAL_SYSTICK_Config
                0x080022f4       0x44 ./Drivers/STM32U5xx_HAL_Driver/Src/stm32u5xx_hal_cortex.o
                0x080022f4                HAL_SYSTICK_Config
 .text.HAL_SYSTICK_CLKSourceConfig
                0x08002338       0xb0 ./Drivers/STM32U5xx_HAL_Driver/Src/stm32u5xx_hal_cortex.o
                0x08002338                HAL_SYSTICK_CLKSourceConfig
 .text.HAL_SYSTICK_GetCLKSourceConfig
                0x080023e8       0x74 ./Drivers/STM32U5xx_HAL_Driver/Src/stm32u5xx_hal_cortex.o
                0x080023e8                HAL_SYSTICK_GetCLKSourceConfig
 .text.HAL_CRYP_Init
                0x0800245c      0x178 ./Drivers/STM32U5xx_HAL_Driver/Src/stm32u5xx_hal_cryp.o
                0x0800245c                HAL_CRYP_Init
 .text.HAL_DMA_ConfigChannelAttributes
                0x080025d4       0x78 ./Drivers/STM32U5xx_HAL_Driver/Src/stm32u5xx_hal_dma.o
                0x080025d4                HAL_DMA_ConfigChannelAttributes
 .text.HAL_DMAEx_List_Init
                0x0800264c      0x258 ./Drivers/STM32U5xx_HAL_Driver/Src/stm32u5xx_hal_dma_ex.o
                0x0800264c                HAL_DMAEx_List_Init
 .text.DMA_List_Init
                0x080028a4      0x2b0 ./Drivers/STM32U5xx_HAL_Driver/Src/stm32u5xx_hal_dma_ex.o
 .text.HAL_GPIO_Init
                0x08002b54      0x3b0 ./Drivers/STM32U5xx_HAL_Driver/Src/stm32u5xx_hal_gpio.o
                0x08002b54                HAL_GPIO_Init
 .text.HAL_GPIO_ReadPin
                0x08002f04       0x30 ./Drivers/STM32U5xx_HAL_Driver/Src/stm32u5xx_hal_gpio.o
                0x08002f04                HAL_GPIO_ReadPin
 .text.HAL_GPIO_WritePin
                0x08002f34       0x30 ./Drivers/STM32U5xx_HAL_Driver/Src/stm32u5xx_hal_gpio.o
                0x08002f34                HAL_GPIO_WritePin
 .text.HAL_GPIO_EXTI_IRQHandler
                0x08002f64       0x4c ./Drivers/STM32U5xx_HAL_Driver/Src/stm32u5xx_hal_gpio.o
                0x08002f64                HAL_GPIO_EXTI_IRQHandler
 .text.HAL_GPIO_EXTI_Falling_Callback
                0x08002fb0       0x16 ./Drivers/STM32U5xx_HAL_Driver/Src/stm32u5xx_hal_gpio.o
                0x08002fb0                HAL_GPIO_EXTI_Falling_Callback
 *fill*         0x08002fc6        0x2 
 .text.HAL_PWREx_ControlVoltageScaling
                0x08002fc8       0xfc ./Drivers/STM32U5xx_HAL_Driver/Src/stm32u5xx_hal_pwr_ex.o
                0x08002fc8                HAL_PWREx_ControlVoltageScaling
 .text.HAL_PWREx_GetVoltageRange
                0x080030c4       0x1c ./Drivers/STM32U5xx_HAL_Driver/Src/stm32u5xx_hal_pwr_ex.o
                0x080030c4                HAL_PWREx_GetVoltageRange
 .text.HAL_PWREx_ConfigSupply
                0x080030e0       0xa0 ./Drivers/STM32U5xx_HAL_Driver/Src/stm32u5xx_hal_pwr_ex.o
                0x080030e0                HAL_PWREx_ConfigSupply
 .text.HAL_RCC_OscConfig
                0x08003180      0xdb8 ./Drivers/STM32U5xx_HAL_Driver/Src/stm32u5xx_hal_rcc.o
                0x08003180                HAL_RCC_OscConfig
 .text.HAL_RCC_ClockConfig
                0x08003f38      0x3e4 ./Drivers/STM32U5xx_HAL_Driver/Src/stm32u5xx_hal_rcc.o
                0x08003f38                HAL_RCC_ClockConfig
 .text.HAL_RCC_GetSysClockFreq
                0x0800431c      0x204 ./Drivers/STM32U5xx_HAL_Driver/Src/stm32u5xx_hal_rcc.o
                0x0800431c                HAL_RCC_GetSysClockFreq
 .text.HAL_RCC_GetHCLKFreq
                0x08004520       0x34 ./Drivers/STM32U5xx_HAL_Driver/Src/stm32u5xx_hal_rcc.o
                0x08004520                HAL_RCC_GetHCLKFreq
 .text.RCC_SetFlashLatencyFromMSIRange
                0x08004554      0x10c ./Drivers/STM32U5xx_HAL_Driver/Src/stm32u5xx_hal_rcc.o
 .text.HAL_RCCEx_PeriphCLKConfig
                0x08004660      0xa7c ./Drivers/STM32U5xx_HAL_Driver/Src/stm32u5xx_hal_rcc_ex.o
                0x08004660                HAL_RCCEx_PeriphCLKConfig
 .text.RCCEx_PLL2_Config
                0x080050dc      0x130 ./Drivers/STM32U5xx_HAL_Driver/Src/stm32u5xx_hal_rcc_ex.o
 .text.RCCEx_PLL3_Config
                0x0800520c      0x130 ./Drivers/STM32U5xx_HAL_Driver/Src/stm32u5xx_hal_rcc_ex.o
 .text.HAL_RTC_Init
                0x0800533c      0x114 ./Drivers/STM32U5xx_HAL_Driver/Src/stm32u5xx_hal_rtc.o
                0x0800533c                HAL_RTC_Init
 .text.HAL_RTC_SetTime
                0x08005450      0x138 ./Drivers/STM32U5xx_HAL_Driver/Src/stm32u5xx_hal_rtc.o
                0x08005450                HAL_RTC_SetTime
 .text.HAL_RTC_GetTime
                0x08005588       0xe4 ./Drivers/STM32U5xx_HAL_Driver/Src/stm32u5xx_hal_rtc.o
                0x08005588                HAL_RTC_GetTime
 .text.HAL_RTC_SetDate
                0x0800566c      0x10c ./Drivers/STM32U5xx_HAL_Driver/Src/stm32u5xx_hal_rtc.o
                0x0800566c                HAL_RTC_SetDate
 .text.HAL_RTC_GetDate
                0x08005778       0x9c ./Drivers/STM32U5xx_HAL_Driver/Src/stm32u5xx_hal_rtc.o
                0x08005778                HAL_RTC_GetDate
 .text.HAL_RTC_SetAlarm_IT
                0x08005814      0x200 ./Drivers/STM32U5xx_HAL_Driver/Src/stm32u5xx_hal_rtc.o
                0x08005814                HAL_RTC_SetAlarm_IT
 .text.HAL_RTC_DeactivateAlarm
                0x08005a14       0x84 ./Drivers/STM32U5xx_HAL_Driver/Src/stm32u5xx_hal_rtc.o
                0x08005a14                HAL_RTC_DeactivateAlarm
 .text.HAL_RTC_GetAlarm
                0x08005a98      0x17c ./Drivers/STM32U5xx_HAL_Driver/Src/stm32u5xx_hal_rtc.o
                0x08005a98                HAL_RTC_GetAlarm
 .text.HAL_RTC_AlarmIRQHandler
                0x08005c14       0x50 ./Drivers/STM32U5xx_HAL_Driver/Src/stm32u5xx_hal_rtc.o
                0x08005c14                HAL_RTC_AlarmIRQHandler
 .text.HAL_RTC_AlarmAEventCallback
                0x08005c64       0x14 ./Drivers/STM32U5xx_HAL_Driver/Src/stm32u5xx_hal_rtc.o
                0x08005c64                HAL_RTC_AlarmAEventCallback
 .text.HAL_RTC_WaitForSynchro
                0x08005c78       0x64 ./Drivers/STM32U5xx_HAL_Driver/Src/stm32u5xx_hal_rtc.o
                0x08005c78                HAL_RTC_WaitForSynchro
 .text.RTC_EnterInitMode
                0x08005cdc       0x78 ./Drivers/STM32U5xx_HAL_Driver/Src/stm32u5xx_hal_rtc.o
                0x08005cdc                RTC_EnterInitMode
 .text.RTC_ExitInitMode
                0x08005d54       0x7c ./Drivers/STM32U5xx_HAL_Driver/Src/stm32u5xx_hal_rtc.o
                0x08005d54                RTC_ExitInitMode
 .text.RTC_ByteToBcd2
                0x08005dd0       0x40 ./Drivers/STM32U5xx_HAL_Driver/Src/stm32u5xx_hal_rtc.o
                0x08005dd0                RTC_ByteToBcd2
 .text.RTC_Bcd2ToByte
                0x08005e10       0x38 ./Drivers/STM32U5xx_HAL_Driver/Src/stm32u5xx_hal_rtc.o
                0x08005e10                RTC_Bcd2ToByte
 .text.HAL_RTCEx_DeactivateWakeUpTimer
                0x08005e48       0x5c ./Drivers/STM32U5xx_HAL_Driver/Src/stm32u5xx_hal_rtc_ex.o
                0x08005e48                HAL_RTCEx_DeactivateWakeUpTimer
 .text.HAL_RTCEx_AlarmBEventCallback
                0x08005ea4       0x14 ./Drivers/STM32U5xx_HAL_Driver/Src/stm32u5xx_hal_rtc_ex.o
                0x08005ea4                HAL_RTCEx_AlarmBEventCallback
 .text.HAL_RTCEx_PrivilegeModeSet
                0x08005eb8       0x5c ./Drivers/STM32U5xx_HAL_Driver/Src/stm32u5xx_hal_rtc_ex.o
                0x08005eb8                HAL_RTCEx_PrivilegeModeSet
 .text.HAL_SPI_Init
                0x08005f14      0x22c ./Drivers/STM32U5xx_HAL_Driver/Src/stm32u5xx_hal_spi.o
                0x08005f14                HAL_SPI_Init
 .text.HAL_SPI_Transmit
                0x08006140      0x428 ./Drivers/STM32U5xx_HAL_Driver/Src/stm32u5xx_hal_spi.o
                0x08006140                HAL_SPI_Transmit
 .text.HAL_SPI_Receive
                0x08006568      0x534 ./Drivers/STM32U5xx_HAL_Driver/Src/stm32u5xx_hal_spi.o
                0x08006568                HAL_SPI_Receive
 .text.HAL_SPI_GetState
                0x08006a9c       0x1c ./Drivers/STM32U5xx_HAL_Driver/Src/stm32u5xx_hal_spi.o
                0x08006a9c                HAL_SPI_GetState
 .text.SPI_CloseTransfer
                0x08006ab8      0x140 ./Drivers/STM32U5xx_HAL_Driver/Src/stm32u5xx_hal_spi.o
 .text.SPI_WaitOnFlagUntilTimeout
                0x08006bf8       0x5c ./Drivers/STM32U5xx_HAL_Driver/Src/stm32u5xx_hal_spi.o
 .text.SPI_GetPacketSize
                0x08006c54       0x36 ./Drivers/STM32U5xx_HAL_Driver/Src/stm32u5xx_hal_spi.o
 .text.HAL_SPIEx_SetConfigAutonomousMode
                0x08006c8a       0x82 ./Drivers/STM32U5xx_HAL_Driver/Src/stm32u5xx_hal_spi_ex.o
                0x08006c8a                HAL_SPIEx_SetConfigAutonomousMode
 .text.BoardInitPeriph
                0x08006d0c       0x6c ./Radio/board.o
                0x08006d0c                BoardInitPeriph
 .text.BoardInitMcu
                0x08006d78       0x50 ./Radio/board.o
                0x08006d78                BoardInitMcu
 .text.DelayMs  0x08006dc8       0x16 ./Radio/delay.o
                0x08006dc8                DelayMs
 *fill*         0x08006dde        0x2 
 .text.GpioMcuInit
                0x08006de0      0x1cc ./Radio/gpio-board.o
                0x08006de0                GpioMcuInit
 .text.GpioMcuSetInterrupt
                0x08006fac      0x284 ./Radio/gpio-board.o
                0x08006fac                GpioMcuSetInterrupt
 .text.GpioMcuWrite
                0x08007230       0x36 ./Radio/gpio-board.o
                0x08007230                GpioMcuWrite
 .text.EXTI0_IRQHandler
                0x08007266       0x12 ./Radio/gpio-board.o
                0x08007266                EXTI0_IRQHandler
 .text.EXTI1_IRQHandler
                0x08007278       0x12 ./Radio/gpio-board.o
                0x08007278                EXTI1_IRQHandler
 .text.EXTI2_IRQHandler
                0x0800728a       0x12 ./Radio/gpio-board.o
                0x0800728a                EXTI2_IRQHandler
 .text.EXTI3_IRQHandler
                0x0800729c       0x12 ./Radio/gpio-board.o
                0x0800729c                EXTI3_IRQHandler
 .text.EXTI4_IRQHandler
                0x080072ae       0x12 ./Radio/gpio-board.o
                0x080072ae                EXTI4_IRQHandler
 .text.EXTI5_IRQHandler
                0x080072c0       0x12 ./Radio/gpio-board.o
                0x080072c0                EXTI5_IRQHandler
 .text.EXTI6_IRQHandler
                0x080072d2       0x12 ./Radio/gpio-board.o
                0x080072d2                EXTI6_IRQHandler
 .text.EXTI7_IRQHandler
                0x080072e4       0x12 ./Radio/gpio-board.o
                0x080072e4                EXTI7_IRQHandler
 .text.EXTI8_IRQHandler
                0x080072f6       0x14 ./Radio/gpio-board.o
                0x080072f6                EXTI8_IRQHandler
 .text.EXTI9_IRQHandler
                0x0800730a       0x14 ./Radio/gpio-board.o
                0x0800730a                EXTI9_IRQHandler
 .text.EXTI10_IRQHandler
                0x0800731e       0x14 ./Radio/gpio-board.o
                0x0800731e                EXTI10_IRQHandler
 .text.EXTI11_IRQHandler
                0x08007332       0x14 ./Radio/gpio-board.o
                0x08007332                EXTI11_IRQHandler
 .text.EXTI12_IRQHandler
                0x08007346       0x14 ./Radio/gpio-board.o
                0x08007346                EXTI12_IRQHandler
 .text.EXTI13_IRQHandler
                0x0800735a       0x14 ./Radio/gpio-board.o
                0x0800735a                EXTI13_IRQHandler
 .text.EXTI14_IRQHandler
                0x0800736e       0x14 ./Radio/gpio-board.o
                0x0800736e                EXTI14_IRQHandler
 .text.EXTI15_IRQHandler
                0x08007382       0x14 ./Radio/gpio-board.o
                0x08007382                EXTI15_IRQHandler
 *fill*         0x08007396        0x2 
 .text.HAL_GPIO_EXTI_Rising_Callback
                0x08007398       0x4c ./Radio/gpio-board.o
                0x08007398                HAL_GPIO_EXTI_Rising_Callback
 .text.GpioInit
                0x080073e4       0x48 ./Radio/gpio.o
                0x080073e4                GpioInit
 .text.GpioSetInterrupt
                0x0800742c       0x36 ./Radio/gpio.o
                0x0800742c                GpioSetInterrupt
 .text.GpioWrite
                0x08007462       0x2a ./Radio/gpio.o
                0x08007462                GpioWrite
 .text.RtcInit  0x0800748c       0xc8 ./Radio/rtc-board.o
                0x0800748c                RtcInit
 .text.RtcSetTimeout
                0x08007554       0x16 ./Radio/rtc-board.o
                0x08007554                RtcSetTimeout
 *fill*         0x0800756a        0x2 
 .text.RtcGetAdjustedTimeoutValue
                0x0800756c       0x70 ./Radio/rtc-board.o
                0x0800756c                RtcGetAdjustedTimeoutValue
 .text.RtcGetElapsedAlarmTime
                0x080075dc       0x44 ./Radio/rtc-board.o
                0x080075dc                RtcGetElapsedAlarmTime
 .text.BlockLowPowerDuringTask
                0x08007620       0x28 ./Radio/rtc-board.o
                0x08007620                BlockLowPowerDuringTask
 .text.RtcRecoverMcuStatus
                0x08007648        0xe ./Radio/rtc-board.o
                0x08007648                RtcRecoverMcuStatus
 *fill*         0x08007656        0x2 
 .text.RtcComputeWakeUpTime
                0x08007658       0xcc ./Radio/rtc-board.o
 .text.RtcStartWakeUpAlarm
                0x08007724       0xa0 ./Radio/rtc-board.o
 *fill*         0x080077c4        0x4 
 .text.RtcComputeTimerTimeToAlarmTick
                0x080077c8      0x3a0 ./Radio/rtc-board.o
 .text.RtcConvertCalendarTickToTimerTime
                0x08007b68      0x1e8 ./Radio/rtc-board.o
 .text.RtcCheckCalendarRollOver
                0x08007d50       0x4c ./Radio/rtc-board.o
 .text.RtcGetCalendar
                0x08007d9c       0x5c ./Radio/rtc-board.o
 .text.RTC_IRQHandler
                0x08007df8       0x38 ./Radio/rtc-board.o
                0x08007df8                RTC_IRQHandler
 .text.SpiInit  0x08007e30      0x120 ./Radio/spi-board.o
                0x08007e30                SpiInit
 .text.SpiFormat
                0x08007f50       0xc2 ./Radio/spi-board.o
                0x08007f50                SpiFormat
 *fill*         0x08008012        0x2 
 .text.SX1276IoInit
                0x08008014       0xb4 ./Radio/sx1276-board.o
                0x08008014                SX1276IoInit
 .text.SX1276IoIrqInit
                0x080080c8       0x88 ./Radio/sx1276-board.o
                0x080080c8                SX1276IoIrqInit
 .text.SX1276GetPaSelect
                0x08008150       0x16 ./Radio/sx1276-board.o
                0x08008150                SX1276GetPaSelect
 *fill*         0x08008166        0x2 
 .text.SX1276SetAntSwLowPower
                0x08008168       0x3c ./Radio/sx1276-board.o
                0x08008168                SX1276SetAntSwLowPower
 .text.SX1276AntSwInit
                0x080081a4       0x3c ./Radio/sx1276-board.o
                0x080081a4                SX1276AntSwInit
 .text.SX1276AntSwDeInit
                0x080081e0       0x3c ./Radio/sx1276-board.o
                0x080081e0                SX1276AntSwDeInit
 .text.SX1276SetAntSw
                0x0800821c       0x44 ./Radio/sx1276-board.o
                0x0800821c                SX1276SetAntSw
 .text.SX1276CheckRfFrequency
                0x08008260       0x16 ./Radio/sx1276-board.o
                0x08008260                SX1276CheckRfFrequency
 .text.TimerInit
                0x08008276       0x34 ./Radio/timer.o
                0x08008276                TimerInit
 *fill*         0x080082aa        0x2 
 .text.TimerStart
                0x080082ac       0xb4 ./Radio/timer.o
                0x080082ac                TimerStart
 .text.TimerInsertTimer
                0x08008360       0xdc ./Radio/timer.o
 .text.TimerInsertNewHeadTimer
                0x0800843c       0x50 ./Radio/timer.o
 .text.TimerIrqHandler
                0x0800848c       0xb0 ./Radio/timer.o
                0x0800848c                TimerIrqHandler
 .text.TimerStop
                0x0800853c      0x140 ./Radio/timer.o
                0x0800853c                TimerStop
 .text.TimerExists
                0x0800867c       0x3c ./Radio/timer.o
 .text.TimerSetValue
                0x080086b8       0x24 ./Radio/timer.o
                0x080086b8                TimerSetValue
 .text.TimerGetValue
                0x080086dc        0xe ./Radio/timer.o
                0x080086dc                TimerGetValue
 *fill*         0x080086ea        0x2 
 .text.TimerSetTimeout
                0x080086ec       0x34 ./Radio/timer.o
 .text.memcpy1  0x08008720       0x38 ./Radio/utilities.o
                0x08008720                memcpy1
 .text.SX1276Init
                0x08008758       0xbc ./Radio/sx1276/sx1276.o
                0x08008758                SX1276Init
 .text.SX1276GetStatus
                0x08008814       0x18 ./Radio/sx1276/sx1276.o
                0x08008814                SX1276GetStatus
 *fill*         0x0800882c        0x4 
 .text.SX1276SetChannel
                0x08008830       0x6c ./Radio/sx1276/sx1276.o
                0x08008830                SX1276SetChannel
 .text.SX1276IsChannelFree
                0x0800889c       0x58 ./Radio/sx1276/sx1276.o
                0x0800889c                SX1276IsChannelFree
 .text.SX1276Random
                0x080088f4       0x5c ./Radio/sx1276/sx1276.o
                0x080088f4                SX1276Random
 .text.RxChainCalibration
                0x08008950       0xd4 ./Radio/sx1276/sx1276.o
 .text.GetFskBandwidthRegValue
                0x08008a24       0x58 ./Radio/sx1276/sx1276.o
 *fill*         0x08008a7c        0x4 
 .text.SX1276SetRxConfig
                0x08008a80      0x3c4 ./Radio/sx1276/sx1276.o
                0x08008a80                SX1276SetRxConfig
 *fill*         0x08008e44        0x4 
 .text.SX1276SetTxConfig
                0x08008e48      0x480 ./Radio/sx1276/sx1276.o
                0x08008e48                SX1276SetTxConfig
 .text.SX1276GetTimeOnAir
                0x080092c8      0x380 ./Radio/sx1276/sx1276.o
                0x080092c8                SX1276GetTimeOnAir
 .text.SX1276Send
                0x08009648      0x168 ./Radio/sx1276/sx1276.o
                0x08009648                SX1276Send
 .text.SX1276SetSleep
                0x080097b0       0x30 ./Radio/sx1276/sx1276.o
                0x080097b0                SX1276SetSleep
 .text.SX1276SetStby
                0x080097e0       0x30 ./Radio/sx1276/sx1276.o
                0x080097e0                SX1276SetStby
 .text.SX1276SetRx
                0x08009810      0x4a8 ./Radio/sx1276/sx1276.o
                0x08009810                SX1276SetRx
 .text.SX1276SetTx
                0x08009cb8       0xf0 ./Radio/sx1276/sx1276.o
                0x08009cb8                SX1276SetTx
 .text.SX1276StartCad
                0x08009da8       0x4c ./Radio/sx1276/sx1276.o
                0x08009da8                SX1276StartCad
 .text.SX1276ReadRssi
                0x08009df4       0x78 ./Radio/sx1276/sx1276.o
                0x08009df4                SX1276ReadRssi
 .text.SX1276Reset
                0x08009e6c       0x44 ./Radio/sx1276/sx1276.o
                0x08009e6c                SX1276Reset
 .text.SX1276SetOpMode
                0x08009eb0       0x5c ./Radio/sx1276/sx1276.o
                0x08009eb0                SX1276SetOpMode
 .text.SX1276SetModem
                0x08009f0c       0x84 ./Radio/sx1276/sx1276.o
                0x08009f0c                SX1276SetModem
 .text.SX1276Write
                0x08009f90       0x24 ./Radio/sx1276/sx1276.o
                0x08009f90                SX1276Write
 .text.SX1276Read
                0x08009fb4       0x22 ./Radio/sx1276/sx1276.o
                0x08009fb4                SX1276Read
 *fill*         0x08009fd6        0x2 
 .text.SX1276WriteBuffer
                0x08009fd8       0x58 ./Radio/sx1276/sx1276.o
                0x08009fd8                SX1276WriteBuffer
 .text.SX1276ReadBuffer
                0x0800a030       0x74 ./Radio/sx1276/sx1276.o
                0x0800a030                SX1276ReadBuffer
 .text.SX1276WriteFifo
                0x0800a0a4       0x20 ./Radio/sx1276/sx1276.o
                0x0800a0a4                SX1276WriteFifo
 .text.SX1276ReadFifo
                0x0800a0c4       0x20 ./Radio/sx1276/sx1276.o
                0x0800a0c4                SX1276ReadFifo
 .text.SX1276SetMaxPayloadLength
                0x0800a0e4       0x5c ./Radio/sx1276/sx1276.o
                0x0800a0e4                SX1276SetMaxPayloadLength
 .text.SX1276OnTimeoutIrq
                0x0800a140       0xdc ./Radio/sx1276/sx1276.o
                0x0800a140                SX1276OnTimeoutIrq
 .text.SX1276OnDio0Irq
                0x0800a21c      0x458 ./Radio/sx1276/sx1276.o
                0x0800a21c                SX1276OnDio0Irq
 .text.SX1276OnDio1Irq
                0x0800a674      0x1c0 ./Radio/sx1276/sx1276.o
                0x0800a674                SX1276OnDio1Irq
 *fill*         0x0800a834        0x4 
 .text.SX1276OnDio2Irq
                0x0800a838      0x17c ./Radio/sx1276/sx1276.o
                0x0800a838                SX1276OnDio2Irq
 .text.SX1276OnDio3Irq
                0x0800a9b4       0x84 ./Radio/sx1276/sx1276.o
                0x0800a9b4                SX1276OnDio3Irq
 .text.SX1276OnDio4Irq
                0x0800aa38       0x3c ./Radio/sx1276/sx1276.o
                0x0800aa38                SX1276OnDio4Irq
 .text.atoi     0x0800aa74        0x8 C:/ST/STM32CubeIDE_1.17.0/STM32CubeIDE/plugins/com.st.stm32cube.ide.mcu.externaltools.gnu-tools-for-stm32.12.3.rel1.win32_1.1.0.202410251130/tools/bin/../lib/gcc/arm-none-eabi/12.3.1/../../../../arm-none-eabi/lib/thumb/v8-m.main+fp/hard\libc_nano.a(libc_a-atoi.o)
                0x0800aa74                atoi
 .text._strtol_l.constprop.0
                0x0800aa7c       0xf4 C:/ST/STM32CubeIDE_1.17.0/STM32CubeIDE/plugins/com.st.stm32cube.ide.mcu.externaltools.gnu-tools-for-stm32.12.3.rel1.win32_1.1.0.202410251130/tools/bin/../lib/gcc/arm-none-eabi/12.3.1/../../../../arm-none-eabi/lib/thumb/v8-m.main+fp/hard\libc_nano.a(libc_a-strtol.o)
 .text.strtol   0x0800ab70       0x14 C:/ST/STM32CubeIDE_1.17.0/STM32CubeIDE/plugins/com.st.stm32cube.ide.mcu.externaltools.gnu-tools-for-stm32.12.3.rel1.win32_1.1.0.202410251130/tools/bin/../lib/gcc/arm-none-eabi/12.3.1/../../../../arm-none-eabi/lib/thumb/v8-m.main+fp/hard\libc_nano.a(libc_a-strtol.o)
                0x0800ab70                strtol
 .text.std      0x0800ab84       0x6c C:/ST/STM32CubeIDE_1.17.0/STM32CubeIDE/plugins/com.st.stm32cube.ide.mcu.externaltools.gnu-tools-for-stm32.12.3.rel1.win32_1.1.0.202410251130/tools/bin/../lib/gcc/arm-none-eabi/12.3.1/../../../../arm-none-eabi/lib/thumb/v8-m.main+fp/hard\libc_nano.a(libc_a-findfp.o)
 .text.stdio_exit_handler
                0x0800abf0       0x18 C:/ST/STM32CubeIDE_1.17.0/STM32CubeIDE/plugins/com.st.stm32cube.ide.mcu.externaltools.gnu-tools-for-stm32.12.3.rel1.win32_1.1.0.202410251130/tools/bin/../lib/gcc/arm-none-eabi/12.3.1/../../../../arm-none-eabi/lib/thumb/v8-m.main+fp/hard\libc_nano.a(libc_a-findfp.o)
 .text.cleanup_stdio
                0x0800ac08       0x40 C:/ST/STM32CubeIDE_1.17.0/STM32CubeIDE/plugins/com.st.stm32cube.ide.mcu.externaltools.gnu-tools-for-stm32.12.3.rel1.win32_1.1.0.202410251130/tools/bin/../lib/gcc/arm-none-eabi/12.3.1/../../../../arm-none-eabi/lib/thumb/v8-m.main+fp/hard\libc_nano.a(libc_a-findfp.o)
 .text.global_stdio_init.part.0
                0x0800ac48       0x3c C:/ST/STM32CubeIDE_1.17.0/STM32CubeIDE/plugins/com.st.stm32cube.ide.mcu.externaltools.gnu-tools-for-stm32.12.3.rel1.win32_1.1.0.202410251130/tools/bin/../lib/gcc/arm-none-eabi/12.3.1/../../../../arm-none-eabi/lib/thumb/v8-m.main+fp/hard\libc_nano.a(libc_a-findfp.o)
 .text.__sfp_lock_acquire
                0x0800ac84        0xc C:/ST/STM32CubeIDE_1.17.0/STM32CubeIDE/plugins/com.st.stm32cube.ide.mcu.externaltools.gnu-tools-for-stm32.12.3.rel1.win32_1.1.0.202410251130/tools/bin/../lib/gcc/arm-none-eabi/12.3.1/../../../../arm-none-eabi/lib/thumb/v8-m.main+fp/hard\libc_nano.a(libc_a-findfp.o)
                0x0800ac84                __sfp_lock_acquire
 .text.__sfp_lock_release
                0x0800ac90        0xc C:/ST/STM32CubeIDE_1.17.0/STM32CubeIDE/plugins/com.st.stm32cube.ide.mcu.externaltools.gnu-tools-for-stm32.12.3.rel1.win32_1.1.0.202410251130/tools/bin/../lib/gcc/arm-none-eabi/12.3.1/../../../../arm-none-eabi/lib/thumb/v8-m.main+fp/hard\libc_nano.a(libc_a-findfp.o)
                0x0800ac90                __sfp_lock_release
 .text.__sinit  0x0800ac9c       0x30 C:/ST/STM32CubeIDE_1.17.0/STM32CubeIDE/plugins/com.st.stm32cube.ide.mcu.externaltools.gnu-tools-for-stm32.12.3.rel1.win32_1.1.0.202410251130/tools/bin/../lib/gcc/arm-none-eabi/12.3.1/../../../../arm-none-eabi/lib/thumb/v8-m.main+fp/hard\libc_nano.a(libc_a-findfp.o)
                0x0800ac9c                __sinit
 .text._fwalk_sglue
                0x0800accc       0x3c C:/ST/STM32CubeIDE_1.17.0/STM32CubeIDE/plugins/com.st.stm32cube.ide.mcu.externaltools.gnu-tools-for-stm32.12.3.rel1.win32_1.1.0.202410251130/tools/bin/../lib/gcc/arm-none-eabi/12.3.1/../../../../arm-none-eabi/lib/thumb/v8-m.main+fp/hard\libc_nano.a(libc_a-fwalk.o)
                0x0800accc                _fwalk_sglue
 .text.printf   0x0800ad08       0x24 C:/ST/STM32CubeIDE_1.17.0/STM32CubeIDE/plugins/com.st.stm32cube.ide.mcu.externaltools.gnu-tools-for-stm32.12.3.rel1.win32_1.1.0.202410251130/tools/bin/../lib/gcc/arm-none-eabi/12.3.1/../../../../arm-none-eabi/lib/thumb/v8-m.main+fp/hard\libc_nano.a(libc_a-printf.o)
                0x0800ad08                iprintf
                0x0800ad08                printf
 .text._puts_r  0x0800ad2c       0xaa C:/ST/STM32CubeIDE_1.17.0/STM32CubeIDE/plugins/com.st.stm32cube.ide.mcu.externaltools.gnu-tools-for-stm32.12.3.rel1.win32_1.1.0.202410251130/tools/bin/../lib/gcc/arm-none-eabi/12.3.1/../../../../arm-none-eabi/lib/thumb/v8-m.main+fp/hard\libc_nano.a(libc_a-puts.o)
                0x0800ad2c                _puts_r
 *fill*         0x0800add6        0x2 
 .text.puts     0x0800add8       0x10 C:/ST/STM32CubeIDE_1.17.0/STM32CubeIDE/plugins/com.st.stm32cube.ide.mcu.externaltools.gnu-tools-for-stm32.12.3.rel1.win32_1.1.0.202410251130/tools/bin/../lib/gcc/arm-none-eabi/12.3.1/../../../../arm-none-eabi/lib/thumb/v8-m.main+fp/hard\libc_nano.a(libc_a-puts.o)
                0x0800add8                puts
 .text.snprintf
                0x0800ade8       0x68 C:/ST/STM32CubeIDE_1.17.0/STM32CubeIDE/plugins/com.st.stm32cube.ide.mcu.externaltools.gnu-tools-for-stm32.12.3.rel1.win32_1.1.0.202410251130/tools/bin/../lib/gcc/arm-none-eabi/12.3.1/../../../../arm-none-eabi/lib/thumb/v8-m.main+fp/hard\libc_nano.a(libc_a-snprintf.o)
                0x0800ade8                sniprintf
                0x0800ade8                snprintf
 .text.__sread  0x0800ae50       0x22 C:/ST/STM32CubeIDE_1.17.0/STM32CubeIDE/plugins/com.st.stm32cube.ide.mcu.externaltools.gnu-tools-for-stm32.12.3.rel1.win32_1.1.0.202410251130/tools/bin/../lib/gcc/arm-none-eabi/12.3.1/../../../../arm-none-eabi/lib/thumb/v8-m.main+fp/hard\libc_nano.a(libc_a-stdio.o)
                0x0800ae50                __sread
 .text.__swrite
                0x0800ae72       0x38 C:/ST/STM32CubeIDE_1.17.0/STM32CubeIDE/plugins/com.st.stm32cube.ide.mcu.externaltools.gnu-tools-for-stm32.12.3.rel1.win32_1.1.0.202410251130/tools/bin/../lib/gcc/arm-none-eabi/12.3.1/../../../../arm-none-eabi/lib/thumb/v8-m.main+fp/hard\libc_nano.a(libc_a-stdio.o)
                0x0800ae72                __swrite
 .text.__sseek  0x0800aeaa       0x24 C:/ST/STM32CubeIDE_1.17.0/STM32CubeIDE/plugins/com.st.stm32cube.ide.mcu.externaltools.gnu-tools-for-stm32.12.3.rel1.win32_1.1.0.202410251130/tools/bin/../lib/gcc/arm-none-eabi/12.3.1/../../../../arm-none-eabi/lib/thumb/v8-m.main+fp/hard\libc_nano.a(libc_a-stdio.o)
                0x0800aeaa                __sseek
 .text.__sclose
                0x0800aece        0x8 C:/ST/STM32CubeIDE_1.17.0/STM32CubeIDE/plugins/com.st.stm32cube.ide.mcu.externaltools.gnu-tools-for-stm32.12.3.rel1.win32_1.1.0.202410251130/tools/bin/../lib/gcc/arm-none-eabi/12.3.1/../../../../arm-none-eabi/lib/thumb/v8-m.main+fp/hard\libc_nano.a(libc_a-stdio.o)
                0x0800aece                __sclose
 .text.__swbuf_r
                0x0800aed6       0x7c C:/ST/STM32CubeIDE_1.17.0/STM32CubeIDE/plugins/com.st.stm32cube.ide.mcu.externaltools.gnu-tools-for-stm32.12.3.rel1.win32_1.1.0.202410251130/tools/bin/../lib/gcc/arm-none-eabi/12.3.1/../../../../arm-none-eabi/lib/thumb/v8-m.main+fp/hard\libc_nano.a(libc_a-wbuf.o)
                0x0800aed6                __swbuf_r
 *fill*         0x0800af52        0x2 
 .text.__swsetup_r
                0x0800af54       0xac C:/ST/STM32CubeIDE_1.17.0/STM32CubeIDE/plugins/com.st.stm32cube.ide.mcu.externaltools.gnu-tools-for-stm32.12.3.rel1.win32_1.1.0.202410251130/tools/bin/../lib/gcc/arm-none-eabi/12.3.1/../../../../arm-none-eabi/lib/thumb/v8-m.main+fp/hard\libc_nano.a(libc_a-wsetup.o)
                0x0800af54                __swsetup_r
 .text.memset   0x0800b000       0x10 C:/ST/STM32CubeIDE_1.17.0/STM32CubeIDE/plugins/com.st.stm32cube.ide.mcu.externaltools.gnu-tools-for-stm32.12.3.rel1.win32_1.1.0.202410251130/tools/bin/../lib/gcc/arm-none-eabi/12.3.1/../../../../arm-none-eabi/lib/thumb/v8-m.main+fp/hard\libc_nano.a(libc_a-memset.o)
                0x0800b000                memset
 .text._close_r
                0x0800b010       0x20 C:/ST/STM32CubeIDE_1.17.0/STM32CubeIDE/plugins/com.st.stm32cube.ide.mcu.externaltools.gnu-tools-for-stm32.12.3.rel1.win32_1.1.0.202410251130/tools/bin/../lib/gcc/arm-none-eabi/12.3.1/../../../../arm-none-eabi/lib/thumb/v8-m.main+fp/hard\libc_nano.a(libc_a-closer.o)
                0x0800b010                _close_r
 .text._lseek_r
                0x0800b030       0x24 C:/ST/STM32CubeIDE_1.17.0/STM32CubeIDE/plugins/com.st.stm32cube.ide.mcu.externaltools.gnu-tools-for-stm32.12.3.rel1.win32_1.1.0.202410251130/tools/bin/../lib/gcc/arm-none-eabi/12.3.1/../../../../arm-none-eabi/lib/thumb/v8-m.main+fp/hard\libc_nano.a(libc_a-lseekr.o)
                0x0800b030                _lseek_r
 .text._read_r  0x0800b054       0x24 C:/ST/STM32CubeIDE_1.17.0/STM32CubeIDE/plugins/com.st.stm32cube.ide.mcu.externaltools.gnu-tools-for-stm32.12.3.rel1.win32_1.1.0.202410251130/tools/bin/../lib/gcc/arm-none-eabi/12.3.1/../../../../arm-none-eabi/lib/thumb/v8-m.main+fp/hard\libc_nano.a(libc_a-readr.o)
                0x0800b054                _read_r
 .text._write_r
                0x0800b078       0x24 C:/ST/STM32CubeIDE_1.17.0/STM32CubeIDE/plugins/com.st.stm32cube.ide.mcu.externaltools.gnu-tools-for-stm32.12.3.rel1.win32_1.1.0.202410251130/tools/bin/../lib/gcc/arm-none-eabi/12.3.1/../../../../arm-none-eabi/lib/thumb/v8-m.main+fp/hard\libc_nano.a(libc_a-writer.o)
                0x0800b078                _write_r
 .text.__errno  0x0800b09c        0xc C:/ST/STM32CubeIDE_1.17.0/STM32CubeIDE/plugins/com.st.stm32cube.ide.mcu.externaltools.gnu-tools-for-stm32.12.3.rel1.win32_1.1.0.202410251130/tools/bin/../lib/gcc/arm-none-eabi/12.3.1/../../../../arm-none-eabi/lib/thumb/v8-m.main+fp/hard\libc_nano.a(libc_a-errno.o)
                0x0800b09c                __errno
 .text.__libc_init_array
                0x0800b0a8       0x48 C:/ST/STM32CubeIDE_1.17.0/STM32CubeIDE/plugins/com.st.stm32cube.ide.mcu.externaltools.gnu-tools-for-stm32.12.3.rel1.win32_1.1.0.202410251130/tools/bin/../lib/gcc/arm-none-eabi/12.3.1/../../../../arm-none-eabi/lib/thumb/v8-m.main+fp/hard\libc_nano.a(libc_a-init.o)
                0x0800b0a8                __libc_init_array
 .text.__retarget_lock_init_recursive
                0x0800b0f0        0x2 C:/ST/STM32CubeIDE_1.17.0/STM32CubeIDE/plugins/com.st.stm32cube.ide.mcu.externaltools.gnu-tools-for-stm32.12.3.rel1.win32_1.1.0.202410251130/tools/bin/../lib/gcc/arm-none-eabi/12.3.1/../../../../arm-none-eabi/lib/thumb/v8-m.main+fp/hard\libc_nano.a(libc_a-lock.o)
                0x0800b0f0                __retarget_lock_init_recursive
 .text.__retarget_lock_acquire_recursive
                0x0800b0f2        0x2 C:/ST/STM32CubeIDE_1.17.0/STM32CubeIDE/plugins/com.st.stm32cube.ide.mcu.externaltools.gnu-tools-for-stm32.12.3.rel1.win32_1.1.0.202410251130/tools/bin/../lib/gcc/arm-none-eabi/12.3.1/../../../../arm-none-eabi/lib/thumb/v8-m.main+fp/hard\libc_nano.a(libc_a-lock.o)
                0x0800b0f2                __retarget_lock_acquire_recursive
 .text.__retarget_lock_release_recursive
                0x0800b0f4        0x2 C:/ST/STM32CubeIDE_1.17.0/STM32CubeIDE/plugins/com.st.stm32cube.ide.mcu.externaltools.gnu-tools-for-stm32.12.3.rel1.win32_1.1.0.202410251130/tools/bin/../lib/gcc/arm-none-eabi/12.3.1/../../../../arm-none-eabi/lib/thumb/v8-m.main+fp/hard\libc_nano.a(libc_a-lock.o)
                0x0800b0f4                __retarget_lock_release_recursive
 *fill*         0x0800b0f6        0x2 
 .text._free_r  0x0800b0f8       0x94 C:/ST/STM32CubeIDE_1.17.0/STM32CubeIDE/plugins/com.st.stm32cube.ide.mcu.externaltools.gnu-tools-for-stm32.12.3.rel1.win32_1.1.0.202410251130/tools/bin/../lib/gcc/arm-none-eabi/12.3.1/../../../../arm-none-eabi/lib/thumb/v8-m.main+fp/hard\libc_nano.a(libc_a-freer.o)
                0x0800b0f8                _free_r
 .text.sbrk_aligned
                0x0800b18c       0x44 C:/ST/STM32CubeIDE_1.17.0/STM32CubeIDE/plugins/com.st.stm32cube.ide.mcu.externaltools.gnu-tools-for-stm32.12.3.rel1.win32_1.1.0.202410251130/tools/bin/../lib/gcc/arm-none-eabi/12.3.1/../../../../arm-none-eabi/lib/thumb/v8-m.main+fp/hard\libc_nano.a(libc_a-mallocr.o)
 .text._malloc_r
                0x0800b1d0      0x100 C:/ST/STM32CubeIDE_1.17.0/STM32CubeIDE/plugins/com.st.stm32cube.ide.mcu.externaltools.gnu-tools-for-stm32.12.3.rel1.win32_1.1.0.202410251130/tools/bin/../lib/gcc/arm-none-eabi/12.3.1/../../../../arm-none-eabi/lib/thumb/v8-m.main+fp/hard\libc_nano.a(libc_a-mallocr.o)
                0x0800b1d0                _malloc_r
 .text.__malloc_lock
                0x0800b2d0        0xc C:/ST/STM32CubeIDE_1.17.0/STM32CubeIDE/plugins/com.st.stm32cube.ide.mcu.externaltools.gnu-tools-for-stm32.12.3.rel1.win32_1.1.0.202410251130/tools/bin/../lib/gcc/arm-none-eabi/12.3.1/../../../../arm-none-eabi/lib/thumb/v8-m.main+fp/hard\libc_nano.a(libc_a-mlock.o)
                0x0800b2d0                __malloc_lock
 .text.__malloc_unlock
                0x0800b2dc        0xc C:/ST/STM32CubeIDE_1.17.0/STM32CubeIDE/plugins/com.st.stm32cube.ide.mcu.externaltools.gnu-tools-for-stm32.12.3.rel1.win32_1.1.0.202410251130/tools/bin/../lib/gcc/arm-none-eabi/12.3.1/../../../../arm-none-eabi/lib/thumb/v8-m.main+fp/hard\libc_nano.a(libc_a-mlock.o)
                0x0800b2dc                __malloc_unlock
 .text.__ssputs_r
                0x0800b2e8       0xb6 C:/ST/STM32CubeIDE_1.17.0/STM32CubeIDE/plugins/com.st.stm32cube.ide.mcu.externaltools.gnu-tools-for-stm32.12.3.rel1.win32_1.1.0.202410251130/tools/bin/../lib/gcc/arm-none-eabi/12.3.1/../../../../arm-none-eabi/lib/thumb/v8-m.main+fp/hard\libc_nano.a(libc_a-nano-svfprintf.o)
                0x0800b2e8                __ssputs_r
 *fill*         0x0800b39e        0x2 
 .text._svfprintf_r
                0x0800b3a0      0x1f8 C:/ST/STM32CubeIDE_1.17.0/STM32CubeIDE/plugins/com.st.stm32cube.ide.mcu.externaltools.gnu-tools-for-stm32.12.3.rel1.win32_1.1.0.202410251130/tools/bin/../lib/gcc/arm-none-eabi/12.3.1/../../../../arm-none-eabi/lib/thumb/v8-m.main+fp/hard\libc_nano.a(libc_a-nano-svfprintf.o)
                0x0800b3a0                _svfiprintf_r
                0x0800b3a0                _svfprintf_r
 .text.__sfputc_r
                0x0800b598       0x2e C:/ST/STM32CubeIDE_1.17.0/STM32CubeIDE/plugins/com.st.stm32cube.ide.mcu.externaltools.gnu-tools-for-stm32.12.3.rel1.win32_1.1.0.202410251130/tools/bin/../lib/gcc/arm-none-eabi/12.3.1/../../../../arm-none-eabi/lib/thumb/v8-m.main+fp/hard\libc_nano.a(libc_a-nano-vfprintf.o)
 .text.__sfputs_r
                0x0800b5c6       0x24 C:/ST/STM32CubeIDE_1.17.0/STM32CubeIDE/plugins/com.st.stm32cube.ide.mcu.externaltools.gnu-tools-for-stm32.12.3.rel1.win32_1.1.0.202410251130/tools/bin/../lib/gcc/arm-none-eabi/12.3.1/../../../../arm-none-eabi/lib/thumb/v8-m.main+fp/hard\libc_nano.a(libc_a-nano-vfprintf.o)
                0x0800b5c6                __sfputs_r
 *fill*         0x0800b5ea        0x2 
 .text._vfprintf_r
                0x0800b5ec      0x230 C:/ST/STM32CubeIDE_1.17.0/STM32CubeIDE/plugins/com.st.stm32cube.ide.mcu.externaltools.gnu-tools-for-stm32.12.3.rel1.win32_1.1.0.202410251130/tools/bin/../lib/gcc/arm-none-eabi/12.3.1/../../../../arm-none-eabi/lib/thumb/v8-m.main+fp/hard\libc_nano.a(libc_a-nano-vfprintf.o)
                0x0800b5ec                _vfprintf_r
                0x0800b5ec                _vfiprintf_r
 .text._printf_common
                0x0800b81c       0xe4 C:/ST/STM32CubeIDE_1.17.0/STM32CubeIDE/plugins/com.st.stm32cube.ide.mcu.externaltools.gnu-tools-for-stm32.12.3.rel1.win32_1.1.0.202410251130/tools/bin/../lib/gcc/arm-none-eabi/12.3.1/../../../../arm-none-eabi/lib/thumb/v8-m.main+fp/hard\libc_nano.a(libc_a-nano-vfprintf_i.o)
                0x0800b81c                _printf_common
 .text._printf_i
                0x0800b900      0x240 C:/ST/STM32CubeIDE_1.17.0/STM32CubeIDE/plugins/com.st.stm32cube.ide.mcu.externaltools.gnu-tools-for-stm32.12.3.rel1.win32_1.1.0.202410251130/tools/bin/../lib/gcc/arm-none-eabi/12.3.1/../../../../arm-none-eabi/lib/thumb/v8-m.main+fp/hard\libc_nano.a(libc_a-nano-vfprintf_i.o)
                0x0800b900                _printf_i
 .text.__sflush_r
                0x0800bb40      0x108 C:/ST/STM32CubeIDE_1.17.0/STM32CubeIDE/plugins/com.st.stm32cube.ide.mcu.externaltools.gnu-tools-for-stm32.12.3.rel1.win32_1.1.0.202410251130/tools/bin/../lib/gcc/arm-none-eabi/12.3.1/../../../../arm-none-eabi/lib/thumb/v8-m.main+fp/hard\libc_nano.a(libc_a-fflush.o)
                0x0800bb40                __sflush_r
 .text._fflush_r
                0x0800bc48       0x50 C:/ST/STM32CubeIDE_1.17.0/STM32CubeIDE/plugins/com.st.stm32cube.ide.mcu.externaltools.gnu-tools-for-stm32.12.3.rel1.win32_1.1.0.202410251130/tools/bin/../lib/gcc/arm-none-eabi/12.3.1/../../../../arm-none-eabi/lib/thumb/v8-m.main+fp/hard\libc_nano.a(libc_a-fflush.o)
                0x0800bc48                _fflush_r
 .text.__swhatbuf_r
                0x0800bc98       0x4a C:/ST/STM32CubeIDE_1.17.0/STM32CubeIDE/plugins/com.st.stm32cube.ide.mcu.externaltools.gnu-tools-for-stm32.12.3.rel1.win32_1.1.0.202410251130/tools/bin/../lib/gcc/arm-none-eabi/12.3.1/../../../../arm-none-eabi/lib/thumb/v8-m.main+fp/hard\libc_nano.a(libc_a-makebuf.o)
                0x0800bc98                __swhatbuf_r
 .text.__smakebuf_r
                0x0800bce2       0x78 C:/ST/STM32CubeIDE_1.17.0/STM32CubeIDE/plugins/com.st.stm32cube.ide.mcu.externaltools.gnu-tools-for-stm32.12.3.rel1.win32_1.1.0.202410251130/tools/bin/../lib/gcc/arm-none-eabi/12.3.1/../../../../arm-none-eabi/lib/thumb/v8-m.main+fp/hard\libc_nano.a(libc_a-makebuf.o)
                0x0800bce2                __smakebuf_r
 .text.memmove  0x0800bd5a       0x34 C:/ST/STM32CubeIDE_1.17.0/STM32CubeIDE/plugins/com.st.stm32cube.ide.mcu.externaltools.gnu-tools-for-stm32.12.3.rel1.win32_1.1.0.202410251130/tools/bin/../lib/gcc/arm-none-eabi/12.3.1/../../../../arm-none-eabi/lib/thumb/v8-m.main+fp/hard\libc_nano.a(libc_a-memmove.o)
                0x0800bd5a                memmove
 *fill*         0x0800bd8e        0x2 
 .text._fstat_r
                0x0800bd90       0x24 C:/ST/STM32CubeIDE_1.17.0/STM32CubeIDE/plugins/com.st.stm32cube.ide.mcu.externaltools.gnu-tools-for-stm32.12.3.rel1.win32_1.1.0.202410251130/tools/bin/../lib/gcc/arm-none-eabi/12.3.1/../../../../arm-none-eabi/lib/thumb/v8-m.main+fp/hard\libc_nano.a(libc_a-fstatr.o)
                0x0800bd90                _fstat_r
 .text._isatty_r
                0x0800bdb4       0x20 C:/ST/STM32CubeIDE_1.17.0/STM32CubeIDE/plugins/com.st.stm32cube.ide.mcu.externaltools.gnu-tools-for-stm32.12.3.rel1.win32_1.1.0.202410251130/tools/bin/../lib/gcc/arm-none-eabi/12.3.1/../../../../arm-none-eabi/lib/thumb/v8-m.main+fp/hard\libc_nano.a(libc_a-isattyr.o)
                0x0800bdb4                _isatty_r
 .text._sbrk_r  0x0800bdd4       0x20 C:/ST/STM32CubeIDE_1.17.0/STM32CubeIDE/plugins/com.st.stm32cube.ide.mcu.externaltools.gnu-tools-for-stm32.12.3.rel1.win32_1.1.0.202410251130/tools/bin/../lib/gcc/arm-none-eabi/12.3.1/../../../../arm-none-eabi/lib/thumb/v8-m.main+fp/hard\libc_nano.a(libc_a-sbrkr.o)
                0x0800bdd4                _sbrk_r
 .text.memchr   0x0800bdf4       0x1c C:/ST/STM32CubeIDE_1.17.0/STM32CubeIDE/plugins/com.st.stm32cube.ide.mcu.externaltools.gnu-tools-for-stm32.12.3.rel1.win32_1.1.0.202410251130/tools/bin/../lib/gcc/arm-none-eabi/12.3.1/../../../../arm-none-eabi/lib/thumb/v8-m.main+fp/hard\libc_nano.a(libc_a-memchr-stub.o)
                0x0800bdf4                memchr
 .text.memcpy   0x0800be10       0x1a C:/ST/STM32CubeIDE_1.17.0/STM32CubeIDE/plugins/com.st.stm32cube.ide.mcu.externaltools.gnu-tools-for-stm32.12.3.rel1.win32_1.1.0.202410251130/tools/bin/../lib/gcc/arm-none-eabi/12.3.1/../../../../arm-none-eabi/lib/thumb/v8-m.main+fp/hard\libc_nano.a(libc_a-memcpy-stub.o)
                0x0800be10                memcpy
 .text._realloc_r
                0x0800be2a       0x5c C:/ST/STM32CubeIDE_1.17.0/STM32CubeIDE/plugins/com.st.stm32cube.ide.mcu.externaltools.gnu-tools-for-stm32.12.3.rel1.win32_1.1.0.202410251130/tools/bin/../lib/gcc/arm-none-eabi/12.3.1/../../../../arm-none-eabi/lib/thumb/v8-m.main+fp/hard\libc_nano.a(libc_a-reallocr.o)
                0x0800be2a                _realloc_r
 .text._malloc_usable_size_r
                0x0800be86       0x10 C:/ST/STM32CubeIDE_1.17.0/STM32CubeIDE/plugins/com.st.stm32cube.ide.mcu.externaltools.gnu-tools-for-stm32.12.3.rel1.win32_1.1.0.202410251130/tools/bin/../lib/gcc/arm-none-eabi/12.3.1/../../../../arm-none-eabi/lib/thumb/v8-m.main+fp/hard\libc_nano.a(libc_a-msizer.o)
                0x0800be86                _malloc_usable_size_r
 *fill*         0x0800be96        0x2 
 .text.ceil     0x0800be98       0xf8 C:/ST/STM32CubeIDE_1.17.0/STM32CubeIDE/plugins/com.st.stm32cube.ide.mcu.externaltools.gnu-tools-for-stm32.12.3.rel1.win32_1.1.0.202410251130/tools/bin/../lib/gcc/arm-none-eabi/12.3.1/../../../../arm-none-eabi/lib/thumb/v8-m.main+fp/hard\libm.a(libm_a-s_ceil.o)
                0x0800be98                ceil
 .text.floor    0x0800bf90      0x100 C:/ST/STM32CubeIDE_1.17.0/STM32CubeIDE/plugins/com.st.stm32cube.ide.mcu.externaltools.gnu-tools-for-stm32.12.3.rel1.win32_1.1.0.202410251130/tools/bin/../lib/gcc/arm-none-eabi/12.3.1/../../../../arm-none-eabi/lib/thumb/v8-m.main+fp/hard\libm.a(libm_a-s_floor.o)
                0x0800bf90                floor
 .text.round    0x0800c090       0x8c C:/ST/STM32CubeIDE_1.17.0/STM32CubeIDE/plugins/com.st.stm32cube.ide.mcu.externaltools.gnu-tools-for-stm32.12.3.rel1.win32_1.1.0.202410251130/tools/bin/../lib/gcc/arm-none-eabi/12.3.1/../../../../arm-none-eabi/lib/thumb/v8-m.main+fp/hard\libm.a(libm_a-s_round.o)
                0x0800c090                round
 *(.glue_7)
 .glue_7        0x0800c11c        0x0 linker stubs
 *(.glue_7t)
 .glue_7t       0x0800c11c        0x0 linker stubs
 *(.eh_frame)
 .eh_frame      0x0800c11c        0x0 C:/ST/STM32CubeIDE_1.17.0/STM32CubeIDE/plugins/com.st.stm32cube.ide.mcu.externaltools.gnu-tools-for-stm32.12.3.rel1.win32_1.1.0.202410251130/tools/bin/../lib/gcc/arm-none-eabi/12.3.1/thumb/v8-m.main+fp/hard/crtbegin.o
 *(.init)
 .init          0x0800c11c        0x4 C:/ST/STM32CubeIDE_1.17.0/STM32CubeIDE/plugins/com.st.stm32cube.ide.mcu.externaltools.gnu-tools-for-stm32.12.3.rel1.win32_1.1.0.202410251130/tools/bin/../lib/gcc/arm-none-eabi/12.3.1/thumb/v8-m.main+fp/hard/crti.o
                0x0800c11c                _init
 .init          0x0800c120        0x8 C:/ST/STM32CubeIDE_1.17.0/STM32CubeIDE/plugins/com.st.stm32cube.ide.mcu.externaltools.gnu-tools-for-stm32.12.3.rel1.win32_1.1.0.202410251130/tools/bin/../lib/gcc/arm-none-eabi/12.3.1/thumb/v8-m.main+fp/hard/crtn.o
 *(.fini)
 .fini          0x0800c128        0x4 C:/ST/STM32CubeIDE_1.17.0/STM32CubeIDE/plugins/com.st.stm32cube.ide.mcu.externaltools.gnu-tools-for-stm32.12.3.rel1.win32_1.1.0.202410251130/tools/bin/../lib/gcc/arm-none-eabi/12.3.1/thumb/v8-m.main+fp/hard/crti.o
                0x0800c128                _fini
 .fini          0x0800c12c        0x8 C:/ST/STM32CubeIDE_1.17.0/STM32CubeIDE/plugins/com.st.stm32cube.ide.mcu.externaltools.gnu-tools-for-stm32.12.3.rel1.win32_1.1.0.202410251130/tools/bin/../lib/gcc/arm-none-eabi/12.3.1/thumb/v8-m.main+fp/hard/crtn.o
                0x0800c134                        _etext = .

.vfp11_veneer   0x0800c134        0x0
 .vfp11_veneer  0x0800c134        0x0 linker stubs

.v4_bx          0x0800c134        0x0
 .v4_bx         0x0800c134        0x0 linker stubs

.iplt           0x0800c134        0x0
 .iplt          0x0800c134        0x0 C:/ST/STM32CubeIDE_1.17.0/STM32CubeIDE/plugins/com.st.stm32cube.ide.mcu.externaltools.gnu-tools-for-stm32.12.3.rel1.win32_1.1.0.202410251130/tools/bin/../lib/gcc/arm-none-eabi/12.3.1/thumb/v8-m.main+fp/hard/crtbegin.o

.rodata         0x0800c134      0x424
 *(.rodata)
 .rodata        0x0800c134        0xe ./Core/Src/WindowSensors/WindowSensorSystem.o
 *fill*         0x0800c142        0x2 
 .rodata        0x0800c144       0x38 ./Core/Src/WindowSensors/message_handler.o
 .rodata        0x0800c17c       0x40 ./Core/Src/WindowSensors/pointer_queue.o
 .rodata        0x0800c1bc       0x12 ./Core/Src/WindowSensors/radioUtils.o
 *fill*         0x0800c1ce        0x2 
 .rodata        0x0800c1d0       0x23 ./Radio/rtc-board.o
 *(.rodata*)
 *fill*         0x0800c1f3        0x1 
 .rodata.pKeyAES
                0x0800c1f4       0x10 ./Core/Src/main.o
 .rodata.AHBPrescTable
                0x0800c204       0x10 ./Core/Src/system_stm32u5xx.o
                0x0800c204                AHBPrescTable
 .rodata.MSIRangeTable
                0x0800c214       0x40 ./Core/Src/system_stm32u5xx.o
                0x0800c214                MSIRangeTable
 .rodata.LPGPIO_Map
                0x0800c254       0x80 ./Drivers/STM32U5xx_HAL_Driver/Src/stm32u5xx_hal_gpio.o
 .rodata.DaysInMonth
                0x0800c2d4        0xc ./Radio/rtc-board.o
 .rodata.DaysInMonthLeapYear
                0x0800c2e0        0xc ./Radio/rtc-board.o
 .rodata.Radio  0x0800c2ec       0x54 ./Radio/sx1276-board.o
                0x0800c2ec                Radio
 .rodata.RadioRegsInit
                0x0800c340       0x33 ./Radio/sx1276/sx1276.o
                0x0800c340                RadioRegsInit
 *fill*         0x0800c373        0x1 
 .rodata.FskBandwidths
                0x0800c374       0xb0 ./Radio/sx1276/sx1276.o
                0x0800c374                FskBandwidths
 .rodata._ctype_
                0x0800c424      0x101 C:/ST/STM32CubeIDE_1.17.0/STM32CubeIDE/plugins/com.st.stm32cube.ide.mcu.externaltools.gnu-tools-for-stm32.12.3.rel1.win32_1.1.0.202410251130/tools/bin/../lib/gcc/arm-none-eabi/12.3.1/../../../../arm-none-eabi/lib/thumb/v8-m.main+fp/hard\libc_nano.a(libc_a-ctype_.o)
                0x0800c424                _ctype_
 .rodata._svfprintf_r.str1.1
                0x0800c525       0x11 C:/ST/STM32CubeIDE_1.17.0/STM32CubeIDE/plugins/com.st.stm32cube.ide.mcu.externaltools.gnu-tools-for-stm32.12.3.rel1.win32_1.1.0.202410251130/tools/bin/../lib/gcc/arm-none-eabi/12.3.1/../../../../arm-none-eabi/lib/thumb/v8-m.main+fp/hard\libc_nano.a(libc_a-nano-svfprintf.o)
 .rodata._vfprintf_r.str1.1
                0x0800c536       0x11 C:/ST/STM32CubeIDE_1.17.0/STM32CubeIDE/plugins/com.st.stm32cube.ide.mcu.externaltools.gnu-tools-for-stm32.12.3.rel1.win32_1.1.0.202410251130/tools/bin/../lib/gcc/arm-none-eabi/12.3.1/../../../../arm-none-eabi/lib/thumb/v8-m.main+fp/hard\libc_nano.a(libc_a-nano-vfprintf.o)
 .rodata._printf_i.str1.1
                0x0800c536       0x22 C:/ST/STM32CubeIDE_1.17.0/STM32CubeIDE/plugins/com.st.stm32cube.ide.mcu.externaltools.gnu-tools-for-stm32.12.3.rel1.win32_1.1.0.202410251130/tools/bin/../lib/gcc/arm-none-eabi/12.3.1/../../../../arm-none-eabi/lib/thumb/v8-m.main+fp/hard\libc_nano.a(libc_a-nano-vfprintf_i.o)

.ARM.extab
 *(.ARM.extab* .gnu.linkonce.armextab.*)

.ARM            0x0800c558        0x8
                0x0800c558                        __exidx_start = .
 *(.ARM.exidx*)
 .ARM.exidx     0x0800c558        0x8 C:/ST/STM32CubeIDE_1.17.0/STM32CubeIDE/plugins/com.st.stm32cube.ide.mcu.externaltools.gnu-tools-for-stm32.12.3.rel1.win32_1.1.0.202410251130/tools/bin/../lib/gcc/arm-none-eabi/12.3.1/../../../../arm-none-eabi/lib/thumb/v8-m.main+fp/hard\libc_nano.a(libc_a-strlen.o)
                0x0800c560                        __exidx_end = .

.preinit_array  0x0800c560        0x0
                0x0800c560                        PROVIDE (__preinit_array_start = .)
 *(.preinit_array*)
                0x0800c560                        PROVIDE (__preinit_array_end = .)

.init_array     0x0800c560        0x4
                0x0800c560                        PROVIDE (__init_array_start = .)
 *(SORT_BY_NAME(.init_array.*))
 *(.init_array*)
 .init_array    0x0800c560        0x4 C:/ST/STM32CubeIDE_1.17.0/STM32CubeIDE/plugins/com.st.stm32cube.ide.mcu.externaltools.gnu-tools-for-stm32.12.3.rel1.win32_1.1.0.202410251130/tools/bin/../lib/gcc/arm-none-eabi/12.3.1/thumb/v8-m.main+fp/hard/crtbegin.o
                0x0800c564                        PROVIDE (__init_array_end = .)

.fini_array     0x0800c564        0x4
                [!provide]                        PROVIDE (__fini_array_start = .)
 *(SORT_BY_NAME(.fini_array.*))
 *(.fini_array*)
 .fini_array    0x0800c564        0x4 C:/ST/STM32CubeIDE_1.17.0/STM32CubeIDE/plugins/com.st.stm32cube.ide.mcu.externaltools.gnu-tools-for-stm32.12.3.rel1.win32_1.1.0.202410251130/tools/bin/../lib/gcc/arm-none-eabi/12.3.1/thumb/v8-m.main+fp/hard/crtbegin.o
                [!provide]                        PROVIDE (__fini_array_end = .)
                0x0800c568                        _sidata = LOADADDR (.data)

.rel.dyn        0x0800c568        0x0
 .rel.iplt      0x0800c568        0x0 C:/ST/STM32CubeIDE_1.17.0/STM32CubeIDE/plugins/com.st.stm32cube.ide.mcu.externaltools.gnu-tools-for-stm32.12.3.rel1.win32_1.1.0.202410251130/tools/bin/../lib/gcc/arm-none-eabi/12.3.1/thumb/v8-m.main+fp/hard/crtbegin.o

.data           0x20000000       0x9c load address 0x0800c568
                0x20000000                        _sdata = .
 *(.data)
 *(.data*)
 .data.sensor1Id
                0x20000000        0x4 ./Core/Src/WindowSensors/config.o
                0x20000000                sensor1Id
 .data.sensor2Id
                0x20000004        0x4 ./Core/Src/WindowSensors/config.o
                0x20000004                sensor2Id
 .data.sensor3Id
                0x20000008        0x4 ./Core/Src/WindowSensors/config.o
                0x20000008                sensor3Id
 .data.station1Id
                0x2000000c        0x4 ./Core/Src/WindowSensors/config.o
                0x2000000c                station1Id
 .data.MESSAGE_TYPE_SEND_UPDATE
                0x20000010        0x4 ./Core/Src/WindowSensors/config.o
                0x20000010                MESSAGE_TYPE_SEND_UPDATE
 .data.MESSAGE_TYPE_ACKNOWLEDGEMENT
                0x20000014        0x1 ./Core/Src/WindowSensors/config.o
                0x20000014                MESSAGE_TYPE_ACKNOWLEDGEMENT
 .data.MESSAGE_TYPE_REQUEST_UPDATE
                0x20000015        0x1 ./Core/Src/WindowSensors/config.o
                0x20000015                MESSAGE_TYPE_REQUEST_UPDATE
 .data.isSensor1Registered
                0x20000016        0x1 ./Core/Src/WindowSensors/config.o
                0x20000016                isSensor1Registered
 .data.isSensor2Registered
                0x20000017        0x1 ./Core/Src/WindowSensors/config.o
                0x20000017                isSensor2Registered
 .data.isSensor3Registered
                0x20000018        0x1 ./Core/Src/WindowSensors/config.o
                0x20000018                isSensor3Registered
 *fill*         0x20000019        0x3 
 .data.SystemCoreClock
                0x2000001c        0x4 ./Core/Src/system_stm32u5xx.o
                0x2000001c                SystemCoreClock
 .data.uwTickPrio
                0x20000020        0x4 ./Drivers/STM32U5xx_HAL_Driver/Src/stm32u5xx_hal.o
                0x20000020                uwTickPrio
 .data.uwTickFreq
                0x20000024        0x1 ./Drivers/STM32U5xx_HAL_Driver/Src/stm32u5xx_hal.o
                0x20000024                uwTickFreq
 *fill*         0x20000025        0x3 
 .data.DioIrq   0x20000028       0x18 ./Radio/sx1276/sx1276.o
                0x20000028                DioIrq
 .data.__sglue  0x20000040        0xc C:/ST/STM32CubeIDE_1.17.0/STM32CubeIDE/plugins/com.st.stm32cube.ide.mcu.externaltools.gnu-tools-for-stm32.12.3.rel1.win32_1.1.0.202410251130/tools/bin/../lib/gcc/arm-none-eabi/12.3.1/../../../../arm-none-eabi/lib/thumb/v8-m.main+fp/hard\libc_nano.a(libc_a-findfp.o)
                0x20000040                __sglue
 .data._impure_ptr
                0x2000004c        0x4 C:/ST/STM32CubeIDE_1.17.0/STM32CubeIDE/plugins/com.st.stm32cube.ide.mcu.externaltools.gnu-tools-for-stm32.12.3.rel1.win32_1.1.0.202410251130/tools/bin/../lib/gcc/arm-none-eabi/12.3.1/../../../../arm-none-eabi/lib/thumb/v8-m.main+fp/hard\libc_nano.a(libc_a-impure.o)
                0x2000004c                _impure_ptr
 .data._impure_data
                0x20000050       0x4c C:/ST/STM32CubeIDE_1.17.0/STM32CubeIDE/plugins/com.st.stm32cube.ide.mcu.externaltools.gnu-tools-for-stm32.12.3.rel1.win32_1.1.0.202410251130/tools/bin/../lib/gcc/arm-none-eabi/12.3.1/../../../../arm-none-eabi/lib/thumb/v8-m.main+fp/hard\libc_nano.a(libc_a-impure.o)
                0x20000050                _impure_data
 *(.RamFunc)
 *(.RamFunc*)
                0x2000009c                        _edata = .

.igot.plt       0x2000009c        0x0 load address 0x0800c604
 .igot.plt      0x2000009c        0x0 C:/ST/STM32CubeIDE_1.17.0/STM32CubeIDE/plugins/com.st.stm32cube.ide.mcu.externaltools.gnu-tools-for-stm32.12.3.rel1.win32_1.1.0.202410251130/tools/bin/../lib/gcc/arm-none-eabi/12.3.1/thumb/v8-m.main+fp/hard/crtbegin.o

.bss            0x2000009c      0x710 load address 0x0800c604
                0x2000009c                        _sbss = .
                0x2000009c                        __bss_start__ = _sbss
 *(.bss)
 .bss           0x2000009c       0x1c C:/ST/STM32CubeIDE_1.17.0/STM32CubeIDE/plugins/com.st.stm32cube.ide.mcu.externaltools.gnu-tools-for-stm32.12.3.rel1.win32_1.1.0.202410251130/tools/bin/../lib/gcc/arm-none-eabi/12.3.1/thumb/v8-m.main+fp/hard/crtbegin.o
 .bss           0x200000b8        0x1 C:\Users\buchwald\STM32CubeIDE\workspace_1.17.0\WindowSensorsSTM\HelloWorldWithAccount\Middlewares\ST\STM32_Cryptographic\lib\libSTM32Cryptographic_CM7.a(cmox_init.c.o)
                0x200000b8                cmox_init_ctxi
 *(.bss*)
 .bss.State     0x200000b9        0x1 ./Core/Src/WindowSensors/config.o
                0x200000b9                State
 *fill*         0x200000ba        0x2 
 .bss.MESSAGE_TYPE_REGISTER
                0x200000bc        0x4 ./Core/Src/WindowSensors/config.o
                0x200000bc                MESSAGE_TYPE_REGISTER
 .bss.messagecounter1
                0x200000c0        0x4 ./Core/Src/WindowSensors/config.o
                0x200000c0                messagecounter1
 .bss.messagecounter2
                0x200000c4        0x4 ./Core/Src/WindowSensors/config.o
                0x200000c4                messagecounter2
 .bss.messagecounter3
                0x200000c8        0x4 ./Core/Src/WindowSensors/config.o
                0x200000c8                messagecounter3
 .bss.message_queue
                0x200000cc       0x20 ./Core/Src/WindowSensors/config.o
                0x200000cc                message_queue
 .bss.trx_events_cnt
                0x200000ec       0x14 ./Core/Src/WindowSensors/radioUtils.o
                0x200000ec                trx_events_cnt
 .bss.RadioEvents
                0x20000100       0x1c ./Core/Src/WindowSensors/radioUtils.o
 .bss.hcryp     0x2000011c       0x68 ./Core/Src/main.o
                0x2000011c                hcryp
 .bss.handle_LPDMA1_Channel0
                0x20000184       0x78 ./Core/Src/main.o
                0x20000184                handle_LPDMA1_Channel0
 .bss.hrtc      0x200001fc       0x30 ./Core/Src/main.o
                0x200001fc                hrtc
 .bss.hspi1     0x2000022c       0x90 ./Core/Src/main.o
                0x2000022c                hspi1
 .bss.__sbrk_heap_end
                0x200002bc        0x4 ./Core/Src/sysmem.o
 .bss.uwTick    0x200002c0        0x4 ./Drivers/STM32U5xx_HAL_Driver/Src/stm32u5xx_hal.o
                0x200002c0                uwTick
 .bss.Led2      0x200002c4        0xc ./Radio/board.o
                0x200002c4                Led2
 .bss.Led3      0x200002d0        0xc ./Radio/board.o
                0x200002d0                Led3
 .bss.Led4      0x200002dc        0xc ./Radio/board.o
                0x200002dc                Led4
 .bss.McuInitialized
                0x200002e8        0x1 ./Radio/board.o
 *fill*         0x200002e9        0x3 
 .bss.GpioIrq   0x200002ec       0x40 ./Radio/gpio-board.o
 .bss.Century   0x2000032c        0x2 ./Radio/rtc-board.o
 .bss.CallendarRollOverReady
                0x2000032e        0x1 ./Radio/rtc-board.o
 .bss.NonScheduledWakeUp
                0x2000032f        0x1 ./Radio/rtc-board.o
                0x2000032f                NonScheduledWakeUp
 .bss.RtcCalendarContext
                0x20000330       0x1c ./Radio/rtc-board.o
                0x20000330                RtcCalendarContext
 .bss.RtcTimerEventAllowsLowPower
                0x2000034c        0x1 ./Radio/rtc-board.o
 .bss.LowPowerDisableDuringTask
                0x2000034d        0x1 ./Radio/rtc-board.o
 *fill*         0x2000034e        0x2 
 .bss.RtcHandle
                0x20000350       0x30 ./Radio/rtc-board.o
                0x20000350                RtcHandle
 .bss.RtcInitalized
                0x20000380        0x1 ./Radio/rtc-board.o
 .bss.WakeUpTimeInitialized
                0x20000381        0x1 ./Radio/rtc-board.o
 *fill*         0x20000382        0x2 
 .bss.McuWakeUpTime
                0x20000384        0x4 ./Radio/rtc-board.o
                0x20000384                McuWakeUpTime
 .bss.TimeoutValueError
                0x20000388        0x4 ./Radio/rtc-board.o
 .bss.RadioIsActive
                0x2000038c        0x1 ./Radio/sx1276-board.o
 *fill*         0x2000038d        0x3 
 .bss.AntRx     0x20000390        0xc ./Radio/sx1276-board.o
                0x20000390                AntRx
 .bss.AntTx     0x2000039c        0xc ./Radio/sx1276-board.o
                0x2000039c                AntTx
 .bss.HasLoopedThroughMain
                0x200003a8        0x1 ./Radio/timer.o
                0x200003a8                HasLoopedThroughMain
 *fill*         0x200003a9        0x3 
 .bss.TimerListHead
                0x200003ac        0x4 ./Radio/timer.o
 .bss.RadioEvents
                0x200003b0        0x4 ./Radio/sx1276/sx1276.o
 .bss.RxTxBuffer
                0x200003b4      0x100 ./Radio/sx1276/sx1276.o
 .bss.SX1276    0x200004b4      0x170 ./Radio/sx1276/sx1276.o
                0x200004b4                SX1276
 .bss.TxTimeoutTimer
                0x20000624       0x14 ./Radio/sx1276/sx1276.o
                0x20000624                TxTimeoutTimer
 .bss.RxTimeoutTimer
                0x20000638       0x14 ./Radio/sx1276/sx1276.o
                0x20000638                RxTimeoutTimer
 .bss.RxTimeoutSyncWord
                0x2000064c       0x14 ./Radio/sx1276/sx1276.o
                0x2000064c                RxTimeoutSyncWord
 .bss.__sf      0x20000660      0x138 C:/ST/STM32CubeIDE_1.17.0/STM32CubeIDE/plugins/com.st.stm32cube.ide.mcu.externaltools.gnu-tools-for-stm32.12.3.rel1.win32_1.1.0.202410251130/tools/bin/../lib/gcc/arm-none-eabi/12.3.1/../../../../arm-none-eabi/lib/thumb/v8-m.main+fp/hard\libc_nano.a(libc_a-findfp.o)
                0x20000660                __sf
 .bss.__stdio_exit_handler
                0x20000798        0x4 C:/ST/STM32CubeIDE_1.17.0/STM32CubeIDE/plugins/com.st.stm32cube.ide.mcu.externaltools.gnu-tools-for-stm32.12.3.rel1.win32_1.1.0.202410251130/tools/bin/../lib/gcc/arm-none-eabi/12.3.1/../../../../arm-none-eabi/lib/thumb/v8-m.main+fp/hard\libc_nano.a(libc_a-findfp.o)
                0x20000798                __stdio_exit_handler
 .bss.errno     0x2000079c        0x4 C:/ST/STM32CubeIDE_1.17.0/STM32CubeIDE/plugins/com.st.stm32cube.ide.mcu.externaltools.gnu-tools-for-stm32.12.3.rel1.win32_1.1.0.202410251130/tools/bin/../lib/gcc/arm-none-eabi/12.3.1/../../../../arm-none-eabi/lib/thumb/v8-m.main+fp/hard\libc_nano.a(libc_a-reent.o)
                0x2000079c                errno
 .bss.__lock___malloc_recursive_mutex
                0x200007a0        0x1 C:/ST/STM32CubeIDE_1.17.0/STM32CubeIDE/plugins/com.st.stm32cube.ide.mcu.externaltools.gnu-tools-for-stm32.12.3.rel1.win32_1.1.0.202410251130/tools/bin/../lib/gcc/arm-none-eabi/12.3.1/../../../../arm-none-eabi/lib/thumb/v8-m.main+fp/hard\libc_nano.a(libc_a-lock.o)
                0x200007a0                __lock___malloc_recursive_mutex
 .bss.__lock___sfp_recursive_mutex
                0x200007a1        0x1 C:/ST/STM32CubeIDE_1.17.0/STM32CubeIDE/plugins/com.st.stm32cube.ide.mcu.externaltools.gnu-tools-for-stm32.12.3.rel1.win32_1.1.0.202410251130/tools/bin/../lib/gcc/arm-none-eabi/12.3.1/../../../../arm-none-eabi/lib/thumb/v8-m.main+fp/hard\libc_nano.a(libc_a-lock.o)
                0x200007a1                __lock___sfp_recursive_mutex
 *fill*         0x200007a2        0x2 
 .bss.__malloc_sbrk_start
                0x200007a4        0x4 C:/ST/STM32CubeIDE_1.17.0/STM32CubeIDE/plugins/com.st.stm32cube.ide.mcu.externaltools.gnu-tools-for-stm32.12.3.rel1.win32_1.1.0.202410251130/tools/bin/../lib/gcc/arm-none-eabi/12.3.1/../../../../arm-none-eabi/lib/thumb/v8-m.main+fp/hard\libc_nano.a(libc_a-mallocr.o)
                0x200007a4                __malloc_sbrk_start
 .bss.__malloc_free_list
                0x200007a8        0x4 C:/ST/STM32CubeIDE_1.17.0/STM32CubeIDE/plugins/com.st.stm32cube.ide.mcu.externaltools.gnu-tools-for-stm32.12.3.rel1.win32_1.1.0.202410251130/tools/bin/../lib/gcc/arm-none-eabi/12.3.1/../../../../arm-none-eabi/lib/thumb/v8-m.main+fp/hard\libc_nano.a(libc_a-mallocr.o)
                0x200007a8                __malloc_free_list
 *(COMMON)
                0x200007ac                        _ebss = .
                0x200007ac                        __bss_end__ = _ebss

._user_heap_stack
                0x200007ac      0x604 load address 0x0800c604
                0x200007b0                        . = ALIGN (0x8)
 *fill*         0x200007ac        0x4 
                [!provide]                        PROVIDE (end = .)
                0x200007b0                        PROVIDE (_end = .)
                0x200009b0                        . = (. + _Min_Heap_Size)
 *fill*         0x200007b0      0x200 
                0x20000db0                        . = (. + _Min_Stack_Size)
 *fill*         0x200009b0      0x400 
                0x20000db0                        . = ALIGN (0x8)

/DISCARD/
 libc.a(*)
 libm.a(*)
 libgcc.a(*)

.ARM.attributes
                0x00000000       0x3a
 *(.ARM.attributes)
 .ARM.attributes
                0x00000000       0x26 C:/ST/STM32CubeIDE_1.17.0/STM32CubeIDE/plugins/com.st.stm32cube.ide.mcu.externaltools.gnu-tools-for-stm32.12.3.rel1.win32_1.1.0.202410251130/tools/bin/../lib/gcc/arm-none-eabi/12.3.1/thumb/v8-m.main+fp/hard/crti.o
 .ARM.attributes
                0x00000026       0x38 C:/ST/STM32CubeIDE_1.17.0/STM32CubeIDE/plugins/com.st.stm32cube.ide.mcu.externaltools.gnu-tools-for-stm32.12.3.rel1.win32_1.1.0.202410251130/tools/bin/../lib/gcc/arm-none-eabi/12.3.1/thumb/v8-m.main+fp/hard/crtbegin.o
 .ARM.attributes
                0x0000005e       0x3a ./Core/Src/WindowSensors/WindowSensorSystem.o
 .ARM.attributes
                0x00000098       0x3a ./Core/Src/WindowSensors/config.o
 .ARM.attributes
                0x000000d2       0x3a ./Core/Src/WindowSensors/gpio_control.o
 .ARM.attributes
                0x0000010c       0x3a ./Core/Src/WindowSensors/message_handler.o
 .ARM.attributes
                0x00000146       0x3a ./Core/Src/WindowSensors/pointer_queue.o
 .ARM.attributes
                0x00000180       0x3a ./Core/Src/WindowSensors/radioUtils.o
 .ARM.attributes
                0x000001ba       0x3a ./Core/Src/cmox_low_level_template.o
 .ARM.attributes
                0x000001f4       0x3a ./Core/Src/main.o
 .ARM.attributes
                0x0000022e       0x3a ./Core/Src/stm32u5xx_hal_msp.o
 .ARM.attributes
                0x00000268       0x3a ./Core/Src/stm32u5xx_it.o
 .ARM.attributes
                0x000002a2       0x3a ./Core/Src/syscalls.o
 .ARM.attributes
                0x000002dc       0x3a ./Core/Src/sysmem.o
 .ARM.attributes
                0x00000316       0x3a ./Core/Src/system_stm32u5xx.o
 .ARM.attributes
                0x00000350       0x24 ./Core/Startup/startup_stm32u545retxq.o
 .ARM.attributes
                0x00000374       0x3a ./Drivers/STM32U5xx_HAL_Driver/Src/stm32u5xx_hal.o
 .ARM.attributes
                0x000003ae       0x3a ./Drivers/STM32U5xx_HAL_Driver/Src/stm32u5xx_hal_cortex.o
 .ARM.attributes
                0x000003e8       0x3a ./Drivers/STM32U5xx_HAL_Driver/Src/stm32u5xx_hal_cryp.o
 .ARM.attributes
                0x00000422       0x3a ./Drivers/STM32U5xx_HAL_Driver/Src/stm32u5xx_hal_dma.o
 .ARM.attributes
                0x0000045c       0x3a ./Drivers/STM32U5xx_HAL_Driver/Src/stm32u5xx_hal_dma_ex.o
 .ARM.attributes
                0x00000496       0x3a ./Drivers/STM32U5xx_HAL_Driver/Src/stm32u5xx_hal_gpio.o
 .ARM.attributes
                0x000004d0       0x3a ./Drivers/STM32U5xx_HAL_Driver/Src/stm32u5xx_hal_pwr_ex.o
 .ARM.attributes
                0x0000050a       0x3a ./Drivers/STM32U5xx_HAL_Driver/Src/stm32u5xx_hal_rcc.o
 .ARM.attributes
                0x00000544       0x3a ./Drivers/STM32U5xx_HAL_Driver/Src/stm32u5xx_hal_rcc_ex.o
 .ARM.attributes
                0x0000057e       0x3a ./Drivers/STM32U5xx_HAL_Driver/Src/stm32u5xx_hal_rtc.o
 .ARM.attributes
                0x000005b8       0x3a ./Drivers/STM32U5xx_HAL_Driver/Src/stm32u5xx_hal_rtc_ex.o
 .ARM.attributes
                0x000005f2       0x3a ./Drivers/STM32U5xx_HAL_Driver/Src/stm32u5xx_hal_spi.o
 .ARM.attributes
                0x0000062c       0x3a ./Drivers/STM32U5xx_HAL_Driver/Src/stm32u5xx_hal_spi_ex.o
 .ARM.attributes
                0x00000666       0x3a ./Radio/board.o
 .ARM.attributes
                0x000006a0       0x3a ./Radio/delay.o
 .ARM.attributes
                0x000006da       0x3a ./Radio/gpio-board.o
 .ARM.attributes
                0x00000714       0x3a ./Radio/gpio.o
 .ARM.attributes
                0x0000074e       0x3a ./Radio/rtc-board.o
 .ARM.attributes
                0x00000788       0x3a ./Radio/spi-board.o
 .ARM.attributes
                0x000007c2       0x3a ./Radio/sx1276-board.o
 .ARM.attributes
                0x000007fc       0x3a ./Radio/timer.o
 .ARM.attributes
                0x00000836       0x3a ./Radio/utilities.o
 .ARM.attributes
                0x00000870       0x3a ./Radio/sx1276/sx1276.o
 .ARM.attributes
                0x000008aa       0x4e C:\Users\buchwald\STM32CubeIDE\workspace_1.17.0\WindowSensorsSTM\HelloWorldWithAccount\Middlewares\ST\STM32_Cryptographic\lib\libSTM32Cryptographic_CM7.a(cmox_init.c.o)
 .ARM.attributes
                0x000008f8       0x38 C:/ST/STM32CubeIDE_1.17.0/STM32CubeIDE/plugins/com.st.stm32cube.ide.mcu.externaltools.gnu-tools-for-stm32.12.3.rel1.win32_1.1.0.202410251130/tools/bin/../lib/gcc/arm-none-eabi/12.3.1/../../../../arm-none-eabi/lib/thumb/v8-m.main+fp/hard\libc_nano.a(libc_a-atoi.o)
 .ARM.attributes