../Core/Src/WindowSensors/radioUtils.c:102:6:initRadioCommunication	56	static
../Core/Src/WindowSensors/radioUtils.c:156:10:createCyphertext	24	static
../Core/Src/WindowSensors/radioUtils.c:160:5:send_window_status_update	144	static
../Core/Src/WindowSensors/radioUtils.c:275:5:getSequenceNumber	24	static
../Core/Src/WindowSensors/radioUtils.c:301:6:OnTxDone	4	static
../Core/Src/WindowSensors/radioUtils.c:307:6:OnRxDone	24	static
../Core/Src/WindowSensors/radioUtils.c:316:6:OnTxTimeout	8	static
../Core/Src/WindowSensors/radioUtils.c:323:6:OnRxTimeout	4	static
../Core/Src/WindowSensors/radioUtils.c:329:6:OnRxError	8	static
