Archive member included to satisfy reference by file (symbol)

C:/ST/STM32CubeIDE_1.16.1/STM32CubeIDE/plugins/com.st.stm32cube.ide.mcu.externaltools.gnu-tools-for-stm32.12.3.rel1.win32_1.0.200.202406191623/tools/bin/../lib/gcc/arm-none-eabi/12.3.1/../../../../arm-none-eabi/lib/thumb/v8-m.main+fp/hard\libc_nano.a(libc_a-atoi.o)
                              ./Core/Src/WindowSensors/message_handler.o (atoi)
C:/ST/STM32CubeIDE_1.16.1/STM32CubeIDE/plugins/com.st.stm32cube.ide.mcu.externaltools.gnu-tools-for-stm32.12.3.rel1.win32_1.0.200.202406191623/tools/bin/../lib/gcc/arm-none-eabi/12.3.1/../../../../arm-none-eabi/lib/thumb/v8-m.main+fp/hard\libc_nano.a(libc_a-exit.o)
                              C:/ST/STM32CubeIDE_1.16.1/STM32CubeIDE/plugins/com.st.stm32cube.ide.mcu.externaltools.gnu-tools-for-stm32.12.3.rel1.win32_1.0.200.202406191623/tools/bin/../lib/gcc/arm-none-eabi/12.3.1/../../../../arm-none-eabi/lib/thumb/v8-m.main+fp/hard/crt0.o (exit)
C:/ST/STM32CubeIDE_1.16.1/STM32CubeIDE/plugins/com.st.stm32cube.ide.mcu.externaltools.gnu-tools-for-stm32.12.3.rel1.win32_1.0.200.202406191623/tools/bin/../lib/gcc/arm-none-eabi/12.3.1/../../../../arm-none-eabi/lib/thumb/v8-m.main+fp/hard\libc_nano.a(libc_a-strtol.o)
                              C:/ST/STM32CubeIDE_1.16.1/STM32CubeIDE/plugins/com.st.stm32cube.ide.mcu.externaltools.gnu-tools-for-stm32.12.3.rel1.win32_1.0.200.202406191623/tools/bin/../lib/gcc/arm-none-eabi/12.3.1/../../../../arm-none-eabi/lib/thumb/v8-m.main+fp/hard\libc_nano.a(libc_a-atoi.o) (_strtol_r)
C:/ST/STM32CubeIDE_1.16.1/STM32CubeIDE/plugins/com.st.stm32cube.ide.mcu.externaltools.gnu-tools-for-stm32.12.3.rel1.win32_1.0.200.202406191623/tools/bin/../lib/gcc/arm-none-eabi/12.3.1/../../../../arm-none-eabi/lib/thumb/v8-m.main+fp/hard\libc_nano.a(libc_a-ctype_.o)
                              C:/ST/STM32CubeIDE_1.16.1/STM32CubeIDE/plugins/com.st.stm32cube.ide.mcu.externaltools.gnu-tools-for-stm32.12.3.rel1.win32_1.0.200.202406191623/tools/bin/../lib/gcc/arm-none-eabi/12.3.1/../../../../arm-none-eabi/lib/thumb/v8-m.main+fp/hard\libc_nano.a(libc_a-strtol.o) (_ctype_)
C:/ST/STM32CubeIDE_1.16.1/STM32CubeIDE/plugins/com.st.stm32cube.ide.mcu.externaltools.gnu-tools-for-stm32.12.3.rel1.win32_1.0.200.202406191623/tools/bin/../lib/gcc/arm-none-eabi/12.3.1/../../../../arm-none-eabi/lib/thumb/v8-m.main+fp/hard\libc_nano.a(libc_a-findfp.o)
                              C:/ST/STM32CubeIDE_1.16.1/STM32CubeIDE/plugins/com.st.stm32cube.ide.mcu.externaltools.gnu-tools-for-stm32.12.3.rel1.win32_1.0.200.202406191623/tools/bin/../lib/gcc/arm-none-eabi/12.3.1/../../../../arm-none-eabi/lib/thumb/v8-m.main+fp/hard\libc_nano.a(libc_a-exit.o) (__stdio_exit_handler)
C:/ST/STM32CubeIDE_1.16.1/STM32CubeIDE/plugins/com.st.stm32cube.ide.mcu.externaltools.gnu-tools-for-stm32.12.3.rel1.win32_1.0.200.202406191623/tools/bin/../lib/gcc/arm-none-eabi/12.3.1/../../../../arm-none-eabi/lib/thumb/v8-m.main+fp/hard\libc_nano.a(libc_a-fwalk.o)
                              C:/ST/STM32CubeIDE_1.16.1/STM32CubeIDE/plugins/com.st.stm32cube.ide.mcu.externaltools.gnu-tools-for-stm32.12.3.rel1.win32_1.0.200.202406191623/tools/bin/../lib/gcc/arm-none-eabi/12.3.1/../../../../arm-none-eabi/lib/thumb/v8-m.main+fp/hard\libc_nano.a(libc_a-findfp.o) (_fwalk_sglue)
C:/ST/STM32CubeIDE_1.16.1/STM32CubeIDE/plugins/com.st.stm32cube.ide.mcu.externaltools.gnu-tools-for-stm32.12.3.rel1.win32_1.0.200.202406191623/tools/bin/../lib/gcc/arm-none-eabi/12.3.1/../../../../arm-none-eabi/lib/thumb/v8-m.main+fp/hard\libc_nano.a(libc_a-printf.o)
                              ./Radio/rtc-board.o (printf)
C:/ST/STM32CubeIDE_1.16.1/STM32CubeIDE/plugins/com.st.stm32cube.ide.mcu.externaltools.gnu-tools-for-stm32.12.3.rel1.win32_1.0.200.202406191623/tools/bin/../lib/gcc/arm-none-eabi/12.3.1/../../../../arm-none-eabi/lib/thumb/v8-m.main+fp/hard\libc_nano.a(libc_a-puts.o)
                              ./Core/Src/WindowSensors/message_handler.o (puts)
C:/ST/STM32CubeIDE_1.16.1/STM32CubeIDE/plugins/com.st.stm32cube.ide.mcu.externaltools.gnu-tools-for-stm32.12.3.rel1.win32_1.0.200.202406191623/tools/bin/../lib/gcc/arm-none-eabi/12.3.1/../../../../arm-none-eabi/lib/thumb/v8-m.main+fp/hard\libc_nano.a(libc_a-snprintf.o)
                              ./Core/Src/WindowSensors/radioUtils.o (snprintf)
C:/ST/STM32CubeIDE_1.16.1/STM32CubeIDE/plugins/com.st.stm32cube.ide.mcu.externaltools.gnu-tools-for-stm32.12.3.rel1.win32_1.0.200.202406191623/tools/bin/../lib/gcc/arm-none-eabi/12.3.1/../../../../arm-none-eabi/lib/thumb/v8-m.main+fp/hard\libc_nano.a(libc_a-sprintf.o)
                              ./Radio/rtc-board.o (sprintf)
C:/ST/STM32CubeIDE_1.16.1/STM32CubeIDE/plugins/com.st.stm32cube.ide.mcu.externaltools.gnu-tools-for-stm32.12.3.rel1.win32_1.0.200.202406191623/tools/bin/../lib/gcc/arm-none-eabi/12.3.1/../../../../arm-none-eabi/lib/thumb/v8-m.main+fp/hard\libc_nano.a(libc_a-stdio.o)
[...]
Memory Configuration

Name             Origin             Length             Attributes
RAM              0x20000000         0x00040000         xrw
SRAM4            0x28000000         0x00004000         xrw
FLASH            0x08000000         0x00080000         xr
*default*        0x00000000         0xffffffff

Linker script and memory map

LOAD C:/ST/STM32CubeIDE_1.16.1/STM32CubeIDE/plugins/com.st.stm32cube.ide.mcu.externaltools.gnu-tools-for-stm32.12.3.rel1.win32_1.0.200.202406191623/tools/bin/../lib/gcc/arm-none-eabi/12.3.1/thumb/v8-m.main+fp/hard/crti.o
LOAD C:/ST/STM32CubeIDE_1.16.1/STM32CubeIDE/plugins/com.st.stm32cube.ide.mcu.externaltools.gnu-tools-for-stm32.12.3.rel1.win32_1.0.200.202406191623/tools/bin/../lib/gcc/arm-none-eabi/12.3.1/thumb/v8-m.main+fp/hard/crtbegin.o
LOAD C:/ST/STM32CubeIDE_1.16.1/STM32CubeIDE/plugins/com.st.stm32cube.ide.mcu.externaltools.gnu-tools-for-stm32.12.3.rel1.win32_1.0.200.202406191623/tools/bin/../lib/gcc/arm-none-eabi/12.3.1/../../../../arm-none-eabi/lib/thumb/v8-m.main+fp/hard/crt0.o
LOAD ./Core/Src/WindowSensors/WindowSensorSystem.o
LOAD ./Core/Src/WindowSensors/config.o
LOAD ./Core/Src/WindowSensors/cryptography_module.o
LOAD ./Core/Src/WindowSensors/gpio_control.o
LOAD ./Core/Src/WindowSensors/message_handler.o
LOAD ./Core/Src/WindowSensors/pointer_queue.o
LOAD ./Core/Src/WindowSensors/radioUtils.o
LOAD ./Core/Src/main.o
LOAD ./Core/Src/stm32u5xx_hal_msp.o
LOAD ./Core/Src/stm32u5xx_it.o
LOAD ./Core/Src/syscalls.o
LOAD ./Core/Src/sysmem.o
LOAD ./Core/Src/system_stm32u5xx.o
LOAD ./Core/Startup/startup_stm32u545retxq.o
LOAD ./Drivers/STM32U5xx_HAL_Driver/Src/stm32u5xx_hal.o
LOAD ./Drivers/STM32U5xx_HAL_Driver/Src/stm32u5xx_hal_cortex.o
LOAD ./Drivers/STM32U5xx_HAL_Driver/Src/stm32u5xx_hal_dma.o
LOAD ./Drivers/STM32U5xx_HAL_Driver/Src/stm32u5xx_hal_dma_ex.o
LOAD ./Drivers/STM32U5xx_HAL_Driver/Src/stm32u5xx_hal_exti.o
LOAD ./Drivers/STM32U5xx_HAL_Driver/Src/stm32u5xx_hal_flash.o
LOAD ./Drivers/STM32U5xx_HAL_Driver/Src/stm32u5xx_hal_flash_ex.o
LOAD ./Drivers/STM32U5xx_HAL_Driver/Src/stm32u5xx_hal_gpio.o
LOAD ./Drivers/STM32U5xx_HAL_Driver/Src/stm32u5xx_hal_gtzc.o
LOAD ./Drivers/STM32U5xx_HAL_Driver/Src/stm32u5xx_hal_i2c.o
LOAD ./Drivers/STM32U5xx_HAL_Driver/Src/stm32u5xx_hal_i2c_ex.o
LOAD ./Drivers/STM32U5xx_HAL_Driver/Src/stm32u5xx_hal_icache.o
LOAD ./Drivers/STM32U5xx_HAL_Driver/Src/stm32u5xx_hal_pwr.o
LOAD ./Drivers/STM32U5xx_HAL_Driver/Src/stm32u5xx_hal_pwr_ex.o
LOAD ./Drivers/STM32U5xx_HAL_Driver/Src/stm32u5xx_hal_rcc.o
LOAD ./Drivers/STM32U5xx_HAL_Driver/Src/stm32u5xx_hal_rcc_ex.o
LOAD ./Drivers/STM32U5xx_HAL_Driver/Src/stm32u5xx_hal_rtc.o
LOAD ./Drivers/STM32U5xx_HAL_Driver/Src/stm32u5xx_hal_rtc_ex.o
LOAD ./Drivers/STM32U5xx_HAL_Driver/Src/stm32u5xx_hal_spi.o
LOAD ./Drivers/STM32U5xx_HAL_Driver/Src/stm32u5xx_hal_spi_ex.o
LOAD ./Drivers/STM32U5xx_HAL_Driver/Src/stm32u5xx_hal_tim.o
LOAD ./Drivers/STM32U5xx_HAL_Driver/Src/stm32u5xx_hal_tim_ex.o
LOAD ./Radio/board.o
LOAD ./Radio/delay.o
LOAD ./Radio/gpio-board.o
LOAD ./Radio/gpio.o
LOAD ./Radio/rtc-board.o
LOAD ./Radio/spi-board.o
LOAD ./Radio/sx1276-board.o
LOAD ./Radio/timer.o
LOAD ./Radio/utilities.o
LOAD ./Radio/sx1276/sx1276.o
START GROUP
LOAD C:/ST/STM32CubeIDE_1.16.1/STM32CubeIDE/plugins/com.st.stm32cube.ide.mcu.externaltools.gnu-tools-for-stm32.12.3.rel1.win32_1.0.200.202406191623/tools/bin/../lib/gcc/arm-none-eabi/12.3.1/../../../../arm-none-eabi/lib/thumb/v8-m.main+fp/hard\libc_nano.a
LOAD C:/ST/STM32CubeIDE_1.16.1/STM32CubeIDE/plugins/com.st.stm32cube.ide.mcu.externaltools.gnu-tools-for-stm32.12.3.rel1.win32_1.0.200.202406191623/tools/bin/../lib/gcc/arm-none-eabi/12.3.1/../../../../arm-none-eabi/lib/thumb/v8-m.main+fp/hard\libm.a
END GROUP
START GROUP
LOAD C:/ST/STM32CubeIDE_1.16.1/STM32CubeIDE/plugins/com.st.stm32cube.ide.mcu.externaltools.gnu-tools-for-stm32.12.3.rel1.win32_1.0.200.202406191623/tools/bin/../lib/gcc/arm-none-eabi/12.3.1/thumb/v8-m.main+fp/hard\libgcc.a
LOAD C:/ST/STM32CubeIDE_1.16.1/STM32CubeIDE/plugins/com.st.stm32cube.ide.mcu.externaltools.gnu-tools-for-stm32.12.3.rel1.win32_1.0.200.202406191623/tools/bin/../lib/gcc/arm-none-eabi/12.3.1/../../../../arm-none-eabi/lib/thumb/v8-m.main+fp/hard\libc_nano.a
END GROUP
START GROUP
LOAD C:/ST/STM32CubeIDE_1.16.1/STM32CubeIDE/plugins/com.st.stm32cube.ide.mcu.externaltools.gnu-tools-for-stm32.12.3.rel1.win32_1.0.200.202406191623/tools/bin/../lib/gcc/arm-none-eabi/12.3.1/thumb/v8-m.main+fp/hard\libgcc.a
LOAD C:/ST/STM32CubeIDE_1.16.1/STM32CubeIDE/plugins/com.st.stm32cube.ide.mcu.externaltools.gnu-tools-for-stm32.12.3.rel1.win32_1.0.200.202406191623/tools/bin/../lib/gcc/arm-none-eabi/12.3.1/../../../../arm-none-eabi/lib/thumb/v8-m.main+fp/hard\libc_nano.a
LOAD C:/ST/STM32CubeIDE_1.16.1/STM32CubeIDE/plugins/com.st.stm32cube.ide.mcu.externaltools.gnu-tools-for-stm32.12.3.rel1.win32_1.0.200.202406191623/tools/bin/../lib/gcc/arm-none-eabi/12.3.1/../../../../arm-none-eabi/lib/thumb/v8-m.main+fp/hard\libnosys.a
END GROUP
START GROUP
LOAD C:/ST/STM32CubeIDE_1.16.1/STM32CubeIDE/plugins/com.st.stm32cube.ide.mcu.externaltools.gnu-tools-for-stm32.12.3.rel1.win32_1.0.200.202406191623/tools/bin/../lib/gcc/arm-none-eabi/12.3.1/thumb/v8-m.main+fp/hard\libgcc.a
LOAD C:/ST/STM32CubeIDE_1.16.1/STM32CubeIDE/plugins/com.st.stm32cube.ide.mcu.externaltools.gnu-tools-for-stm32.12.3.rel1.win32_1.0.200.202406191623/tools/bin/../lib/gcc/arm-none-eabi/12.3.1/../../../../arm-none-eabi/lib/thumb/v8-m.main+fp/hard\libc_nano.a
LOAD C:/ST/STM32CubeIDE_1.16.1/STM32CubeIDE/plugins/com.st.stm32cube.ide.mcu.externaltools.gnu-tools-for-stm32.12.3.rel1.win32_1.0.200.202406191623/tools/bin/../lib/gcc/arm-none-eabi/12.3.1/../../../../arm-none-eabi/lib/thumb/v8-m.main+fp/hard\libnosys.a
END GROUP
LOAD C:/ST/STM32CubeIDE_1.16.1/STM32CubeIDE/plugins/com.st.stm32cube.ide.mcu.externaltools.gnu-tools-for-stm32.12.3.rel1.win32_1.0.200.202406191623/tools/bin/../lib/gcc/arm-none-eabi/12.3.1/thumb/v8-m.main+fp/hard/crtend.o
LOAD C:/ST/STM32CubeIDE_1.16.1/STM32CubeIDE/plugins/com.st.stm32cube.ide.mcu.externaltools.gnu-tools-for-stm32.12.3.rel1.win32_1.0.200.202406191623/tools/bin/../lib/gcc/arm-none-eabi/12.3.1/thumb/v8-m.main+fp/hard/crtn.o
                0x20040000                        _estack = (ORIGIN (RAM) + LENGTH (RAM))
                0x00000200                        _Min_Heap_Size = 0x200
                0x00000400                        _Min_Stack_Size = 0x400

.isr_vector     0x08000000      0x238
 *(.isr_vector)
 .isr_vector    0x08000000      0x238 ./Core/Startup/startup_stm32u545retxq.o
                0x08000000                g_pfnVectors

.text           0x08000238     0xb7f4
 *(.text)
 .text          0x08000238       0x40 C:/ST/STM32CubeIDE_1.16.1/STM32CubeIDE/plugins/com.st.stm32cube.ide.mcu.externaltools.gnu-tools-for-stm32.12.3.rel1.win32_1.0.200.202406191623/tools/bin/../lib/gcc/arm-none-eabi/12.3.1/thumb/v8-m.main+fp/hard/crtbegin.o
 .text          0x08000278       0x10 C:/ST/STM32CubeIDE_1.16.1/STM32CubeIDE/plugins/com.st.stm32cube.ide.mcu.externaltools.gnu-tools-for-stm32.12.3.rel1.win32_1.0.200.202406191623/tools/bin/../lib/gcc/arm-none-eabi/12.3.1/../../../../arm-none-eabi/lib/thumb/v8-m.main+fp/hard\libc_nano.a(libc_a-strlen.o)
                0x08000278                strlen
 .text          0x08000288      0x378 C:/ST/STM32CubeIDE_1.16.1/STM32CubeIDE/plugins/com.st.stm32cube.ide.mcu.externaltools.gnu-tools-for-stm32.12.3.rel1.win32_1.0.200.202406191623/tools/bin/../lib/gcc/arm-none-eabi/12.3.1/thumb/v8-m.main+fp/hard\libgcc.a(_arm_addsubdf3.o)
                0x08000288                __aeabi_drsub
                0x08000290                __aeabi_dsub
                0x08000290                __subdf3
                0x08000294                __aeabi_dadd
                0x08000294                __adddf3
                0x0800050c                __floatunsidf
                0x0800050c                __aeabi_ui2d
                0x0800052c                __floatsidf
                0x0800052c                __aeabi_i2d
                0x08000550                __aeabi_f2d
                0x08000550                __extendsfdf2
                0x08000594                __floatundidf
                0x08000594                __aeabi_ul2d
                0x080005a4                __floatdidf
                0x080005a4                __aeabi_l2d
 .text          0x08000600      0x424 C:/ST/STM32CubeIDE_1.16.1/STM32CubeIDE/plugins/com.st.stm32cube.ide.mcu.externaltools.gnu-tools-for-stm32.12.3.rel1.win32_1.0.200.202406191623/tools/bin/../lib/gcc/arm-none-eabi/12.3.1/thumb/v8-m.main+fp/hard\libgcc.a(_arm_muldivdf3.o)
                0x08000600                __aeabi_dmul
                0x08000600                __muldf3
                0x08000854                __divdf3
                0x08000854                __aeabi_ddiv
 .text          0x08000a24      0x110 C:/ST/STM32CubeIDE_1.16.1/STM32CubeIDE/plugins/com.st.stm32cube.ide.mcu.externaltools.gnu-tools-for-stm32.12.3.rel1.win32_1.0.200.202406191623/tools/bin/../lib/gcc/arm-none-eabi/12.3.1/thumb/v8-m.main+fp/hard\libgcc.a(_arm_cmpdf2.o)
                0x08000a24                __gtdf2
                0x08000a24                __gedf2
                0x08000a2c                __ltdf2
                0x08000a2c                __ledf2
                0x08000a34                __nedf2
                0x08000a34                __eqdf2
                0x08000a34                __cmpdf2
                0x08000ab0                __aeabi_cdrcmple
                0x08000ac0                __aeabi_cdcmpeq
                0x08000ac0                __aeabi_cdcmple
                0x08000ad0                __aeabi_dcmpeq
                0x08000ae4                __aeabi_dcmplt
                0x08000af8                __aeabi_dcmple
                0x08000b0c                __aeabi_dcmpge
                0x08000b20                __aeabi_dcmpgt
 .text          0x08000b34       0x50 C:/ST/STM32CubeIDE_1.16.1/STM32CubeIDE/plugins/com.st.stm32cube.ide.mcu.externaltools.gnu-tools-for-stm32.12.3.rel1.win32_1.0.200.202406191623/tools/bin/../lib/gcc/arm-none-eabi/12.3.1/thumb/v8-m.main+fp/hard\libgcc.a(_arm_fixdfsi.o)
                0x08000b34                __aeabi_d2iz
                0x08000b34                __fixdfsi
 .text          0x08000b84       0x40 C:/ST/STM32CubeIDE_1.16.1/STM32CubeIDE/plugins/com.st.stm32cube.ide.mcu.externaltools.gnu-tools-for-stm32.12.3.rel1.win32_1.0.200.202406191623/tools/bin/../lib/gcc/arm-none-eabi/12.3.1/thumb/v8-m.main+fp/hard\libgcc.a(_arm_fixunsdfsi.o)
                0x08000b84                __aeabi_d2uiz
                0x08000b84                __fixunsdfsi
 *(.text*)
 .text.startSystem
                0x08000bc4      0x150 ./Core/Src/WindowSensors/WindowSensorSystem.o
                0x08000bc4                startSystem
 .text.initialiseSystem
                0x08000d14       0x90 ./Core/Src/WindowSensors/WindowSensorSystem.o
                0x08000d14                initialiseSystem
 .text.encode_message
                0x08000da4       0x16 ./Core/Src/WindowSensors/cryptography_module.o
                0x08000da4                encode_message
 .text.decode_message
                0x08000dba       0x16 ./Core/Src/WindowSensors/cryptography_module.o
                0x08000dba                decode_message
 .text.checkWindow1Status
                0x08000dd0       0x24 ./Core/Src/WindowSensors/gpio_control.o
                0x08000dd0                checkWindow1Status
 .text.checkWindow2Status
                0x08000df4       0x20 ./Core/Src/WindowSensors/gpio_control.o
                0x08000df4                checkWindow2Status
 .text.checkWindow3Status
                0x08000e14       0x20 ./Core/Src/WindowSensors/gpio_control.o
                0x08000e14                checkWindow3Status
 .text.handleNewMessage
                0x08000e34       0xc4 ./Core/Src/WindowSensors/message_handler.o
                0x08000e34                handleNewMessage
 .text.handleAcknowledgementMessage
                0x08000ef8       0x78 ./Core/Src/WindowSensors/message_handler.o
                0x08000ef8                handleAcknowledgementMessage
 .text.handleUpdateStatusMessage
                0x08000f70       0xd0 ./Core/Src/WindowSensors/message_handler.o
                0x08000f70                handleUpdateStatusMessage
 .text.initQueue
                0x08001040       0x28 ./Core/Src/WindowSensors/pointer_queue.o
                0x08001040                initQueue
 .text.isFull   0x08001068       0x22 ./Core/Src/WindowSensors/pointer_queue.o
                0x08001068                isFull
 .text.isEmpty  0x0800108a       0x22 ./Core/Src/WindowSensors/pointer_queue.o
                0x0800108a                isEmpty
 .text.enqueue  0x080010ac       0x68 ./Core/Src/WindowSensors/pointer_queue.o
                0x080010ac                enqueue
 .text.dequeue  0x08001114       0x64 ./Core/Src/WindowSensors/pointer_queue.o
                0x08001114                dequeue
 .text.initRadioCommunication
                0x08001178       0xdc ./Core/Src/WindowSensors/radioUtils.o
                0x08001178                initRadioCommunication
 .text.send_window_status_update
                0x08001254       0xc0 ./Core/Src/WindowSensors/radioUtils.o
                0x08001254                send_window_status_update
 .text.OnTxDone
                0x08001314       0x28 ./Core/Src/WindowSensors/radioUtils.o
                0x08001314                OnTxDone
 .text.OnRxDone
                0x0800133c       0x48 ./Core/Src/WindowSensors/radioUtils.o
                0x0800133c                OnRxDone
 .text.OnTxTimeout
                0x08001384       0x2c ./Core/Src/WindowSensors/radioUtils.o
                0x08001384                OnTxTimeout
 .text.OnRxTimeout
                0x080013b0       0x28 ./Core/Src/WindowSensors/radioUtils.o
                0x080013b0                OnRxTimeout
 .text.OnRxError
                0x080013d8       0x2c ./Core/Src/WindowSensors/radioUtils.o
                0x080013d8                OnRxError
 .text.main     0x08001404       0x2a ./Core/Src/main.o
                0x08001404                main
 .text.SystemClock_Config
                0x0800142e       0x9c ./Core/Src/main.o
                0x0800142e                SystemClock_Config
 .text.SystemPower_Config
                0x080014ca       0x18 ./Core/Src/main.o
 *fill*         0x080014e2        0x2 
 .text.MX_LPDMA1_Init
                0x080014e4       0x7c ./Core/Src/main.o
 .text.MX_RTC_Init
                0x08001560       0x9c ./Core/Src/main.o
 .text.MX_SPI1_Init
                0x080015fc       0xdc ./Core/Src/main.o
 .text.MX_GPIO_Init
                0x080016d8       0xf0 ./Core/Src/main.o
 .text.Error_Handler
                0x080017c8        0xc ./Core/Src/main.o
                0x080017c8                Error_Handler
 .text.HAL_MspInit
                0x080017d4       0x34 ./Core/Src/stm32u5xx_hal_msp.o
                0x080017d4                HAL_MspInit
 .text.HAL_RTC_MspInit
                0x08001808       0x98 ./Core/Src/stm32u5xx_hal_msp.o
                0x08001808                HAL_RTC_MspInit
 .text.HAL_SPI_MspInit
                0x080018a0       0xd4 ./Core/Src/stm32u5xx_hal_msp.o
                0x080018a0                HAL_SPI_MspInit
 .text.NMI_Handler
                0x08001974        0x8 ./Core/Src/stm32u5xx_it.o
                0x08001974                NMI_Handler
 .text.HardFault_Handler
                0x0800197c        0x8 ./Core/Src/stm32u5xx_it.o
                0x0800197c                HardFault_Handler
 .text.MemManage_Handler
                0x08001984        0x8 ./Core/Src/stm32u5xx_it.o
                0x08001984                MemManage_Handler
 .text.BusFault_Handler
                0x0800198c        0x8 ./Core/Src/stm32u5xx_it.o
                0x0800198c                BusFault_Handler
 .text.UsageFault_Handler
                0x08001994        0x8 ./Core/Src/stm32u5xx_it.o
                0x08001994                UsageFault_Handler
 .text.SVC_Handler
                0x0800199c        0xe ./Core/Src/stm32u5xx_it.o
                0x0800199c                SVC_Handler
 .text.DebugMon_Handler
                0x080019aa        0xe ./Core/Src/stm32u5xx_it.o
                0x080019aa                DebugMon_Handler
 .text.PendSV_Handler
                0x080019b8        0xe ./Core/Src/stm32u5xx_it.o
                0x080019b8                PendSV_Handler
 .text.SysTick_Handler
                0x080019c6        0xc ./Core/Src/stm32u5xx_it.o
                0x080019c6                SysTick_Handler
 .text._read    0x080019d2       0x3a ./Core/Src/syscalls.o
                0x080019d2                _read
 .text._write   0x08001a0c       0x38 ./Core/Src/syscalls.o
                0x08001a0c                _write
 .text._close   0x08001a44       0x18 ./Core/Src/syscalls.o
                0x08001a44                _close
 .text._fstat   0x08001a5c       0x20 ./Core/Src/syscalls.o
                0x08001a5c                _fstat
 .text._isatty  0x08001a7c       0x16 ./Core/Src/syscalls.o
                0x08001a7c                _isatty
 .text._lseek   0x08001a92       0x1a ./Core/Src/syscalls.o
                0x08001a92                _lseek
 .text._sbrk    0x08001aac       0x6c ./Core/Src/sysmem.o
                0x08001aac                _sbrk
 .text.SystemInit
                0x08001b18       0x70 ./Core/Src/system_stm32u5xx.o
                0x08001b18                SystemInit
 .text.Reset_Handler
                0x08001b88       0x50 ./Core/Startup/startup_stm32u545retxq.o
                0x08001b88                Reset_Handler
 .text.Default_Handler
                0x08001bd8        0x2 ./Core/Startup/startup_stm32u545retxq.o
                0x08001bd8                TIM8_TRG_COM_IRQHandler
                0x08001bd8                TIM8_CC_IRQHandler
                0x08001bd8                FLASH_S_IRQHandler
                0x08001bd8                TIM1_CC_IRQHandler
                0x08001bd8                TSC_IRQHandler
                0x08001bd8                TAMP_IRQHandler
                0x08001bd8                TIM6_IRQHandler
                0x08001bd8                CORDIC_IRQHandler
                0x08001bd8                LPTIM4_IRQHandler
                0x08001bd8                GPDMA1_Channel5_IRQHandler
                0x08001bd8                LPTIM2_IRQHandler
                0x08001bd8                I2C3_ER_IRQHandler
                0x08001bd8                PWR_S3WU_IRQHandler
                0x08001bd8                LPDMA1_Channel3_IRQHandler
                0x08001bd8                LPTIM3_IRQHandler
                0x08001bd8                I2C2_EV_IRQHandler
                0x08001bd8                FPU_IRQHandler
                0x08001bd8                GPDMA1_Channel3_IRQHandler
                0x08001bd8                GPDMA1_Channel7_IRQHandler
                0x08001bd8                FDCAN1_IT1_IRQHandler
                0x08001bd8                RAMCFG_IRQHandler
                0x08001bd8                GPDMA1_Channel9_IRQHandler
                0x08001bd8                DCACHE1_IRQHandler
                0x08001bd8                SPI1_IRQHandler
                0x08001bd8                OCTOSPI1_IRQHandler
                0x08001bd8                GPDMA1_Channel2_IRQHandler
                0x08001bd8                TIM8_UP_IRQHandler
                0x08001bd8                RCC_S_IRQHandler
                0x08001bd8                MDF1_FLT1_IRQHandler
                0x08001bd8                ADC1_IRQHandler
                0x08001bd8                PKA_IRQHandler
                0x08001bd8                TIM17_IRQHandler
                0x08001bd8                USART3_IRQHandler
                0x08001bd8                UART5_IRQHandler
                0x08001bd8                TIM4_IRQHandler
                0x08001bd8                I2C1_EV_IRQHandler
                0x08001bd8                GPDMA1_Channel12_IRQHandler
                0x08001bd8                GPDMA1_Channel1_IRQHandler
                0x08001bd8                TIM16_IRQHandler
                0x08001bd8                GPDMA1_Channel15_IRQHandler
                0x08001bd8                UART4_IRQHandler
                0x08001bd8                SecureFault_Handler
                0x08001bd8                TIM3_IRQHandler
                0x08001bd8                RCC_IRQHandler
                0x08001bd8                TIM1_TRG_COM_IRQHandler
                0x08001bd8                Default_Handler
                0x08001bd8                GPDMA1_Channel8_IRQHandler
                0x08001bd8                FMAC_IRQHandler
                0x08001bd8                OTFDEC1_IRQHandler
                0x08001bd8                GPDMA1_Channel11_IRQHandler
                0x08001bd8                TIM7_IRQHandler
                0x08001bd8                SDMMC1_IRQHandler
                0x08001bd8                SAES_IRQHandler
                0x08001bd8                TIM5_IRQHandler
                0x08001bd8                GPDMA1_Channel0_IRQHandler
                0x08001bd8                TIM15_IRQHandler
                0x08001bd8                I2C3_EV_IRQHandler
                0x08001bd8                USB_IRQHandler
                0x08001bd8                LPDMA1_Channel0_IRQHandler
                0x08001bd8                PVD_PVM_IRQHandler
                0x08001bd8                SPI2_IRQHandler
                0x08001bd8                LPDMA1_Channel1_IRQHandler
                0x08001bd8                CRS_IRQHandler
                0x08001bd8                GPDMA1_Channel14_IRQHandler
                0x08001bd8                LSECSSD_IRQHandler
                0x08001bd8                RTC_S_IRQHandler
                0x08001bd8                GPDMA1_Channel13_IRQHandler
                0x08001bd8                RNG_IRQHandler
                0x08001bd8                COMP_IRQHandler
                0x08001bd8                TIM1_UP_IRQHandler
                0x08001bd8                ADC4_IRQHandler
                0x08001bd8                WWDG_IRQHandler
                0x08001bd8                I2C4_EV_IRQHandler
                0x08001bd8                ADF1_IRQHandler
                0x08001bd8                IWDG_IRQHandler
                0x08001bd8                LPUART1_IRQHandler
                0x08001bd8                MDF1_FLT0_IRQHandler
                0x08001bd8                FDCAN1_IT0_IRQHandler
                0x08001bd8                TIM2_IRQHandler
                0x08001bd8                GPDMA1_Channel4_IRQHandler
                0x08001bd8                TIM1_BRK_IRQHandler
                0x08001bd8                AES_IRQHandler
                0x08001bd8                DAC1_IRQHandler
                0x08001bd8                GTZC_IRQHandler
                0x08001bd8                GPDMA1_Channel6_IRQHandler
                0x08001bd8                I2C2_ER_IRQHandler
                0x08001bd8                TIM8_BRK_IRQHandler
                0x08001bd8                FLASH_IRQHandler
                0x08001bd8                USART1_IRQHandler
                0x08001bd8                SPI3_IRQHandler
                0x08001bd8                LPDMA1_Channel2_IRQHandler
                0x08001bd8                I2C1_ER_IRQHandler
                0x08001bd8                LPTIM1_IRQHandler
                0x08001bd8                DCMI_PSSI_IRQHandler
                0x08001bd8                I2C4_ER_IRQHandler
                0x08001bd8                GPDMA1_Channel10_IRQHandler
                0x08001bd8                ICACHE_IRQHandler
                0x08001bd8                SAI1_IRQHandler
                0x08001bd8                HASH_IRQHandler
 *fill*         0x08001bda        0x2 
 .text.HAL_Init
                0x08001bdc       0x60 ./Drivers/STM32U5xx_HAL_Driver/Src/stm32u5xx_hal.o
                0x08001bdc                HAL_Init
 .text.HAL_InitTick
                0x08001c3c       0xec ./Drivers/STM32U5xx_HAL_Driver/Src/stm32u5xx_hal.o
                0x08001c3c                HAL_InitTick
 .text.HAL_IncTick
                0x08001d28       0x28 ./Drivers/STM32U5xx_HAL_Driver/Src/stm32u5xx_hal.o
                0x08001d28                HAL_IncTick
 .text.HAL_GetTick
                0x08001d50       0x18 ./Drivers/STM32U5xx_HAL_Driver/Src/stm32u5xx_hal.o
                0x08001d50                HAL_GetTick
 .text.HAL_Delay
                0x08001d68       0x48 ./Drivers/STM32U5xx_HAL_Driver/Src/stm32u5xx_hal.o
                0x08001d68                HAL_Delay
 .text.__NVIC_SetPriorityGrouping
                0x08001db0       0x48 ./Drivers/STM32U5xx_HAL_Driver/Src/stm32u5xx_hal_cortex.o
 .text.__NVIC_GetPriorityGrouping
                0x08001df8       0x1c ./Drivers/STM32U5xx_HAL_Driver/Src/stm32u5xx_hal_cortex.o
 .text.__NVIC_EnableIRQ
                0x08001e14       0x3c ./Drivers/STM32U5xx_HAL_Driver/Src/stm32u5xx_hal_cortex.o
 .text.__NVIC_SetPriority
                0x08001e50       0x54 ./Drivers/STM32U5xx_HAL_Driver/Src/stm32u5xx_hal_cortex.o
 .text.NVIC_EncodePriority
                0x08001ea4       0x66 ./Drivers/STM32U5xx_HAL_Driver/Src/stm32u5xx_hal_cortex.o
 .text.HAL_NVIC_SetPriorityGrouping
                0x08001f0a       0x16 ./Drivers/STM32U5xx_HAL_Driver/Src/stm32u5xx_hal_cortex.o
                0x08001f0a                HAL_NVIC_SetPriorityGrouping
 .text.HAL_NVIC_SetPriority
                0x08001f20       0x34 ./Drivers/STM32U5xx_HAL_Driver/Src/stm32u5xx_hal_cortex.o
                0x08001f20                HAL_NVIC_SetPriority
 .text.HAL_NVIC_EnableIRQ
                0x08001f54       0x1c ./Drivers/STM32U5xx_HAL_Driver/Src/stm32u5xx_hal_cortex.o
                0x08001f54                HAL_NVIC_EnableIRQ
 .text.HAL_SYSTICK_Config
                0x08001f70       0x44 ./Drivers/STM32U5xx_HAL_Driver/Src/stm32u5xx_hal_cortex.o
                0x08001f70                HAL_SYSTICK_Config
 .text.HAL_SYSTICK_CLKSourceConfig
                0x08001fb4       0xb0 ./Drivers/STM32U5xx_HAL_Driver/Src/stm32u5xx_hal_cortex.o
                0x08001fb4                HAL_SYSTICK_CLKSourceConfig
 .text.HAL_SYSTICK_GetCLKSourceConfig
                0x08002064       0x74 ./Drivers/STM32U5xx_HAL_Driver/Src/stm32u5xx_hal_cortex.o
                0x08002064                HAL_SYSTICK_GetCLKSourceConfig
 .text.HAL_DMA_ConfigChannelAttributes
                0x080020d8       0x78 ./Drivers/STM32U5xx_HAL_Driver/Src/stm32u5xx_hal_dma.o
                0x080020d8                HAL_DMA_ConfigChannelAttributes
 .text.HAL_DMAEx_List_Init
                0x08002150      0x258 ./Drivers/STM32U5xx_HAL_Driver/Src/stm32u5xx_hal_dma_ex.o
                0x08002150                HAL_DMAEx_List_Init
 .text.DMA_List_Init
                0x080023a8      0x2b0 ./Drivers/STM32U5xx_HAL_Driver/Src/stm32u5xx_hal_dma_ex.o
 .text.HAL_GPIO_Init
                0x08002658      0x3b0 ./Drivers/STM32U5xx_HAL_Driver/Src/stm32u5xx_hal_gpio.o
                0x08002658                HAL_GPIO_Init
 .text.HAL_GPIO_ReadPin
                0x08002a08       0x30 ./Drivers/STM32U5xx_HAL_Driver/Src/stm32u5xx_hal_gpio.o
                0x08002a08                HAL_GPIO_ReadPin
 .text.HAL_GPIO_WritePin
                0x08002a38       0x30 ./Drivers/STM32U5xx_HAL_Driver/Src/stm32u5xx_hal_gpio.o
                0x08002a38                HAL_GPIO_WritePin
 .text.HAL_GPIO_EXTI_IRQHandler
                0x08002a68       0x4c ./Drivers/STM32U5xx_HAL_Driver/Src/stm32u5xx_hal_gpio.o
                0x08002a68                HAL_GPIO_EXTI_IRQHandler
 .text.HAL_GPIO_EXTI_Falling_Callback
                0x08002ab4       0x16 ./Drivers/STM32U5xx_HAL_Driver/Src/stm32u5xx_hal_gpio.o
                0x08002ab4                HAL_GPIO_EXTI_Falling_Callback
 *fill*         0x08002aca        0x2 
 .text.HAL_PWREx_ControlVoltageScaling
                0x08002acc       0xfc ./Drivers/STM32U5xx_HAL_Driver/Src/stm32u5xx_hal_pwr_ex.o
                0x08002acc                HAL_PWREx_ControlVoltageScaling
 .text.HAL_PWREx_GetVoltageRange
                0x08002bc8       0x1c ./Drivers/STM32U5xx_HAL_Driver/Src/stm32u5xx_hal_pwr_ex.o
                0x08002bc8                HAL_PWREx_GetVoltageRange
 .text.HAL_PWREx_ConfigSupply
                0x08002be4       0xa0 ./Drivers/STM32U5xx_HAL_Driver/Src/stm32u5xx_hal_pwr_ex.o
                0x08002be4                HAL_PWREx_ConfigSupply
 .text.HAL_RCC_OscConfig
                0x08002c84      0xdb8 ./Drivers/STM32U5xx_HAL_Driver/Src/stm32u5xx_hal_rcc.o
                0x08002c84                HAL_RCC_OscConfig
 .text.HAL_RCC_ClockConfig
                0x08003a3c      0x3e4 ./Drivers/STM32U5xx_HAL_Driver/Src/stm32u5xx_hal_rcc.o
                0x08003a3c                HAL_RCC_ClockConfig
 .text.HAL_RCC_GetSysClockFreq
                0x08003e20      0x204 ./Drivers/STM32U5xx_HAL_Driver/Src/stm32u5xx_hal_rcc.o
                0x08003e20                HAL_RCC_GetSysClockFreq
 .text.HAL_RCC_GetHCLKFreq
                0x08004024       0x34 ./Drivers/STM32U5xx_HAL_Driver/Src/stm32u5xx_hal_rcc.o
                0x08004024                HAL_RCC_GetHCLKFreq
 .text.RCC_SetFlashLatencyFromMSIRange
                0x08004058      0x10c ./Drivers/STM32U5xx_HAL_Driver/Src/stm32u5xx_hal_rcc.o
 .text.HAL_RCCEx_PeriphCLKConfig
                0x08004164      0xa7c ./Drivers/STM32U5xx_HAL_Driver/Src/stm32u5xx_hal_rcc_ex.o
                0x08004164                HAL_RCCEx_PeriphCLKConfig
 .text.RCCEx_PLL2_Config
                0x08004be0      0x130 ./Drivers/STM32U5xx_HAL_Driver/Src/stm32u5xx_hal_rcc_ex.o
 .text.RCCEx_PLL3_Config
                0x08004d10      0x130 ./Drivers/STM32U5xx_HAL_Driver/Src/stm32u5xx_hal_rcc_ex.o
 .text.HAL_RTC_Init
                0x08004e40      0x104 ./Drivers/STM32U5xx_HAL_Driver/Src/stm32u5xx_hal_rtc.o
                0x08004e40                HAL_RTC_Init
 .text.HAL_RTC_SetTime
                0x08004f44      0x138 ./Drivers/STM32U5xx_HAL_Driver/Src/stm32u5xx_hal_rtc.o
                0x08004f44                HAL_RTC_SetTime
 .text.HAL_RTC_GetTime
                0x0800507c       0xe4 ./Drivers/STM32U5xx_HAL_Driver/Src/stm32u5xx_hal_rtc.o
                0x0800507c                HAL_RTC_GetTime
 .text.HAL_RTC_SetDate
                0x08005160      0x10c ./Drivers/STM32U5xx_HAL_Driver/Src/stm32u5xx_hal_rtc.o
                0x08005160                HAL_RTC_SetDate
 .text.HAL_RTC_GetDate
                0x0800526c       0x9c ./Drivers/STM32U5xx_HAL_Driver/Src/stm32u5xx_hal_rtc.o
                0x0800526c                HAL_RTC_GetDate
 .text.HAL_RTC_SetAlarm_IT
                0x08005308      0x200 ./Drivers/STM32U5xx_HAL_Driver/Src/stm32u5xx_hal_rtc.o
                0x08005308                HAL_RTC_SetAlarm_IT
 .text.HAL_RTC_DeactivateAlarm
                0x08005508       0x84 ./Drivers/STM32U5xx_HAL_Driver/Src/stm32u5xx_hal_rtc.o
                0x08005508                HAL_RTC_DeactivateAlarm
 .text.HAL_RTC_GetAlarm
                0x0800558c      0x17c ./Drivers/STM32U5xx_HAL_Driver/Src/stm32u5xx_hal_rtc.o
                0x0800558c                HAL_RTC_GetAlarm
 .text.HAL_RTC_AlarmIRQHandler
                0x08005708       0x50 ./Drivers/STM32U5xx_HAL_Driver/Src/stm32u5xx_hal_rtc.o
                0x08005708                HAL_RTC_AlarmIRQHandler
 .text.HAL_RTC_AlarmAEventCallback
                0x08005758       0x14 ./Drivers/STM32U5xx_HAL_Driver/Src/stm32u5xx_hal_rtc.o
                0x08005758                HAL_RTC_AlarmAEventCallback
 .text.HAL_RTC_WaitForSynchro
                0x0800576c       0x64 ./Drivers/STM32U5xx_HAL_Driver/Src/stm32u5xx_hal_rtc.o
                0x0800576c                HAL_RTC_WaitForSynchro
 .text.RTC_EnterInitMode
                0x080057d0       0x78 ./Drivers/STM32U5xx_HAL_Driver/Src/stm32u5xx_hal_rtc.o
                0x080057d0                RTC_EnterInitMode
 .text.RTC_ExitInitMode
                0x08005848       0x7c ./Drivers/STM32U5xx_HAL_Driver/Src/stm32u5xx_hal_rtc.o
                0x08005848                RTC_ExitInitMode
 .text.RTC_ByteToBcd2
                0x080058c4       0x40 ./Drivers/STM32U5xx_HAL_Driver/Src/stm32u5xx_hal_rtc.o
                0x080058c4                RTC_ByteToBcd2
 .text.RTC_Bcd2ToByte
                0x08005904       0x38 ./Drivers/STM32U5xx_HAL_Driver/Src/stm32u5xx_hal_rtc.o
                0x08005904                RTC_Bcd2ToByte
 .text.HAL_RTCEx_DeactivateWakeUpTimer
                0x0800593c       0x5c ./Drivers/STM32U5xx_HAL_Driver/Src/stm32u5xx_hal_rtc_ex.o
                0x0800593c                HAL_RTCEx_DeactivateWakeUpTimer
 .text.HAL_RTCEx_AlarmBEventCallback
                0x08005998       0x14 ./Drivers/STM32U5xx_HAL_Driver/Src/stm32u5xx_hal_rtc_ex.o
                0x08005998                HAL_RTCEx_AlarmBEventCallback
 .text.HAL_RTCEx_PrivilegeModeSet
                0x080059ac       0x5c ./Drivers/STM32U5xx_HAL_Driver/Src/stm32u5xx_hal_rtc_ex.o
                0x080059ac                HAL_RTCEx_PrivilegeModeSet
 .text.HAL_SPI_Init
                0x08005a08      0x22c ./Drivers/STM32U5xx_HAL_Driver/Src/stm32u5xx_hal_spi.o
                0x08005a08                HAL_SPI_Init
 .text.HAL_SPI_Transmit
                0x08005c34      0x420 ./Drivers/STM32U5xx_HAL_Driver/Src/stm32u5xx_hal_spi.o
                0x08005c34                HAL_SPI_Transmit
 .text.HAL_SPI_Receive
                0x08006054      0x344 ./Drivers/STM32U5xx_HAL_Driver/Src/stm32u5xx_hal_spi.o
                0x08006054                HAL_SPI_Receive
 .text.HAL_SPI_GetState
                0x08006398       0x1c ./Drivers/STM32U5xx_HAL_Driver/Src/stm32u5xx_hal_spi.o
                0x08006398                HAL_SPI_GetState
 .text.SPI_CloseTransfer
                0x080063b4      0x140 ./Drivers/STM32U5xx_HAL_Driver/Src/stm32u5xx_hal_spi.o
 .text.SPI_WaitOnFlagUntilTimeout
                0x080064f4       0x5c ./Drivers/STM32U5xx_HAL_Driver/Src/stm32u5xx_hal_spi.o
 .text.SPI_GetPacketSize
                0x08006550       0x36 ./Drivers/STM32U5xx_HAL_Driver/Src/stm32u5xx_hal_spi.o
 .text.HAL_SPIEx_SetConfigAutonomousMode
                0x08006586       0x82 ./Drivers/STM32U5xx_HAL_Driver/Src/stm32u5xx_hal_spi_ex.o
                0x08006586                HAL_SPIEx_SetConfigAutonomousMode
 .text.BoardInitPeriph
                0x08006608       0x6c ./Radio/board.o
                0x08006608                BoardInitPeriph
 .text.BoardInitMcu
                0x08006674       0x50 ./Radio/board.o
                0x08006674                BoardInitMcu
 .text.DelayMs  0x080066c4       0x16 ./Radio/delay.o
                0x080066c4                DelayMs
 *fill*         0x080066da        0x2 
 .text.GpioMcuInit
                0x080066dc      0x1cc ./Radio/gpio-board.o
                0x080066dc                GpioMcuInit
 .text.GpioMcuSetInterrupt
                0x080068a8      0x284 ./Radio/gpio-board.o
                0x080068a8                GpioMcuSetInterrupt
 .text.GpioMcuWrite
                0x08006b2c       0x36 ./Radio/gpio-board.o
                0x08006b2c                GpioMcuWrite
 .text.EXTI0_IRQHandler
                0x08006b62       0x12 ./Radio/gpio-board.o
                0x08006b62                EXTI0_IRQHandler
 .text.EXTI1_IRQHandler
                0x08006b74       0x12 ./Radio/gpio-board.o
                0x08006b74                EXTI1_IRQHandler
 .text.EXTI2_IRQHandler
                0x08006b86       0x12 ./Radio/gpio-board.o
                0x08006b86                EXTI2_IRQHandler
 .text.EXTI3_IRQHandler
                0x08006b98       0x12 ./Radio/gpio-board.o
                0x08006b98                EXTI3_IRQHandler
 .text.EXTI4_IRQHandler
                0x08006baa       0x12 ./Radio/gpio-board.o
                0x08006baa                EXTI4_IRQHandler
 .text.EXTI5_IRQHandler
                0x08006bbc       0x12 ./Radio/gpio-board.o
                0x08006bbc                EXTI5_IRQHandler
 .text.EXTI6_IRQHandler
                0x08006bce       0x12 ./Radio/gpio-board.o
                0x08006bce                EXTI6_IRQHandler
 .text.EXTI7_IRQHandler
                0x08006be0       0x12 ./Radio/gpio-board.o
                0x08006be0                EXTI7_IRQHandler
 .text.EXTI8_IRQHandler
                0x08006bf2       0x14 ./Radio/gpio-board.o
                0x08006bf2                EXTI8_IRQHandler
 .text.EXTI9_IRQHandler
                0x08006c06       0x14 ./Radio/gpio-board.o
                0x08006c06                EXTI9_IRQHandler
 .text.EXTI10_IRQHandler
                0x08006c1a       0x14 ./Radio/gpio-board.o
                0x08006c1a                EXTI10_IRQHandler
 .text.EXTI11_IRQHandler
                0x08006c2e       0x14 ./Radio/gpio-board.o
                0x08006c2e                EXTI11_IRQHandler
 .text.EXTI12_IRQHandler
                0x08006c42       0x14 ./Radio/gpio-board.o
                0x08006c42                EXTI12_IRQHandler
 .text.EXTI13_IRQHandler
                0x08006c56       0x14 ./Radio/gpio-board.o
                0x08006c56                EXTI13_IRQHandler
 .text.EXTI14_IRQHandler
                0x08006c6a       0x14 ./Radio/gpio-board.o
                0x08006c6a                EXTI14_IRQHandler
 .text.EXTI15_IRQHandler
                0x08006c7e       0x14 ./Radio/gpio-board.o
                0x08006c7e                EXTI15_IRQHandler
 *fill*         0x08006c92        0x2 
 .text.HAL_GPIO_EXTI_Rising_Callback
                0x08006c94       0x4c ./Radio/gpio-board.o
                0x08006c94                HAL_GPIO_EXTI_Rising_Callback
 .text.GpioInit
                0x08006ce0       0x48 ./Radio/gpio.o
                0x08006ce0                GpioInit
 .text.GpioSetInterrupt
                0x08006d28       0x36 ./Radio/gpio.o
                0x08006d28                GpioSetInterrupt
 .text.GpioWrite
                0x08006d5e       0x2a ./Radio/gpio.o
                0x08006d5e                GpioWrite
 .text.RtcInit  0x08006d88       0xc8 ./Radio/rtc-board.o
                0x08006d88                RtcInit
 .text.RtcSetTimeout
                0x08006e50       0x16 ./Radio/rtc-board.o
                0x08006e50                RtcSetTimeout
 *fill*         0x08006e66        0x2 
 .text.RtcGetAdjustedTimeoutValue
                0x08006e68       0x70 ./Radio/rtc-board.o
                0x08006e68                RtcGetAdjustedTimeoutValue
 .text.RtcGetElapsedAlarmTime
                0x08006ed8       0x44 ./Radio/rtc-board.o
                0x08006ed8                RtcGetElapsedAlarmTime
 .text.BlockLowPowerDuringTask
                0x08006f1c       0x28 ./Radio/rtc-board.o
                0x08006f1c                BlockLowPowerDuringTask
 .text.RtcRecoverMcuStatus
                0x08006f44        0xe ./Radio/rtc-board.o
                0x08006f44                RtcRecoverMcuStatus
 *fill*         0x08006f52        0x2 
 .text.RtcComputeWakeUpTime
                0x08006f54       0xcc ./Radio/rtc-board.o
 .text.RtcStartWakeUpAlarm
                0x08007020       0xa0 ./Radio/rtc-board.o
 .text.RtcComputeTimerTimeToAlarmTick
                0x080070c0      0x3a0 ./Radio/rtc-board.o
 .text.RtcConvertCalendarTickToTimerTime
                0x08007460      0x1e8 ./Radio/rtc-board.o
 .text.RtcCheckCalendarRollOver
                0x08007648       0x4c ./Radio/rtc-board.o
 .text.RtcGetCalendar
                0x08007694       0x5c ./Radio/rtc-board.o
 .text.RTC_IRQHandler
                0x080076f0       0x38 ./Radio/rtc-board.o
                0x080076f0                RTC_IRQHandler
 .text.SpiInit  0x08007728      0x120 ./Radio/spi-board.o
                0x08007728                SpiInit
 .text.SpiFormat
                0x08007848       0xc2 ./Radio/spi-board.o
                0x08007848                SpiFormat
 *fill*         0x0800790a        0x2 
 .text.SX1276IoInit
                0x0800790c       0xb4 ./Radio/sx1276-board.o
                0x0800790c                SX1276IoInit
 .text.SX1276IoIrqInit
                0x080079c0       0x88 ./Radio/sx1276-board.o
                0x080079c0                SX1276IoIrqInit
 .text.SX1276GetPaSelect
                0x08007a48       0x16 ./Radio/sx1276-board.o
                0x08007a48                SX1276GetPaSelect
 *fill*         0x08007a5e        0x2 
 .text.SX1276SetAntSwLowPower
                0x08007a60       0x3c ./Radio/sx1276-board.o
                0x08007a60                SX1276SetAntSwLowPower
 .text.SX1276AntSwInit
                0x08007a9c       0x3c ./Radio/sx1276-board.o
                0x08007a9c                SX1276AntSwInit
 .text.SX1276AntSwDeInit
                0x08007ad8       0x3c ./Radio/sx1276-board.o
                0x08007ad8                SX1276AntSwDeInit
 .text.SX1276SetAntSw
                0x08007b14       0x44 ./Radio/sx1276-board.o
                0x08007b14                SX1276SetAntSw
 .text.SX1276CheckRfFrequency
                0x08007b58       0x16 ./Radio/sx1276-board.o
                0x08007b58                SX1276CheckRfFrequency
 .text.TimerInit
                0x08007b6e       0x34 ./Radio/timer.o
                0x08007b6e                TimerInit
 *fill*         0x08007ba2        0x2 
 .text.TimerStart
                0x08007ba4       0xb4 ./Radio/timer.o
                0x08007ba4                TimerStart
 .text.TimerInsertTimer
                0x08007c58       0xdc ./Radio/timer.o
 .text.TimerInsertNewHeadTimer
                0x08007d34       0x50 ./Radio/timer.o
 .text.TimerIrqHandler
                0x08007d84       0xb0 ./Radio/timer.o
                0x08007d84                TimerIrqHandler
 .text.TimerStop
                0x08007e34      0x140 ./Radio/timer.o
                0x08007e34                TimerStop
 .text.TimerExists
                0x08007f74       0x3c ./Radio/timer.o
 .text.TimerSetValue
                0x08007fb0       0x24 ./Radio/timer.o
                0x08007fb0                TimerSetValue
 .text.TimerGetValue
                0x08007fd4        0xe ./Radio/timer.o
                0x08007fd4                TimerGetValue
 *fill*         0x08007fe2        0x2 
 .text.TimerSetTimeout
                0x08007fe4       0x34 ./Radio/timer.o
 .text.memcpy1  0x08008018       0x38 ./Radio/utilities.o
                0x08008018                memcpy1
 .text.SX1276Init
                0x08008050       0xbc ./Radio/sx1276/sx1276.o
                0x08008050                SX1276Init
 .text.SX1276GetStatus
                0x0800810c       0x18 ./Radio/sx1276/sx1276.o
                0x0800810c                SX1276GetStatus
 *fill*         0x08008124        0x4 
 .text.SX1276SetChannel
                0x08008128       0x6c ./Radio/sx1276/sx1276.o
                0x08008128                SX1276SetChannel
 .text.SX1276IsChannelFree
                0x08008194       0x58 ./Radio/sx1276/sx1276.o
                0x08008194                SX1276IsChannelFree
 .text.SX1276Random
                0x080081ec       0x5c ./Radio/sx1276/sx1276.o
                0x080081ec                SX1276Random
 .text.RxChainCalibration
                0x08008248       0xd4 ./Radio/sx1276/sx1276.o
 .text.GetFskBandwidthRegValue
                0x0800831c       0x58 ./Radio/sx1276/sx1276.o
 *fill*         0x08008374        0x4 
 .text.SX1276SetRxConfig
                0x08008378      0x3c4 ./Radio/sx1276/sx1276.o
                0x08008378                SX1276SetRxConfig
 *fill*         0x0800873c        0x4 
 .text.SX1276SetTxConfig
                0x08008740      0x480 ./Radio/sx1276/sx1276.o
                0x08008740                SX1276SetTxConfig
 .text.SX1276GetTimeOnAir
                0x08008bc0      0x380 ./Radio/sx1276/sx1276.o
                0x08008bc0                SX1276GetTimeOnAir
 .text.SX1276Send
                0x08008f40      0x168 ./Radio/sx1276/sx1276.o
                0x08008f40                SX1276Send
 .text.SX1276SetSleep
                0x080090a8       0x30 ./Radio/sx1276/sx1276.o
                0x080090a8                SX1276SetSleep
 .text.SX1276SetStby
                0x080090d8       0x30 ./Radio/sx1276/sx1276.o
                0x080090d8                SX1276SetStby
 .text.SX1276SetRx
                0x08009108      0x4a8 ./Radio/sx1276/sx1276.o
                0x08009108                SX1276SetRx
 .text.SX1276SetTx
                0x080095b0       0xf0 ./Radio/sx1276/sx1276.o
                0x080095b0                SX1276SetTx
 .text.SX1276StartCad
                0x080096a0       0x4c ./Radio/sx1276/sx1276.o
                0x080096a0                SX1276StartCad
 .text.SX1276ReadRssi
                0x080096ec       0x78 ./Radio/sx1276/sx1276.o
                0x080096ec                SX1276ReadRssi
 .text.SX1276Reset
                0x08009764       0x44 ./Radio/sx1276/sx1276.o
                0x08009764                SX1276Reset
 .text.SX1276SetOpMode
                0x080097a8       0x5c ./Radio/sx1276/sx1276.o
                0x080097a8                SX1276SetOpMode
 .text.SX1276SetModem
                0x08009804       0x84 ./Radio/sx1276/sx1276.o
                0x08009804                SX1276SetModem
 .text.SX1276Write
                0x08009888       0x24 ./Radio/sx1276/sx1276.o
                0x08009888                SX1276Write
 .text.SX1276Read
                0x080098ac       0x22 ./Radio/sx1276/sx1276.o
                0x080098ac                SX1276Read
 *fill*         0x080098ce        0x2 
 .text.SX1276WriteBuffer
                0x080098d0       0x58 ./Radio/sx1276/sx1276.o
                0x080098d0                SX1276WriteBuffer
 .text.SX1276ReadBuffer
                0x08009928       0x74 ./Radio/sx1276/sx1276.o
                0x08009928                SX1276ReadBuffer
 .text.SX1276WriteFifo
                0x0800999c       0x20 ./Radio/sx1276/sx1276.o
                0x0800999c                SX1276WriteFifo
 .text.SX1276ReadFifo
                0x080099bc       0x20 ./Radio/sx1276/sx1276.o
                0x080099bc                SX1276ReadFifo
 .text.SX1276SetMaxPayloadLength
                0x080099dc       0x5c ./Radio/sx1276/sx1276.o
                0x080099dc                SX1276SetMaxPayloadLength
 .text.SX1276OnTimeoutIrq
                0x08009a38       0xdc ./Radio/sx1276/sx1276.o
                0x08009a38                SX1276OnTimeoutIrq
 .text.SX1276OnDio0Irq
                0x08009b14      0x458 ./Radio/sx1276/sx1276.o
                0x08009b14                SX1276OnDio0Irq
 .text.SX1276OnDio1Irq
                0x08009f6c      0x1c0 ./Radio/sx1276/sx1276.o
                0x08009f6c                SX1276OnDio1Irq
 *fill*         0x0800a12c        0x4 
 .text.SX1276OnDio2Irq
                0x0800a130      0x17c ./Radio/sx1276/sx1276.o
                0x0800a130                SX1276OnDio2Irq
 .text.SX1276OnDio3Irq
                0x0800a2ac       0x84 ./Radio/sx1276/sx1276.o
                0x0800a2ac                SX1276OnDio3Irq
 .text.SX1276OnDio4Irq
                0x0800a330       0x3c ./Radio/sx1276/sx1276.o
                0x0800a330                SX1276OnDio4Irq
 .text.atoi     0x0800a36c        0x8 C:/ST/STM32CubeIDE_1.16.1/STM32CubeIDE/plugins/com.st.stm32cube.ide.mcu.externaltools.gnu-tools-for-stm32.12.3.rel1.win32_1.0.200.202406191623/tools/bin/../lib/gcc/arm-none-eabi/12.3.1/../../../../arm-none-eabi/lib/thumb/v8-m.main+fp/hard\libc_nano.a(libc_a-atoi.o)
                0x0800a36c                atoi
 .text._strtol_l.constprop.0
                0x0800a374       0xf4 C:/ST/STM32CubeIDE_1.16.1/STM32CubeIDE/plugins/com.st.stm32cube.ide.mcu.externaltools.gnu-tools-for-stm32.12.3.rel1.win32_1.0.200.202406191623/tools/bin/../lib/gcc/arm-none-eabi/12.3.1/../../../../arm-none-eabi/lib/thumb/v8-m.main+fp/hard\libc_nano.a(libc_a-strtol.o)
 .text.strtol   0x0800a468       0x14 C:/ST/STM32CubeIDE_1.16.1/STM32CubeIDE/plugins/com.st.stm32cube.ide.mcu.externaltools.gnu-tools-for-stm32.12.3.rel1.win32_1.0.200.202406191623/tools/bin/../lib/gcc/arm-none-eabi/12.3.1/../../../../arm-none-eabi/lib/thumb/v8-m.main+fp/hard\libc_nano.a(libc_a-strtol.o)
                0x0800a468                strtol
 .text.std      0x0800a47c       0x6c C:/ST/STM32CubeIDE_1.16.1/STM32CubeIDE/plugins/com.st.stm32cube.ide.mcu.externaltools.gnu-tools-for-stm32.12.3.rel1.win32_1.0.200.202406191623/tools/bin/../lib/gcc/arm-none-eabi/12.3.1/../../../../arm-none-eabi/lib/thumb/v8-m.main+fp/hard\libc_nano.a(libc_a-findfp.o)
 .text.stdio_exit_handler
                0x0800a4e8       0x18 C:/ST/STM32CubeIDE_1.16.1/STM32CubeIDE/plugins/com.st.stm32cube.ide.mcu.externaltools.gnu-tools-for-stm32.12.3.rel1.win32_1.0.200.202406191623/tools/bin/../lib/gcc/arm-none-eabi/12.3.1/../../../../arm-none-eabi/lib/thumb/v8-m.main+fp/hard\libc_nano.a(libc_a-findfp.o)
 .text.cleanup_stdio
                0x0800a500       0x40 C:/ST/STM32CubeIDE_1.16.1/STM32CubeIDE/plugins/com.st.stm32cube.ide.mcu.externaltools.gnu-tools-for-stm32.12.3.rel1.win32_1.0.200.202406191623/tools/bin/../lib/gcc/arm-none-eabi/12.3.1/../../../../arm-none-eabi/lib/thumb/v8-m.main+fp/hard\libc_nano.a(libc_a-findfp.o)
 .text.global_stdio_init.part.0
                0x0800a540       0x3c C:/ST/STM32CubeIDE_1.16.1/STM32CubeIDE/plugins/com.st.stm32cube.ide.mcu.externaltools.gnu-tools-for-stm32.12.3.rel1.win32_1.0.200.202406191623/tools/bin/../lib/gcc/arm-none-eabi/12.3.1/../../../../arm-none-eabi/lib/thumb/v8-m.main+fp/hard\libc_nano.a(libc_a-findfp.o)
 .text.__sfp_lock_acquire
                0x0800a57c        0xc C:/ST/STM32CubeIDE_1.16.1/STM32CubeIDE/plugins/com.st.stm32cube.ide.mcu.externaltools.gnu-tools-for-stm32.12.3.rel1.win32_1.0.200.202406191623/tools/bin/../lib/gcc/arm-none-eabi/12.3.1/../../../../arm-none-eabi/lib/thumb/v8-m.main+fp/hard\libc_nano.a(libc_a-findfp.o)
                0x0800a57c                __sfp_lock_acquire
 .text.__sfp_lock_release
                0x0800a588        0xc C:/ST/STM32CubeIDE_1.16.1/STM32CubeIDE/plugins/com.st.stm32cube.ide.mcu.externaltools.gnu-tools-for-stm32.12.3.rel1.win32_1.0.200.202406191623/tools/bin/../lib/gcc/arm-none-eabi/12.3.1/../../../../arm-none-eabi/lib/thumb/v8-m.main+fp/hard\libc_nano.a(libc_a-findfp.o)
                0x0800a588                __sfp_lock_release
 .text.__sinit  0x0800a594       0x30 C:/ST/STM32CubeIDE_1.16.1/STM32CubeIDE/plugins/com.st.stm32cube.ide.mcu.externaltools.gnu-tools-for-stm32.12.3.rel1.win32_1.0.200.202406191623/tools/bin/../lib/gcc/arm-none-eabi/12.3.1/../../../../arm-none-eabi/lib/thumb/v8-m.main+fp/hard\libc_nano.a(libc_a-findfp.o)
                0x0800a594                __sinit
 .text._fwalk_sglue
                0x0800a5c4       0x3c C:/ST/STM32CubeIDE_1.16.1/STM32CubeIDE/plugins/com.st.stm32cube.ide.mcu.externaltools.gnu-tools-for-stm32.12.3.rel1.win32_1.0.200.202406191623/tools/bin/../lib/gcc/arm-none-eabi/12.3.1/../../../../arm-none-eabi/lib/thumb/v8-m.main+fp/hard\libc_nano.a(libc_a-fwalk.o)
                0x0800a5c4                _fwalk_sglue
 .text.printf   0x0800a600       0x24 C:/ST/STM32CubeIDE_1.16.1/STM32CubeIDE/plugins/com.st.stm32cube.ide.mcu.externaltools.gnu-tools-for-stm32.12.3.rel1.win32_1.0.200.202406191623/tools/bin/../lib/gcc/arm-none-eabi/12.3.1/../../../../arm-none-eabi/lib/thumb/v8-m.main+fp/hard\libc_nano.a(libc_a-printf.o)
                0x0800a600                iprintf
                0x0800a600                printf
 .text._puts_r  0x0800a624       0xaa C:/ST/STM32CubeIDE_1.16.1/STM32CubeIDE/plugins/com.st.stm32cube.ide.mcu.externaltools.gnu-tools-for-stm32.12.3.rel1.win32_1.0.200.202406191623/tools/bin/../lib/gcc/arm-none-eabi/12.3.1/../../../../arm-none-eabi/lib/thumb/v8-m.main+fp/hard\libc_nano.a(libc_a-puts.o)
                0x0800a624                _puts_r
 *fill*         0x0800a6ce        0x2 
 .text.puts     0x0800a6d0       0x10 C:/ST/STM32CubeIDE_1.16.1/STM32CubeIDE/plugins/com.st.stm32cube.ide.mcu.externaltools.gnu-tools-for-stm32.12.3.rel1.win32_1.0.200.202406191623/tools/bin/../lib/gcc/arm-none-eabi/12.3.1/../../../../arm-none-eabi/lib/thumb/v8-m.main+fp/hard\libc_nano.a(libc_a-puts.o)
                0x0800a6d0                puts
 .text.snprintf
                0x0800a6e0       0x68 C:/ST/STM32CubeIDE_1.16.1/STM32CubeIDE/plugins/com.st.stm32cube.ide.mcu.externaltools.gnu-tools-for-stm32.12.3.rel1.win32_1.0.200.202406191623/tools/bin/../lib/gcc/arm-none-eabi/12.3.1/../../../../arm-none-eabi/lib/thumb/v8-m.main+fp/hard\libc_nano.a(libc_a-snprintf.o)
                0x0800a6e0                sniprintf
                0x0800a6e0                snprintf
 .text.__sread  0x0800a748       0x22 C:/ST/STM32CubeIDE_1.16.1/STM32CubeIDE/plugins/com.st.stm32cube.ide.mcu.externaltools.gnu-tools-for-stm32.12.3.rel1.win32_1.0.200.202406191623/tools/bin/../lib/gcc/arm-none-eabi/12.3.1/../../../../arm-none-eabi/lib/thumb/v8-m.main+fp/hard\libc_nano.a(libc_a-stdio.o)
                0x0800a748                __sread
 .text.__swrite
                0x0800a76a       0x38 C:/ST/STM32CubeIDE_1.16.1/STM32CubeIDE/plugins/com.st.stm32cube.ide.mcu.externaltools.gnu-tools-for-stm32.12.3.rel1.win32_1.0.200.202406191623/tools/bin/../lib/gcc/arm-none-eabi/12.3.1/../../../../arm-none-eabi/lib/thumb/v8-m.main+fp/hard\libc_nano.a(libc_a-stdio.o)
                0x0800a76a                __swrite
 .text.__sseek  0x0800a7a2       0x24 C:/ST/STM32CubeIDE_1.16.1/STM32CubeIDE/plugins/com.st.stm32cube.ide.mcu.externaltools.gnu-tools-for-stm32.12.3.rel1.win32_1.0.200.202406191623/tools/bin/../lib/gcc/arm-none-eabi/12.3.1/../../../../arm-none-eabi/lib/thumb/v8-m.main+fp/hard\libc_nano.a(libc_a-stdio.o)
                0x0800a7a2                __sseek
 .text.__sclose
                0x0800a7c6        0x8 C:/ST/STM32CubeIDE_1.16.1/STM32CubeIDE/plugins/com.st.stm32cube.ide.mcu.externaltools.gnu-tools-for-stm32.12.3.rel1.win32_1.0.200.202406191623/tools/bin/../lib/gcc/arm-none-eabi/12.3.1/../../../../arm-none-eabi/lib/thumb/v8-m.main+fp/hard\libc_nano.a(libc_a-stdio.o)
                0x0800a7c6                __sclose
 .text.__swbuf_r
                0x0800a7ce       0x7c C:/ST/STM32CubeIDE_1.16.1/STM32CubeIDE/plugins/com.st.stm32cube.ide.mcu.externaltools.gnu-tools-for-stm32.12.3.rel1.win32_1.0.200.202406191623/tools/bin/../lib/gcc/arm-none-eabi/12.3.1/../../../../arm-none-eabi/lib/thumb/v8-m.main+fp/hard\libc_nano.a(libc_a-wbuf.o)
                0x0800a7ce                __swbuf_r
 *fill*         0x0800a84a        0x2 
 .text.__swsetup_r
                0x0800a84c       0xac C:/ST/STM32CubeIDE_1.16.1/STM32CubeIDE/plugins/com.st.stm32cube.ide.mcu.externaltools.gnu-tools-for-stm32.12.3.rel1.win32_1.0.200.202406191623/tools/bin/../lib/gcc/arm-none-eabi/12.3.1/../../../../arm-none-eabi/lib/thumb/v8-m.main+fp/hard\libc_nano.a(libc_a-wsetup.o)
                0x0800a84c                __swsetup_r
 .text.memset   0x0800a8f8       0x10 C:/ST/STM32CubeIDE_1.16.1/STM32CubeIDE/plugins/com.st.stm32cube.ide.mcu.externaltools.gnu-tools-for-stm32.12.3.rel1.win32_1.0.200.202406191623/tools/bin/../lib/gcc/arm-none-eabi/12.3.1/../../../../arm-none-eabi/lib/thumb/v8-m.main+fp/hard\libc_nano.a(libc_a-memset.o)
                0x0800a8f8                memset
 .text._close_r
                0x0800a908       0x20 C:/ST/STM32CubeIDE_1.16.1/STM32CubeIDE/plugins/com.st.stm32cube.ide.mcu.externaltools.gnu-tools-for-stm32.12.3.rel1.win32_1.0.200.202406191623/tools/bin/../lib/gcc/arm-none-eabi/12.3.1/../../../../arm-none-eabi/lib/thumb/v8-m.main+fp/hard\libc_nano.a(libc_a-closer.o)
                0x0800a908                _close_r
 .text._lseek_r
                0x0800a928       0x24 C:/ST/STM32CubeIDE_1.16.1/STM32CubeIDE/plugins/com.st.stm32cube.ide.mcu.externaltools.gnu-tools-for-stm32.12.3.rel1.win32_1.0.200.202406191623/tools/bin/../lib/gcc/arm-none-eabi/12.3.1/../../../../arm-none-eabi/lib/thumb/v8-m.main+fp/hard\libc_nano.a(libc_a-lseekr.o)
                0x0800a928                _lseek_r
 .text._read_r  0x0800a94c       0x24 C:/ST/STM32CubeIDE_1.16.1/STM32CubeIDE/plugins/com.st.stm32cube.ide.mcu.externaltools.gnu-tools-for-stm32.12.3.rel1.win32_1.0.200.202406191623/tools/bin/../lib/gcc/arm-none-eabi/12.3.1/../../../../arm-none-eabi/lib/thumb/v8-m.main+fp/hard\libc_nano.a(libc_a-readr.o)
                0x0800a94c                _read_r
 .text._write_r
                0x0800a970       0x24 C:/ST/STM32CubeIDE_1.16.1/STM32CubeIDE/plugins/com.st.stm32cube.ide.mcu.externaltools.gnu-tools-for-stm32.12.3.rel1.win32_1.0.200.202406191623/tools/bin/../lib/gcc/arm-none-eabi/12.3.1/../../../../arm-none-eabi/lib/thumb/v8-m.main+fp/hard\libc_nano.a(libc_a-writer.o)
                0x0800a970                _write_r
 .text.__errno  0x0800a994        0xc C:/ST/STM32CubeIDE_1.16.1/STM32CubeIDE/plugins/com.st.stm32cube.ide.mcu.externaltools.gnu-tools-for-stm32.12.3.rel1.win32_1.0.200.202406191623/tools/bin/../lib/gcc/arm-none-eabi/12.3.1/../../../../arm-none-eabi/lib/thumb/v8-m.main+fp/hard\libc_nano.a(libc_a-errno.o)
                0x0800a994                __errno
 .text.__libc_init_array
                0x0800a9a0       0x48 C:/ST/STM32CubeIDE_1.16.1/STM32CubeIDE/plugins/com.st.stm32cube.ide.mcu.externaltools.gnu-tools-for-stm32.12.3.rel1.win32_1.0.200.202406191623/tools/bin/../lib/gcc/arm-none-eabi/12.3.1/../../../../arm-none-eabi/lib/thumb/v8-m.main+fp/hard\libc_nano.a(libc_a-init.o)
                0x0800a9a0                __libc_init_array
 .text.__retarget_lock_init_recursive
                0x0800a9e8        0x2 C:/ST/STM32CubeIDE_1.16.1/STM32CubeIDE/plugins/com.st.stm32cube.ide.mcu.externaltools.gnu-tools-for-stm32.12.3.rel1.win32_1.0.200.202406191623/tools/bin/../lib/gcc/arm-none-eabi/12.3.1/../../../../arm-none-eabi/lib/thumb/v8-m.main+fp/hard\libc_nano.a(libc_a-lock.o)
                0x0800a9e8                __retarget_lock_init_recursive
 .text.__retarget_lock_acquire_recursive
                0x0800a9ea        0x2 C:/ST/STM32CubeIDE_1.16.1/STM32CubeIDE/plugins/com.st.stm32cube.ide.mcu.externaltools.gnu-tools-for-stm32.12.3.rel1.win32_1.0.200.202406191623/tools/bin/../lib/gcc/arm-none-eabi/12.3.1/../../../../arm-none-eabi/lib/thumb/v8-m.main+fp/hard\libc_nano.a(libc_a-lock.o)
                0x0800a9ea                __retarget_lock_acquire_recursive
 .text.__retarget_lock_release_recursive
                0x0800a9ec        0x2 C:/ST/STM32CubeIDE_1.16.1/STM32CubeIDE/plugins/com.st.stm32cube.ide.mcu.externaltools.gnu-tools-for-stm32.12.3.rel1.win32_1.0.200.202406191623/tools/bin/../lib/gcc/arm-none-eabi/12.3.1/../../../../arm-none-eabi/lib/thumb/v8-m.main+fp/hard\libc_nano.a(libc_a-lock.o)
                0x0800a9ec                __retarget_lock_release_recursive
 *fill*         0x0800a9ee        0x2 
 .text._free_r  0x0800a9f0       0x94 C:/ST/STM32CubeIDE_1.16.1/STM32CubeIDE/plugins/com.st.stm32cube.ide.mcu.externaltools.gnu-tools-for-stm32.12.3.rel1.win32_1.0.200.202406191623/tools/bin/../lib/gcc/arm-none-eabi/12.3.1/../../../../arm-none-eabi/lib/thumb/v8-m.main+fp/hard\libc_nano.a(libc_a-freer.o)
                0x0800a9f0                _free_r
 .text.sbrk_aligned
                0x0800aa84       0x44 C:/ST/STM32CubeIDE_1.16.1/STM32CubeIDE/plugins/com.st.stm32cube.ide.mcu.externaltools.gnu-tools-for-stm32.12.3.rel1.win32_1.0.200.202406191623/tools/bin/../lib/gcc/arm-none-eabi/12.3.1/../../../../arm-none-eabi/lib/thumb/v8-m.main+fp/hard\libc_nano.a(libc_a-mallocr.o)
 .text._malloc_r
                0x0800aac8      0x100 C:/ST/STM32CubeIDE_1.16.1/STM32CubeIDE/plugins/com.st.stm32cube.ide.mcu.externaltools.gnu-tools-for-stm32.12.3.rel1.win32_1.0.200.202406191623/tools/bin/../lib/gcc/arm-none-eabi/12.3.1/../../../../arm-none-eabi/lib/thumb/v8-m.main+fp/hard\libc_nano.a(libc_a-mallocr.o)
                0x0800aac8                _malloc_r
 .text.__malloc_lock
                0x0800abc8        0xc C:/ST/STM32CubeIDE_1.16.1/STM32CubeIDE/plugins/com.st.stm32cube.ide.mcu.externaltools.gnu-tools-for-stm32.12.3.rel1.win32_1.0.200.202406191623/tools/bin/../lib/gcc/arm-none-eabi/12.3.1/../../../../arm-none-eabi/lib/thumb/v8-m.main+fp/hard\libc_nano.a(libc_a-mlock.o)
                0x0800abc8                __malloc_lock
 .text.__malloc_unlock
                0x0800abd4        0xc C:/ST/STM32CubeIDE_1.16.1/STM32CubeIDE/plugins/com.st.stm32cube.ide.mcu.externaltools.gnu-tools-for-stm32.12.3.rel1.win32_1.0.200.202406191623/tools/bin/../lib/gcc/arm-none-eabi/12.3.1/../../../../arm-none-eabi/lib/thumb/v8-m.main+fp/hard\libc_nano.a(libc_a-mlock.o)
                0x0800abd4                __malloc_unlock
 .text.__ssputs_r
                0x0800abe0       0xb6 C:/ST/STM32CubeIDE_1.16.1/STM32CubeIDE/plugins/com.st.stm32cube.ide.mcu.externaltools.gnu-tools-for-stm32.12.3.rel1.win32_1.0.200.202406191623/tools/bin/../lib/gcc/arm-none-eabi/12.3.1/../../../../arm-none-eabi/lib/thumb/v8-m.main+fp/hard\libc_nano.a(libc_a-nano-svfprintf.o)
                0x0800abe0                __ssputs_r
 *fill*         0x0800ac96        0x2 
 .text._svfprintf_r
                0x0800ac98      0x1f8 C:/ST/STM32CubeIDE_1.16.1/STM32CubeIDE/plugins/com.st.stm32cube.ide.mcu.externaltools.gnu-tools-for-stm32.12.3.rel1.win32_1.0.200.202406191623/tools/bin/../lib/gcc/arm-none-eabi/12.3.1/../../../../arm-none-eabi/lib/thumb/v8-m.main+fp/hard\libc_nano.a(libc_a-nano-svfprintf.o)
                0x0800ac98                _svfiprintf_r
                0x0800ac98                _svfprintf_r
 .text.__sfputc_r
                0x0800ae90       0x2e C:/ST/STM32CubeIDE_1.16.1/STM32CubeIDE/plugins/com.st.stm32cube.ide.mcu.externaltools.gnu-tools-for-stm32.12.3.rel1.win32_1.0.200.202406191623/tools/bin/../lib/gcc/arm-none-eabi/12.3.1/../../../../arm-none-eabi/lib/thumb/v8-m.main+fp/hard\libc_nano.a(libc_a-nano-vfprintf.o)
 .text.__sfputs_r
                0x0800aebe       0x24 C:/ST/STM32CubeIDE_1.16.1/STM32CubeIDE/plugins/com.st.stm32cube.ide.mcu.externaltools.gnu-tools-for-stm32.12.3.rel1.win32_1.0.200.202406191623/tools/bin/../lib/gcc/arm-none-eabi/12.3.1/../../../../arm-none-eabi/lib/thumb/v8-m.main+fp/hard\libc_nano.a(libc_a-nano-vfprintf.o)
                0x0800aebe                __sfputs_r
 *fill*         0x0800aee2        0x2 
 .text._vfprintf_r
                0x0800aee4      0x230 C:/ST/STM32CubeIDE_1.16.1/STM32CubeIDE/plugins/com.st.stm32cube.ide.mcu.externaltools.gnu-tools-for-stm32.12.3.rel1.win32_1.0.200.202406191623/tools/bin/../lib/gcc/arm-none-eabi/12.3.1/../../../../arm-none-eabi/lib/thumb/v8-m.main+fp/hard\libc_nano.a(libc_a-nano-vfprintf.o)
                0x0800aee4                _vfprintf_r
                0x0800aee4                _vfiprintf_r
 .text._printf_common
                0x0800b114       0xe4 C:/ST/STM32CubeIDE_1.16.1/STM32CubeIDE/plugins/com.st.stm32cube.ide.mcu.externaltools.gnu-tools-for-stm32.12.3.rel1.win32_1.0.200.202406191623/tools/bin/../lib/gcc/arm-none-eabi/12.3.1/../../../../arm-none-eabi/lib/thumb/v8-m.main+fp/hard\libc_nano.a(libc_a-nano-vfprintf_i.o)
                0x0800b114                _printf_common
 .text._printf_i
                0x0800b1f8      0x240 C:/ST/STM32CubeIDE_1.16.1/STM32CubeIDE/plugins/com.st.stm32cube.ide.mcu.externaltools.gnu-tools-for-stm32.12.3.rel1.win32_1.0.200.202406191623/tools/bin/../lib/gcc/arm-none-eabi/12.3.1/../../../../arm-none-eabi/lib/thumb/v8-m.main+fp/hard\libc_nano.a(libc_a-nano-vfprintf_i.o)
                0x0800b1f8                _printf_i
 .text.__sflush_r
                0x0800b438      0x108 C:/ST/STM32CubeIDE_1.16.1/STM32CubeIDE/plugins/com.st.stm32cube.ide.mcu.externaltools.gnu-tools-for-stm32.12.3.rel1.win32_1.0.200.202406191623/tools/bin/../lib/gcc/arm-none-eabi/12.3.1/../../../../arm-none-eabi/lib/thumb/v8-m.main+fp/hard\libc_nano.a(libc_a-fflush.o)
                0x0800b438                __sflush_r
 .text._fflush_r
                0x0800b540       0x50 C:/ST/STM32CubeIDE_1.16.1/STM32CubeIDE/plugins/com.st.stm32cube.ide.mcu.externaltools.gnu-tools-for-stm32.12.3.rel1.win32_1.0.200.202406191623/tools/bin/../lib/gcc/arm-none-eabi/12.3.1/../../../../arm-none-eabi/lib/thumb/v8-m.main+fp/hard\libc_nano.a(libc_a-fflush.o)
                0x0800b540                _fflush_r
 .text.__swhatbuf_r
                0x0800b590       0x4a C:/ST/STM32CubeIDE_1.16.1/STM32CubeIDE/plugins/com.st.stm32cube.ide.mcu.externaltools.gnu-tools-for-stm32.12.3.rel1.win32_1.0.200.202406191623/tools/bin/../lib/gcc/arm-none-eabi/12.3.1/../../../../arm-none-eabi/lib/thumb/v8-m.main+fp/hard\libc_nano.a(libc_a-makebuf.o)
                0x0800b590                __swhatbuf_r
 .text.__smakebuf_r
                0x0800b5da       0x78 C:/ST/STM32CubeIDE_1.16.1/STM32CubeIDE/plugins/com.st.stm32cube.ide.mcu.externaltools.gnu-tools-for-stm32.12.3.rel1.win32_1.0.200.202406191623/tools/bin/../lib/gcc/arm-none-eabi/12.3.1/../../../../arm-none-eabi/lib/thumb/v8-m.main+fp/hard\libc_nano.a(libc_a-makebuf.o)
                0x0800b5da                __smakebuf_r
 .text.memmove  0x0800b652       0x34 C:/ST/STM32CubeIDE_1.16.1/STM32CubeIDE/plugins/com.st.stm32cube.ide.mcu.externaltools.gnu-tools-for-stm32.12.3.rel1.win32_1.0.200.202406191623/tools/bin/../lib/gcc/arm-none-eabi/12.3.1/../../../../arm-none-eabi/lib/thumb/v8-m.main+fp/hard\libc_nano.a(libc_a-memmove.o)
                0x0800b652                memmove
 *fill*         0x0800b686        0x2 
 .text._fstat_r
                0x0800b688       0x24 C:/ST/STM32CubeIDE_1.16.1/STM32CubeIDE/plugins/com.st.stm32cube.ide.mcu.externaltools.gnu-tools-for-stm32.12.3.rel1.win32_1.0.200.202406191623/tools/bin/../lib/gcc/arm-none-eabi/12.3.1/../../../../arm-none-eabi/lib/thumb/v8-m.main+fp/hard\libc_nano.a(libc_a-fstatr.o)
                0x0800b688                _fstat_r
 .text._isatty_r
                0x0800b6ac       0x20 C:/ST/STM32CubeIDE_1.16.1/STM32CubeIDE/plugins/com.st.stm32cube.ide.mcu.externaltools.gnu-tools-for-stm32.12.3.rel1.win32_1.0.200.202406191623/tools/bin/../lib/gcc/arm-none-eabi/12.3.1/../../../../arm-none-eabi/lib/thumb/v8-m.main+fp/hard\libc_nano.a(libc_a-isattyr.o)
                0x0800b6ac                _isatty_r
 .text._sbrk_r  0x0800b6cc       0x20 C:/ST/STM32CubeIDE_1.16.1/STM32CubeIDE/plugins/com.st.stm32cube.ide.mcu.externaltools.gnu-tools-for-stm32.12.3.rel1.win32_1.0.200.202406191623/tools/bin/../lib/gcc/arm-none-eabi/12.3.1/../../../../arm-none-eabi/lib/thumb/v8-m.main+fp/hard\libc_nano.a(libc_a-sbrkr.o)
                0x0800b6cc                _sbrk_r
 .text.memchr   0x0800b6ec       0x1c C:/ST/STM32CubeIDE_1.16.1/STM32CubeIDE/plugins/com.st.stm32cube.ide.mcu.externaltools.gnu-tools-for-stm32.12.3.rel1.win32_1.0.200.202406191623/tools/bin/../lib/gcc/arm-none-eabi/12.3.1/../../../../arm-none-eabi/lib/thumb/v8-m.main+fp/hard\libc_nano.a(libc_a-memchr-stub.o)
                0x0800b6ec                memchr
 .text.memcpy   0x0800b708       0x1a C:/ST/STM32CubeIDE_1.16.1/STM32CubeIDE/plugins/com.st.stm32cube.ide.mcu.externaltools.gnu-tools-for-stm32.12.3.rel1.win32_1.0.200.202406191623/tools/bin/../lib/gcc/arm-none-eabi/12.3.1/../../../../arm-none-eabi/lib/thumb/v8-m.main+fp/hard\libc_nano.a(libc_a-memcpy-stub.o)
                0x0800b708                memcpy
 .text._realloc_r
                0x0800b722       0x5c C:/ST/STM32CubeIDE_1.16.1/STM32CubeIDE/plugins/com.st.stm32cube.ide.mcu.externaltools.gnu-tools-for-stm32.12.3.rel1.win32_1.0.200.202406191623/tools/bin/../lib/gcc/arm-none-eabi/12.3.1/../../../../arm-none-eabi/lib/thumb/v8-m.main+fp/hard\libc_nano.a(libc_a-reallocr.o)
                0x0800b722                _realloc_r
 .text._malloc_usable_size_r
                0x0800b77e       0x10 C:/ST/STM32CubeIDE_1.16.1/STM32CubeIDE/plugins/com.st.stm32cube.ide.mcu.externaltools.gnu-tools-for-stm32.12.3.rel1.win32_1.0.200.202406191623/tools/bin/../lib/gcc/arm-none-eabi/12.3.1/../../../../arm-none-eabi/lib/thumb/v8-m.main+fp/hard\libc_nano.a(libc_a-msizer.o)
                0x0800b77e                _malloc_usable_size_r
 *fill*         0x0800b78e        0x2 
 .text.ceil     0x0800b790       0xf8 C:/ST/STM32CubeIDE_1.16.1/STM32CubeIDE/plugins/com.st.stm32cube.ide.mcu.externaltools.gnu-tools-for-stm32.12.3.rel1.win32_1.0.200.202406191623/tools/bin/../lib/gcc/arm-none-eabi/12.3.1/../../../../arm-none-eabi/lib/thumb/v8-m.main+fp/hard\libm.a(libm_a-s_ceil.o)
                0x0800b790                ceil
 .text.floor    0x0800b888      0x100 C:/ST/STM32CubeIDE_1.16.1/STM32CubeIDE/plugins/com.st.stm32cube.ide.mcu.externaltools.gnu-tools-for-stm32.12.3.rel1.win32_1.0.200.202406191623/tools/bin/../lib/gcc/arm-none-eabi/12.3.1/../../../../arm-none-eabi/lib/thumb/v8-m.main+fp/hard\libm.a(libm_a-s_floor.o)
                0x0800b888                floor
 .text.round    0x0800b988       0x8c C:/ST/STM32CubeIDE_1.16.1/STM32CubeIDE/plugins/com.st.stm32cube.ide.mcu.externaltools.gnu-tools-for-stm32.12.3.rel1.win32_1.0.200.202406191623/tools/bin/../lib/gcc/arm-none-eabi/12.3.1/../../../../arm-none-eabi/lib/thumb/v8-m.main+fp/hard\libm.a(libm_a-s_round.o)
                0x0800b988                round
 *(.glue_7)
 .glue_7        0x0800ba14        0x0 linker stubs
 *(.glue_7t)
 .glue_7t       0x0800ba14        0x0 linker stubs
 *(.eh_frame)
 .eh_frame      0x0800ba14        0x0 C:/ST/STM32CubeIDE_1.16.1/STM32CubeIDE/plugins/com.st.stm32cube.ide.mcu.externaltools.gnu-tools-for-stm32.12.3.rel1.win32_1.0.200.202406191623/tools/bin/../lib/gcc/arm-none-eabi/12.3.1/thumb/v8-m.main+fp/hard/crtbegin.o
 *(.init)
 .init          0x0800ba14        0x4 C:/ST/STM32CubeIDE_1.16.1/STM32CubeIDE/plugins/com.st.stm32cube.ide.mcu.externaltools.gnu-tools-for-stm32.12.3.rel1.win32_1.0.200.202406191623/tools/bin/../lib/gcc/arm-none-eabi/12.3.1/thumb/v8-m.main+fp/hard/crti.o
                0x0800ba14                _init
 .init          0x0800ba18        0x8 C:/ST/STM32CubeIDE_1.16.1/STM32CubeIDE/plugins/com.st.stm32cube.ide.mcu.externaltools.gnu-tools-for-stm32.12.3.rel1.win32_1.0.200.202406191623/tools/bin/../lib/gcc/arm-none-eabi/12.3.1/thumb/v8-m.main+fp/hard/crtn.o
 *(.fini)
 .fini          0x0800ba20        0x4 C:/ST/STM32CubeIDE_1.16.1/STM32CubeIDE/plugins/com.st.stm32cube.ide.mcu.externaltools.gnu-tools-for-stm32.12.3.rel1.win32_1.0.200.202406191623/tools/bin/../lib/gcc/arm-none-eabi/12.3.1/thumb/v8-m.main+fp/hard/crti.o
                0x0800ba20                _fini
 .fini          0x0800ba24        0x8 C:/ST/STM32CubeIDE_1.16.1/STM32CubeIDE/plugins/com.st.stm32cube.ide.mcu.externaltools.gnu-tools-for-stm32.12.3.rel1.win32_1.0.200.202406191623/tools/bin/../lib/gcc/arm-none-eabi/12.3.1/thumb/v8-m.main+fp/hard/crtn.o
                0x0800ba2c                        _etext = .

.vfp11_veneer   0x0800ba2c        0x0
 .vfp11_veneer  0x0800ba2c        0x0 linker stubs

.v4_bx          0x0800ba2c        0x0
 .v4_bx         0x0800ba2c        0x0 linker stubs

.iplt           0x0800ba2c        0x0
 .iplt          0x0800ba2c        0x0 C:/ST/STM32CubeIDE_1.16.1/STM32CubeIDE/plugins/com.st.stm32cube.ide.mcu.externaltools.gnu-tools-for-stm32.12.3.rel1.win32_1.0.200.202406191623/tools/bin/../lib/gcc/arm-none-eabi/12.3.1/thumb/v8-m.main+fp/hard/crtbegin.o

.rodata         0x0800ba2c      0x3fc
 *(.rodata)
 .rodata        0x0800ba2c       0x37 ./Core/Src/WindowSensors/message_handler.o
 *fill*         0x0800ba63        0x1 
 .rodata        0x0800ba64       0x40 ./Core/Src/WindowSensors/pointer_queue.o
 .rodata        0x0800baa4        0xb ./Core/Src/WindowSensors/radioUtils.o
 *fill*         0x0800baaf        0x1 
 .rodata        0x0800bab0       0x23 ./Radio/rtc-board.o
 *(.rodata*)
 *fill*         0x0800bad3        0x1 
 .rodata.AHBPrescTable
                0x0800bad4       0x10 ./Core/Src/system_stm32u5xx.o
                0x0800bad4                AHBPrescTable
 .rodata.MSIRangeTable
                0x0800bae4       0x40 ./Core/Src/system_stm32u5xx.o
                0x0800bae4                MSIRangeTable
 .rodata.LPGPIO_Map
                0x0800bb24       0x80 ./Drivers/STM32U5xx_HAL_Driver/Src/stm32u5xx_hal_gpio.o
 .rodata.DaysInMonth
                0x0800bba4        0xc ./Radio/rtc-board.o
 .rodata.DaysInMonthLeapYear
                0x0800bbb0        0xc ./Radio/rtc-board.o
 .rodata.Radio  0x0800bbbc       0x54 ./Radio/sx1276-board.o
                0x0800bbbc                Radio
 .rodata.RadioRegsInit
                0x0800bc10       0x33 ./Radio/sx1276/sx1276.o
                0x0800bc10                RadioRegsInit
 *fill*         0x0800bc43        0x1 
 .rodata.FskBandwidths
                0x0800bc44       0xb0 ./Radio/sx1276/sx1276.o
                0x0800bc44                FskBandwidths
 .rodata._ctype_
                0x0800bcf4      0x101 C:/ST/STM32CubeIDE_1.16.1/STM32CubeIDE/plugins/com.st.stm32cube.ide.mcu.externaltools.gnu-tools-for-stm32.12.3.rel1.win32_1.0.200.202406191623/tools/bin/../lib/gcc/arm-none-eabi/12.3.1/../../../../arm-none-eabi/lib/thumb/v8-m.main+fp/hard\libc_nano.a(libc_a-ctype_.o)
                0x0800bcf4                _ctype_
 .rodata._svfprintf_r.str1.1
                0x0800bdf5       0x11 C:/ST/STM32CubeIDE_1.16.1/STM32CubeIDE/plugins/com.st.stm32cube.ide.mcu.externaltools.gnu-tools-for-stm32.12.3.rel1.win32_1.0.200.202406191623/tools/bin/../lib/gcc/arm-none-eabi/12.3.1/../../../../arm-none-eabi/lib/thumb/v8-m.main+fp/hard\libc_nano.a(libc_a-nano-svfprintf.o)
 .rodata._vfprintf_r.str1.1
                0x0800be06       0x11 C:/ST/STM32CubeIDE_1.16.1/STM32CubeIDE/plugins/com.st.stm32cube.ide.mcu.externaltools.gnu-tools-for-stm32.12.3.rel1.win32_1.0.200.202406191623/tools/bin/../lib/gcc/arm-none-eabi/12.3.1/../../../../arm-none-eabi/lib/thumb/v8-m.main+fp/hard\libc_nano.a(libc_a-nano-vfprintf.o)
 .rodata._printf_i.str1.1
                0x0800be06       0x22 C:/ST/STM32CubeIDE_1.16.1/STM32CubeIDE/plugins/com.st.stm32cube.ide.mcu.externaltools.gnu-tools-for-stm32.12.3.rel1.win32_1.0.200.202406191623/tools/bin/../lib/gcc/arm-none-eabi/12.3.1/../../../../arm-none-eabi/lib/thumb/v8-m.main+fp/hard\libc_nano.a(libc_a-nano-vfprintf_i.o)

.ARM.extab
 *(.ARM.extab* .gnu.linkonce.armextab.*)

.ARM            0x0800be28        0x8
                0x0800be28                        __exidx_start = .
 *(.ARM.exidx*)
 .ARM.exidx     0x0800be28        0x8 C:/ST/STM32CubeIDE_1.16.1/STM32CubeIDE/plugins/com.st.stm32cube.ide.mcu.externaltools.gnu-tools-for-stm32.12.3.rel1.win32_1.0.200.202406191623/tools/bin/../lib/gcc/arm-none-eabi/12.3.1/../../../../arm-none-eabi/lib/thumb/v8-m.main+fp/hard\libc_nano.a(libc_a-strlen.o)
                0x0800be30                        __exidx_end = .

.preinit_array  0x0800be30        0x0
                0x0800be30                        PROVIDE (__preinit_array_start = .)
 *(.preinit_array*)
                0x0800be30                        PROVIDE (__preinit_array_end = .)

.init_array     0x0800be30        0x4
                0x0800be30                        PROVIDE (__init_array_start = .)
 *(SORT_BY_NAME(.init_array.*))
 *(.init_array*)
 .init_array    0x0800be30        0x4 C:/ST/STM32CubeIDE_1.16.1/STM32CubeIDE/plugins/com.st.stm32cube.ide.mcu.externaltools.gnu-tools-for-stm32.12.3.rel1.win32_1.0.200.202406191623/tools/bin/../lib/gcc/arm-none-eabi/12.3.1/thumb/v8-m.main+fp/hard/crtbegin.o
                0x0800be34                        PROVIDE (__init_array_end = .)

.fini_array     0x0800be34        0x4
                [!provide]                        PROVIDE (__fini_array_start = .)
 *(SORT_BY_NAME(.fini_array.*))
 *(.fini_array*)
 .fini_array    0x0800be34        0x4 C:/ST/STM32CubeIDE_1.16.1/STM32CubeIDE/plugins/com.st.stm32cube.ide.mcu.externaltools.gnu-tools-for-stm32.12.3.rel1.win32_1.0.200.202406191623/tools/bin/../lib/gcc/arm-none-eabi/12.3.1/thumb/v8-m.main+fp/hard/crtbegin.o
                [!provide]                        PROVIDE (__fini_array_end = .)
                0x0800be38                        _sidata = LOADADDR (.data)

.rel.dyn        0x0800be38        0x0
 .rel.iplt      0x0800be38        0x0 C:/ST/STM32CubeIDE_1.16.1/STM32CubeIDE/plugins/com.st.stm32cube.ide.mcu.externaltools.gnu-tools-for-stm32.12.3.rel1.win32_1.0.200.202406191623/tools/bin/../lib/gcc/arm-none-eabi/12.3.1/thumb/v8-m.main+fp/hard/crtbegin.o

.data           0x20000000       0x98 load address 0x0800be38
                0x20000000                        _sdata = .
 *(.data)
 *(.data*)
 .data.sensor1Id
                0x20000000        0x4 ./Core/Src/WindowSensors/config.o
                0x20000000                sensor1Id
 .data.sensor2Id
                0x20000004        0x4 ./Core/Src/WindowSensors/config.o
                0x20000004                sensor2Id
 .data.sensor3Id
                0x20000008        0x4 ./Core/Src/WindowSensors/config.o
                0x20000008                sensor3Id
 .data.station1Id
                0x2000000c        0x4 ./Core/Src/WindowSensors/config.o
                0x2000000c                station1Id
 .data.MESSAGE_TYPE_SEND_UPDATE
                0x20000010        0x4 ./Core/Src/WindowSensors/config.o
                0x20000010                MESSAGE_TYPE_SEND_UPDATE
 .data.MESSAGE_TYPE_ACKNOWLEDGEMENT
                0x20000014        0x1 ./Core/Src/WindowSensors/config.o
                0x20000014                MESSAGE_TYPE_ACKNOWLEDGEMENT
 .data.MESSAGE_TYPE_REQUEST_UPDATE
                0x20000015        0x1 ./Core/Src/WindowSensors/config.o
                0x20000015                MESSAGE_TYPE_REQUEST_UPDATE
 *fill*         0x20000016        0x2 
 .data.SystemCoreClock
                0x20000018        0x4 ./Core/Src/system_stm32u5xx.o
                0x20000018                SystemCoreClock
 .data.uwTickPrio
                0x2000001c        0x4 ./Drivers/STM32U5xx_HAL_Driver/Src/stm32u5xx_hal.o
                0x2000001c                uwTickPrio
 .data.uwTickFreq
                0x20000020        0x1 ./Drivers/STM32U5xx_HAL_Driver/Src/stm32u5xx_hal.o
                0x20000020                uwTickFreq
 *fill*         0x20000021        0x3 
 .data.DioIrq   0x20000024       0x18 ./Radio/sx1276/sx1276.o
                0x20000024                DioIrq
 .data.__sglue  0x2000003c        0xc C:/ST/STM32CubeIDE_1.16.1/STM32CubeIDE/plugins/com.st.stm32cube.ide.mcu.externaltools.gnu-tools-for-stm32.12.3.rel1.win32_1.0.200.202406191623/tools/bin/../lib/gcc/arm-none-eabi/12.3.1/../../../../arm-none-eabi/lib/thumb/v8-m.main+fp/hard\libc_nano.a(libc_a-findfp.o)
                0x2000003c                __sglue
 .data._impure_ptr
                0x20000048        0x4 C:/ST/STM32CubeIDE_1.16.1/STM32CubeIDE/plugins/com.st.stm32cube.ide.mcu.externaltools.gnu-tools-for-stm32.12.3.rel1.win32_1.0.200.202406191623/tools/bin/../lib/gcc/arm-none-eabi/12.3.1/../../../../arm-none-eabi/lib/thumb/v8-m.main+fp/hard\libc_nano.a(libc_a-impure.o)
                0x20000048                _impure_ptr
 .data._impure_data
                0x2000004c       0x4c C:/ST/STM32CubeIDE_1.16.1/STM32CubeIDE/plugins/com.st.stm32cube.ide.mcu.externaltools.gnu-tools-for-stm32.12.3.rel1.win32_1.0.200.202406191623/tools/bin/../lib/gcc/arm-none-eabi/12.3.1/../../../../arm-none-eabi/lib/thumb/v8-m.main+fp/hard\libc_nano.a(libc_a-impure.o)
                0x2000004c                _impure_data
 *(.RamFunc)
 *(.RamFunc*)
                0x20000098                        _edata = .

.igot.plt       0x20000098        0x0 load address 0x0800bed0
 .igot.plt      0x20000098        0x0 C:/ST/STM32CubeIDE_1.16.1/STM32CubeIDE/plugins/com.st.stm32cube.ide.mcu.externaltools.gnu-tools-for-stm32.12.3.rel1.win32_1.0.200.202406191623/tools/bin/../lib/gcc/arm-none-eabi/12.3.1/thumb/v8-m.main+fp/hard/crtbegin.o

.bss            0x20000098      0x6a0 load address 0x0800bed0
                0x20000098                        _sbss = .
                0x20000098                        __bss_start__ = _sbss
 *(.bss)
 .bss           0x20000098       0x1c C:/ST/STM32CubeIDE_1.16.1/STM32CubeIDE/plugins/com.st.stm32cube.ide.mcu.externaltools.gnu-tools-for-stm32.12.3.rel1.win32_1.0.200.202406191623/tools/bin/../lib/gcc/arm-none-eabi/12.3.1/thumb/v8-m.main+fp/hard/crtbegin.o
 *(.bss*)
 .bss.State     0x200000b4        0x1 ./Core/Src/WindowSensors/config.o
                0x200000b4                State
 *fill*         0x200000b5        0x3 
 .bss.MESSAGE_TYPE_REGISTER
                0x200000b8        0x4 ./Core/Src/WindowSensors/config.o
                0x200000b8                MESSAGE_TYPE_REGISTER
 .bss.isSensor1Registered
                0x200000bc        0x1 ./Core/Src/WindowSensors/config.o
                0x200000bc                isSensor1Registered
 .bss.isSensor2Registered
                0x200000bd        0x1 ./Core/Src/WindowSensors/config.o
                0x200000bd                isSensor2Registered
 .bss.isSensor3Registered
                0x200000be        0x1 ./Core/Src/WindowSensors/config.o
                0x200000be                isSensor3Registered
 *fill*         0x200000bf        0x1 
 .bss.message_queue
                0x200000c0       0x20 ./Core/Src/WindowSensors/config.o
                0x200000c0                message_queue
 .bss.trx_events_cnt
                0x200000e0       0x14 ./Core/Src/WindowSensors/radioUtils.o
                0x200000e0                trx_events_cnt
 .bss.RadioEvents
                0x200000f4       0x1c ./Core/Src/WindowSensors/radioUtils.o
 .bss.handle_LPDMA1_Channel0
                0x20000110       0x78 ./Core/Src/main.o
                0x20000110                handle_LPDMA1_Channel0
 .bss.hrtc      0x20000188       0x30 ./Core/Src/main.o
                0x20000188                hrtc
 .bss.hspi1     0x200001b8       0x90 ./Core/Src/main.o
                0x200001b8                hspi1
 .bss.__sbrk_heap_end
                0x20000248        0x4 ./Core/Src/sysmem.o
 .bss.uwTick    0x2000024c        0x4 ./Drivers/STM32U5xx_HAL_Driver/Src/stm32u5xx_hal.o
                0x2000024c                uwTick
 .bss.Led2      0x20000250        0xc ./Radio/board.o
                0x20000250                Led2
 .bss.Led3      0x2000025c        0xc ./Radio/board.o
                0x2000025c                Led3
 .bss.Led4      0x20000268        0xc ./Radio/board.o
                0x20000268                Led4
 .bss.McuInitialized
                0x20000274        0x1 ./Radio/board.o
 *fill*         0x20000275        0x3 
 .bss.GpioIrq   0x20000278       0x40 ./Radio/gpio-board.o
 .bss.Century   0x200002b8        0x2 ./Radio/rtc-board.o
 .bss.CallendarRollOverReady
                0x200002ba        0x1 ./Radio/rtc-board.o
 .bss.NonScheduledWakeUp
                0x200002bb        0x1 ./Radio/rtc-board.o
                0x200002bb                NonScheduledWakeUp
 .bss.RtcCalendarContext
                0x200002bc       0x1c ./Radio/rtc-board.o
                0x200002bc                RtcCalendarContext
 .bss.RtcTimerEventAllowsLowPower
                0x200002d8        0x1 ./Radio/rtc-board.o
 .bss.LowPowerDisableDuringTask
                0x200002d9        0x1 ./Radio/rtc-board.o
 *fill*         0x200002da        0x2 
 .bss.RtcHandle
                0x200002dc       0x30 ./Radio/rtc-board.o
                0x200002dc                RtcHandle
 .bss.RtcInitalized
                0x2000030c        0x1 ./Radio/rtc-board.o
 .bss.WakeUpTimeInitialized
                0x2000030d        0x1 ./Radio/rtc-board.o
 *fill*         0x2000030e        0x2 
 .bss.McuWakeUpTime
                0x20000310        0x4 ./Radio/rtc-board.o
                0x20000310                McuWakeUpTime
 .bss.TimeoutValueError
                0x20000314        0x4 ./Radio/rtc-board.o
 .bss.RadioIsActive
                0x20000318        0x1 ./Radio/sx1276-board.o
 *fill*         0x20000319        0x3 
 .bss.AntRx     0x2000031c        0xc ./Radio/sx1276-board.o
                0x2000031c                AntRx
 .bss.AntTx     0x20000328        0xc ./Radio/sx1276-board.o
                0x20000328                AntTx
 .bss.HasLoopedThroughMain
                0x20000334        0x1 ./Radio/timer.o
                0x20000334                HasLoopedThroughMain
 *fill*         0x20000335        0x3 
 .bss.TimerListHead
                0x20000338        0x4 ./Radio/timer.o
 .bss.RadioEvents
                0x2000033c        0x4 ./Radio/sx1276/sx1276.o
 .bss.RxTxBuffer
                0x20000340      0x100 ./Radio/sx1276/sx1276.o
 .bss.SX1276    0x20000440      0x170 ./Radio/sx1276/sx1276.o
                0x20000440                SX1276
 .bss.TxTimeoutTimer
                0x200005b0       0x14 ./Radio/sx1276/sx1276.o
                0x200005b0                TxTimeoutTimer
 .bss.RxTimeoutTimer
                0x200005c4       0x14 ./Radio/sx1276/sx1276.o
                0x200005c4                RxTimeoutTimer
 .bss.RxTimeoutSyncWord
                0x200005d8       0x14 ./Radio/sx1276/sx1276.o
                0x200005d8                RxTimeoutSyncWord
 .bss.__sf      0x200005ec      0x138 C:/ST/STM32CubeIDE_1.16.1/STM32CubeIDE/plugins/com.st.stm32cube.ide.mcu.externaltools.gnu-tools-for-stm32.12.3.rel1.win32_1.0.200.202406191623/tools/bin/../lib/gcc/arm-none-eabi/12.3.1/../../../../arm-none-eabi/lib/thumb/v8-m.main+fp/hard\libc_nano.a(libc_a-findfp.o)
                0x200005ec                __sf
 .bss.__stdio_exit_handler
                0x20000724        0x4 C:/ST/STM32CubeIDE_1.16.1/STM32CubeIDE/plugins/com.st.stm32cube.ide.mcu.externaltools.gnu-tools-for-stm32.12.3.rel1.win32_1.0.200.202406191623/tools/bin/../lib/gcc/arm-none-eabi/12.3.1/../../../../arm-none-eabi/lib/thumb/v8-m.main+fp/hard\libc_nano.a(libc_a-findfp.o)
                0x20000724                __stdio_exit_handler
 .bss.errno     0x20000728        0x4 C:/ST/STM32CubeIDE_1.16.1/STM32CubeIDE/plugins/com.st.stm32cube.ide.mcu.externaltools.gnu-tools-for-stm32.12.3.rel1.win32_1.0.200.202406191623/tools/bin/../lib/gcc/arm-none-eabi/12.3.1/../../../../arm-none-eabi/lib/thumb/v8-m.main+fp/hard\libc_nano.a(libc_a-reent.o)
                0x20000728                errno
 .bss.__lock___malloc_recursive_mutex
                0x2000072c        0x1 C:/ST/STM32CubeIDE_1.16.1/STM32CubeIDE/plugins/com.st.stm32cube.ide.mcu.externaltools.gnu-tools-for-stm32.12.3.rel1.win32_1.0.200.202406191623/tools/bin/../lib/gcc/arm-none-eabi/12.3.1/../../../../arm-none-eabi/lib/thumb/v8-m.main+fp/hard\libc_nano.a(libc_a-lock.o)
                0x2000072c                __lock___malloc_recursive_mutex
 .bss.__lock___sfp_recursive_mutex
                0x2000072d        0x1 C:/ST/STM32CubeIDE_1.16.1/STM32CubeIDE/plugins/com.st.stm32cube.ide.mcu.externaltools.gnu-tools-for-stm32.12.3.rel1.win32_1.0.200.202406191623/tools/bin/../lib/gcc/arm-none-eabi/12.3.1/../../../../arm-none-eabi/lib/thumb/v8-m.main+fp/hard\libc_nano.a(libc_a-lock.o)
                0x2000072d                __lock___sfp_recursive_mutex
 *fill*         0x2000072e        0x2 
 .bss.__malloc_sbrk_start
                0x20000730        0x4 C:/ST/STM32CubeIDE_1.16.1/STM32CubeIDE/plugins/com.st.stm32cube.ide.mcu.externaltools.gnu-tools-for-stm32.12.3.rel1.win32_1.0.200.202406191623/tools/bin/../lib/gcc/arm-none-eabi/12.3.1/../../../../arm-none-eabi/lib/thumb/v8-m.main+fp/hard\libc_nano.a(libc_a-mallocr.o)
                0x20000730                __malloc_sbrk_start
 .bss.__malloc_free_list
                0x20000734        0x4 C:/ST/STM32CubeIDE_1.16.1/STM32CubeIDE/plugins/com.st.stm32cube.ide.mcu.externaltools.gnu-tools-for-stm32.12.3.rel1.win32_1.0.200.202406191623/tools/bin/../lib/gcc/arm-none-eabi/12.3.1/../../../../arm-none-eabi/lib/thumb/v8-m.main+fp/hard\libc_nano.a(libc_a-mallocr.o)
                0x20000734                __malloc_free_list
 *(COMMON)
                0x20000738                        _ebss = .
                0x20000738                        __bss_end__ = _ebss

._user_heap_stack
                0x20000738      0x600 load address 0x0800bed0
                0x20000738                        . = ALIGN (0x8)
                [!provide]                        PROVIDE (end = .)
                0x20000738                        PROVIDE (_end = .)
                0x20000938                        . = (. + _Min_Heap_Size)
 *fill*         0x20000738      0x200 
                0x20000d38                        . = (. + _Min_Stack_Size)
 *fill*         0x20000938      0x400 
                0x20000d38                        . = ALIGN (0x8)

/DISCARD/
 libc.a(*)
 libm.a(*)
 libgcc.a(*)

.ARM.attributes
                0x00000000       0x36
 *(.ARM.attributes)
 .ARM.attributes
                0x00000000       0x26 C:/ST/STM32CubeIDE_1.16.1/STM32CubeIDE/plugins/com.st.stm32cube.ide.mcu.externaltools.gnu-tools-for-stm32.12.3.rel1.win32_1.0.200.202406191623/tools/bin/../lib/gcc/arm-none-eabi/12.3.1/thumb/v8-m.main+fp/hard/crti.o
 .ARM.attributes
                0x00000026       0x38 C:/ST/STM32CubeIDE_1.16.1/STM32CubeIDE/plugins/com.st.stm32cube.ide.mcu.externaltools.gnu-tools-for-stm32.12.3.rel1.win32_1.0.200.202406191623/tools/bin/../lib/gcc/arm-none-eabi/12.3.1/thumb/v8-m.main+fp/hard/crtbegin.o
 .ARM.attributes
                0x0000005e       0x3a ./Core/Src/WindowSensors/WindowSensorSystem.o
 .ARM.attributes
                0x00000098       0x3a ./Core/Src/WindowSensors/config.o
 .ARM.attributes
                0x000000d2       0x3a ./Core/Src/WindowSensors/cryptography_module.o
 .ARM.attributes
                0x0000010c       0x3a ./Core/Src/WindowSensors/gpio_control.o
 .ARM.attributes
                0x00000146       0x3a ./Core/Src/WindowSensors/message_handler.o
 .ARM.attributes
                0x00000180       0x3a ./Core/Src/WindowSensors/pointer_queue.o
 .ARM.attributes
                0x000001ba       0x3a ./Core/Src/WindowSensors/radioUtils.o
 .ARM.attributes
                0x000001f4       0x3a ./Core/Src/main.o
 .ARM.attributes
                0x0000022e       0x3a ./Core/Src/stm32u5xx_hal_msp.o
 .ARM.attributes
                0x00000268       0x3a ./Core/Src/stm32u5xx_it.o
 .ARM.attributes
                0x000002a2       0x3a ./Core/Src/syscalls.o
 .ARM.attributes
                0x000002dc       0x3a ./Core/Src/sysmem.o
 .ARM.attributes
                0x00000316       0x3a ./Core/Src/system_stm32u5xx.o
 .ARM.attributes
                0x00000350       0x24 ./Core/Startup/startup_stm32u545retxq.o
 .ARM.attributes
                0x00000374       0x3a ./Drivers/STM32U5xx_HAL_Driver/Src/stm32u5xx_hal.o
 .ARM.attributes
                0x000003ae       0x3a ./Drivers/STM32U5xx_HAL_Driver/Src/stm32u5xx_hal_cortex.o
 .ARM.attributes
                0x000003e8       0x3a ./Drivers/STM32U5xx_HAL_Driver/Src/stm32u5xx_hal_dma.o
 .ARM.attributes
                0x00000422       0x3a ./Drivers/STM32U5xx_HAL_Driver/Src/stm32u5xx_hal_dma_ex.o
 .ARM.attributes
                0x0000045c       0x3a ./Drivers/STM32U5xx_HAL_Driver/Src/stm32u5xx_hal_gpio.o
 .ARM.attributes
                0x00000496       0x3a ./Drivers/STM32U5xx_HAL_Driver/Src/stm32u5xx_hal_pwr_ex.o
 .ARM.attributes
                0x000004d0       0x3a ./Drivers/STM32U5xx_HAL_Driver/Src/stm32u5xx_hal_rcc.o
 .ARM.attributes
                0x0000050a       0x3a ./Drivers/STM32U5xx_HAL_Driver/Src/stm32u5xx_hal_rcc_ex.o
 .ARM.attributes
                0x00000544       0x3a ./Drivers/STM32U5xx_HAL_Driver/Src/stm32u5xx_hal_rtc.o
 .ARM.attributes
                0x0000057e       0x3a ./Drivers/STM32U5xx_HAL_Driver/Src/stm32u5xx_hal_rtc_ex.o
 .ARM.attributes
                0x000005b8       0x3a ./Drivers/STM32U5xx_HAL_Driver/Src/stm32u5xx_hal_spi.o
 .ARM.attributes
                0x000005f2       0x3a ./Drivers/STM32U5xx_HAL_Driver/Src/stm32u5xx_hal_spi_ex.o
 .ARM.attributes
                0x0000062c       0x3a ./Radio/board.o
 .ARM.attributes
                0x00000666       0x3a ./Radio/delay.o
 .ARM.attributes
                0x000006a0       0x3a ./Radio/gpio-board.o
 .ARM.attributes
                0x000006da       0x3a ./Radio/gpio.o
 .ARM.attributes
                0x00000714       0x3a ./Radio/rtc-board.o
 .ARM.attributes
                0x0000074e       0x3a ./Radio/spi-board.o
 .ARM.attributes
                0x00000788       0x3a ./Radio/sx1276-board.o
 .ARM.attributes
                0x000007c2       0x3a ./Radio/timer.o
 .ARM.attributes
                0x000007fc       0x3a ./Radio/utilities.o
 .ARM.attributes
                0x00000836       0x3a ./Radio/sx1276/sx1276.o
 .ARM.attributes
                0x00000870       0x38 C:/ST/STM32CubeIDE_1.16.1/STM32CubeIDE/plugins/com.st.stm32cube.ide.mcu.externaltools.gnu-tools-for-stm32.12.3.rel1.win32_1.0.200.202406191623/tools/bin/../lib/gcc/arm-none-eabi/12.3.1/../../../../arm-none-eabi/lib/thumb/v8-m.main+fp/hard\libc_nano.a(libc_a-atoi.o)
 .ARM.attributes
                0x000008a8       0x38 C:/ST/STM32CubeIDE_1.16.1/STM32CubeIDE/plugins/com.st.stm32cube.ide.mcu.externaltools.gnu-tools-for-stm32.12.3.rel1.win32_1.0.200.202406191623/tools/bin/../lib/gcc/arm-none-eabi/12.3.1/../../../../arm-none-eabi/lib/thumb/v8-m.main+fp/hard\libc_nano.a(libc_a-strtol.o)
 .ARM.attributes
                0x000008e0       0x38 C:/ST/STM32CubeIDE_1.16.1/STM32CubeIDE/plugins/com.st.stm32cube.ide.mcu.externaltools.gnu-tools-for-stm32.12.3.rel1.win32_1.0.200.202406191623/tools/bin/../lib/gcc/arm-none-eabi/12.3.1/../../../../arm-none-eabi/lib/thumb/v8-m.main+fp/hard\libc_nano.a(libc_a-ctype_.o)
 .ARM.attributes
                0x00000918       0x38 C:/ST/STM32CubeIDE_1.16.1/STM32CubeIDE/plugins/com.st.stm32cube.ide.mcu.externaltools.gnu-tools-for-stm32.12.3.rel1.win32_1.0.200.202406191623/tools/bin/../lib/gcc/arm-none-eabi/12.3.1/../../../../arm-none-eabi/lib/thumb/v8-m.main+fp/hard\libc_nano.a(libc_a-findfp.o)
 .ARM.attributes
                0x00000950       0x38 C:/ST/STM32CubeIDE_1.16.1/STM32CubeIDE/plugins/com.st.stm32cube.ide.mcu.externaltools.gnu-tools-for-stm32.12.3.rel1.win32_1.0.200.202406191623/tools/bin/../lib/gcc/arm-none-eabi/12.3.1/../../../../arm-none-eabi/lib/thumb/v8-m.main+fp/hard\libc_nano.a(libc_a-fwalk.o)
 .ARM.attributes
                0x00000988       0x38 C:/ST/STM32CubeIDE_1.16.1/STM32CubeIDE/plugins/com.st.stm32cube.ide.mcu.externaltools.gnu-tools-for-stm32.12.3.rel1.win32_1.0.200.202406191623/tools/bin/../lib/gcc/arm-none-eabi/12.3.1/../../../../arm-none-eabi/lib/thumb/v8-m.main+fp/hard\libc_nano.a(libc_a-printf.o)
 .ARM.attributes
                0x000009c0       0x38 C:/ST/STM32CubeIDE_1.16.1/STM32CubeIDE/plugins/com.st.stm32cube.ide.mcu.externaltools.gnu-tools-for-stm32.12.3.rel1.win32_1.0.200.202406191623/tools/bin/../lib/gcc/arm-none-eabi/12.3.1/../../../../arm-none-eabi/lib/thumb/v8-m.main+fp/hard\libc_nano.a(libc_a-puts.o)
 .ARM.attributes
                0x000009f8       0x38 C:/ST/STM32CubeIDE_1.16.1/STM32CubeIDE/plugins/com.st.stm32cube.ide.mcu.externaltools.gnu-tools-for-stm32.12.3.rel1.win32_1.0.200.202406191623/tools/bin/../lib/gcc/arm-none-eabi/12.3.1/../../../../arm-none-eabi/lib/thumb/v8-m.main+fp/hard\libc_nano.a(libc_a-snprintf.o)
 .ARM.attributes