Archive member included to satisfy reference by file (symbol)

C:/ST/STM32CubeIDE_1.16.1/STM32CubeIDE/plugins/com.st.stm32cube.ide.mcu.externaltools.gnu-tools-for-stm32.12.3.rel1.win32_1.0.200.202406191623/tools/bin/../lib/gcc/arm-none-eabi/12.3.1/../../../../arm-none-eabi/lib/thumb/v8-m.main+fp/hard\libc_nano.a(libc_a-atoi.o)
                              ./Core/Src/WindowSensors/radioUtils.o (atoi)
C:/ST/STM32CubeIDE_1.16.1/STM32CubeIDE/plugins/com.st.stm32cube.ide.mcu.externaltools.gnu-tools-for-stm32.12.3.rel1.win32_1.0.200.202406191623/tools/bin/../lib/gcc/arm-none-eabi/12.3.1/../../../../arm-none-eabi/lib/thumb/v8-m.main+fp/hard\libc_nano.a(libc_a-exit.o)
                              C:/ST/STM32CubeIDE_1.16.1/STM32CubeIDE/plugins/com.st.stm32cube.ide.mcu.externaltools.gnu-tools-for-stm32.12.3.rel1.win32_1.0.200.202406191623/tools/bin/../lib/gcc/arm-none-eabi/12.3.1/../../../../arm-none-eabi/lib/thumb/v8-m.main+fp/hard/crt0.o (exit)
C:/ST/STM32CubeIDE_1.16.1/STM32CubeIDE/plugins/com.st.stm32cube.ide.mcu.externaltools.gnu-tools-for-stm32.12.3.rel1.win32_1.0.200.202406191623/tools/bin/../lib/gcc/arm-none-eabi/12.3.1/../../../../arm-none-eabi/lib/thumb/v8-m.main+fp/hard\libc_nano.a(libc_a-strtol.o)
                              C:/ST/STM32CubeIDE_1.16.1/STM32CubeIDE/plugins/com.st.stm32cube.ide.mcu.externaltools.gnu-tools-for-stm32.12.3.rel1.win32_1.0.200.202406191623/tools/bin/../lib/gcc/arm-none-eabi/12.3.1/../../../../arm-none-eabi/lib/thumb/v8-m.main+fp/hard\libc_nano.a(libc_a-atoi.o) (_strtol_r)
C:/ST/STM32CubeIDE_1.16.1/STM32CubeIDE/plugins/com.st.stm32cube.ide.mcu.externaltools.gnu-tools-for-stm32.12.3.rel1.win32_1.0.200.202406191623/tools/bin/../lib/gcc/arm-none-eabi/12.3.1/../../../../arm-none-eabi/lib/thumb/v8-m.main+fp/hard\libc_nano.a(libc_a-ctype_.o)
                              C:/ST/STM32CubeIDE_1.16.1/STM32CubeIDE/plugins/com.st.stm32cube.ide.mcu.externaltools.gnu-tools-for-stm32.12.3.rel1.win32_1.0.200.202406191623/tools/bin/../lib/gcc/arm-none-eabi/12.3.1/../../../../arm-none-eabi/lib/thumb/v8-m.main+fp/hard\libc_nano.a(libc_a-strtol.o) (_ctype_)
C:/ST/STM32CubeIDE_1.16.1/STM32CubeIDE/plugins/com.st.stm32cube.ide.mcu.externaltools.gnu-tools-for-stm32.12.3.rel1.win32_1.0.200.202406191623/tools/bin/../lib/gcc/arm-none-eabi/12.3.1/../../../../arm-none-eabi/lib/thumb/v8-m.main+fp/hard\libc_nano.a(libc_a-findfp.o)
                              C:/ST/STM32CubeIDE_1.16.1/STM32CubeIDE/plugins/com.st.stm32cube.ide.mcu.externaltools.gnu-tools-for-stm32.12.3.rel1.win32_1.0.200.202406191623/tools/bin/../lib/gcc/arm-none-eabi/12.3.1/../../../../arm-none-eabi/lib/thumb/v8-m.main+fp/hard\libc_nano.a(libc_a-exit.o) (__stdio_exit_handler)
C:/ST/STM32CubeIDE_1.16.1/STM32CubeIDE/plugins/com.st.stm32cube.ide.mcu.externaltools.gnu-tools-for-stm32.12.3.rel1.win32_1.0.200.202406191623/tools/bin/../lib/gcc/arm-none-eabi/12.3.1/../../../../arm-none-eabi/lib/thumb/v8-m.main+fp/hard\libc_nano.a(libc_a-fwalk.o)
                              C:/ST/STM32CubeIDE_1.16.1/STM32CubeIDE/plugins/com.st.stm32cube.ide.mcu.externaltools.gnu-tools-for-stm32.12.3.rel1.win32_1.0.200.202406191623/tools/bin/../lib/gcc/arm-none-eabi/12.3.1/../../../../arm-none-eabi/lib/thumb/v8-m.main+fp/hard\libc_nano.a(libc_a-findfp.o) (_fwalk_sglue)
C:/ST/STM32CubeIDE_1.16.1/STM32CubeIDE/plugins/com.st.stm32cube.ide.mcu.externaltools.gnu-tools-for-stm32.12.3.rel1.win32_1.0.200.202406191623/tools/bin/../lib/gcc/arm-none-eabi/12.3.1/../../../../arm-none-eabi/lib/thumb/v8-m.main+fp/hard\libc_nano.a(libc_a-printf.o)
                              ./Radio/rtc-board.o (printf)
C:/ST/STM32CubeIDE_1.16.1/STM32CubeIDE/plugins/com.st.stm32cube.ide.mcu.externaltools.gnu-tools-for-stm32.12.3.rel1.win32_1.0.200.202406191623/tools/bin/../lib/gcc/arm-none-eabi/12.3.1/../../../../arm-none-eabi/lib/thumb/v8-m.main+fp/hard\libc_nano.a(libc_a-puts.o)
                              ./Core/Src/WindowSensors/radioUtils.o (puts)
C:/ST/STM32CubeIDE_1.16.1/STM32CubeIDE/plugins/com.st.stm32cube.ide.mcu.externaltools.gnu-tools-for-stm32.12.3.rel1.win32_1.0.200.202406191623/tools/bin/../lib/gcc/arm-none-eabi/12.3.1/../../../../arm-none-eabi/lib/thumb/v8-m.main+fp/hard\libc_nano.a(libc_a-snprintf.o)
                              ./Core/Src/WindowSensors/radioUtils.o (snprintf)
C:/ST/STM32CubeIDE_1.16.1/STM32CubeIDE/plugins/com.st.stm32cube.ide.mcu.externaltools.gnu-tools-for-stm32.12.3.rel1.win32_1.0.200.202406191623/tools/bin/../lib/gcc/arm-none-eabi/12.3.1/../../../../arm-none-eabi/lib/thumb/v8-m.main+fp/hard\libc_nano.a(libc_a-sprintf.o)
                              ./Radio/rtc-board.o (sprintf)
C:/ST/STM32CubeIDE_1.16.1/STM32CubeIDE/plugins/com.st.stm32cube.ide.mcu.externaltools.gnu-tools-for-stm32.12.3.rel1.win32_1.0.200.202406191623/tools/bin/../lib/gcc/arm-none-eabi/12.3.1/../../../../arm-none-eabi/lib/thumb/v8-m.main+fp/hard\libc_nano.a(libc_a-stdio.o)
[...]
Memory Configuration

Name             Origin             Length             Attributes
RAM              0x20000000         0x00040000         xrw
SRAM4            0x28000000         0x00004000         xrw
FLASH            0x08000000         0x00080000         xr
*default*        0x00000000         0xffffffff

Linker script and memory map

LOAD C:/ST/STM32CubeIDE_1.16.1/STM32CubeIDE/plugins/com.st.stm32cube.ide.mcu.externaltools.gnu-tools-for-stm32.12.3.rel1.win32_1.0.200.202406191623/tools/bin/../lib/gcc/arm-none-eabi/12.3.1/thumb/v8-m.main+fp/hard/crti.o
LOAD C:/ST/STM32CubeIDE_1.16.1/STM32CubeIDE/plugins/com.st.stm32cube.ide.mcu.externaltools.gnu-tools-for-stm32.12.3.rel1.win32_1.0.200.202406191623/tools/bin/../lib/gcc/arm-none-eabi/12.3.1/thumb/v8-m.main+fp/hard/crtbegin.o
LOAD C:/ST/STM32CubeIDE_1.16.1/STM32CubeIDE/plugins/com.st.stm32cube.ide.mcu.externaltools.gnu-tools-for-stm32.12.3.rel1.win32_1.0.200.202406191623/tools/bin/../lib/gcc/arm-none-eabi/12.3.1/../../../../arm-none-eabi/lib/thumb/v8-m.main+fp/hard/crt0.o
LOAD ./Core/Src/WindowSensors/WindowSensorSystem.o
LOAD ./Core/Src/WindowSensors/config.o
LOAD ./Core/Src/WindowSensors/cryptography_module.o
LOAD ./Core/Src/WindowSensors/gpio_control.o
LOAD ./Core/Src/WindowSensors/radioUtils.o
LOAD ./Core/Src/main.o
LOAD ./Core/Src/stm32u5xx_hal_msp.o
LOAD ./Core/Src/stm32u5xx_it.o
LOAD ./Core/Src/syscalls.o
LOAD ./Core/Src/sysmem.o
LOAD ./Core/Src/system_stm32u5xx.o
LOAD ./Core/Startup/startup_stm32u545retxq.o
LOAD ./Drivers/STM32U5xx_HAL_Driver/Src/stm32u5xx_hal.o
LOAD ./Drivers/STM32U5xx_HAL_Driver/Src/stm32u5xx_hal_cortex.o
LOAD ./Drivers/STM32U5xx_HAL_Driver/Src/stm32u5xx_hal_dma.o
LOAD ./Drivers/STM32U5xx_HAL_Driver/Src/stm32u5xx_hal_dma_ex.o
LOAD ./Drivers/STM32U5xx_HAL_Driver/Src/stm32u5xx_hal_exti.o
LOAD ./Drivers/STM32U5xx_HAL_Driver/Src/stm32u5xx_hal_flash.o
LOAD ./Drivers/STM32U5xx_HAL_Driver/Src/stm32u5xx_hal_flash_ex.o
LOAD ./Drivers/STM32U5xx_HAL_Driver/Src/stm32u5xx_hal_gpio.o
LOAD ./Drivers/STM32U5xx_HAL_Driver/Src/stm32u5xx_hal_gtzc.o
LOAD ./Drivers/STM32U5xx_HAL_Driver/Src/stm32u5xx_hal_i2c.o
LOAD ./Drivers/STM32U5xx_HAL_Driver/Src/stm32u5xx_hal_i2c_ex.o
LOAD ./Drivers/STM32U5xx_HAL_Driver/Src/stm32u5xx_hal_icache.o
LOAD ./Drivers/STM32U5xx_HAL_Driver/Src/stm32u5xx_hal_pwr.o
LOAD ./Drivers/STM32U5xx_HAL_Driver/Src/stm32u5xx_hal_pwr_ex.o
LOAD ./Drivers/STM32U5xx_HAL_Driver/Src/stm32u5xx_hal_rcc.o
LOAD ./Drivers/STM32U5xx_HAL_Driver/Src/stm32u5xx_hal_rcc_ex.o
LOAD ./Drivers/STM32U5xx_HAL_Driver/Src/stm32u5xx_hal_rtc.o
LOAD ./Drivers/STM32U5xx_HAL_Driver/Src/stm32u5xx_hal_rtc_ex.o
LOAD ./Drivers/STM32U5xx_HAL_Driver/Src/stm32u5xx_hal_spi.o
LOAD ./Drivers/STM32U5xx_HAL_Driver/Src/stm32u5xx_hal_spi_ex.o
LOAD ./Drivers/STM32U5xx_HAL_Driver/Src/stm32u5xx_hal_tim.o
LOAD ./Drivers/STM32U5xx_HAL_Driver/Src/stm32u5xx_hal_tim_ex.o
LOAD ./Radio/board.o
LOAD ./Radio/delay.o
LOAD ./Radio/gpio-board.o
LOAD ./Radio/gpio.o
LOAD ./Radio/rtc-board.o
LOAD ./Radio/spi-board.o
LOAD ./Radio/sx1276-board.o
LOAD ./Radio/timer.o
LOAD ./Radio/utilities.o
LOAD ./Radio/sx1276/sx1276.o
START GROUP
LOAD C:/ST/STM32CubeIDE_1.16.1/STM32CubeIDE/plugins/com.st.stm32cube.ide.mcu.externaltools.gnu-tools-for-stm32.12.3.rel1.win32_1.0.200.202406191623/tools/bin/../lib/gcc/arm-none-eabi/12.3.1/../../../../arm-none-eabi/lib/thumb/v8-m.main+fp/hard\libc_nano.a
LOAD C:/ST/STM32CubeIDE_1.16.1/STM32CubeIDE/plugins/com.st.stm32cube.ide.mcu.externaltools.gnu-tools-for-stm32.12.3.rel1.win32_1.0.200.202406191623/tools/bin/../lib/gcc/arm-none-eabi/12.3.1/../../../../arm-none-eabi/lib/thumb/v8-m.main+fp/hard\libm.a
END GROUP
START GROUP
LOAD C:/ST/STM32CubeIDE_1.16.1/STM32CubeIDE/plugins/com.st.stm32cube.ide.mcu.externaltools.gnu-tools-for-stm32.12.3.rel1.win32_1.0.200.202406191623/tools/bin/../lib/gcc/arm-none-eabi/12.3.1/thumb/v8-m.main+fp/hard\libgcc.a
LOAD C:/ST/STM32CubeIDE_1.16.1/STM32CubeIDE/plugins/com.st.stm32cube.ide.mcu.externaltools.gnu-tools-for-stm32.12.3.rel1.win32_1.0.200.202406191623/tools/bin/../lib/gcc/arm-none-eabi/12.3.1/../../../../arm-none-eabi/lib/thumb/v8-m.main+fp/hard\libc_nano.a
END GROUP
START GROUP
LOAD C:/ST/STM32CubeIDE_1.16.1/STM32CubeIDE/plugins/com.st.stm32cube.ide.mcu.externaltools.gnu-tools-for-stm32.12.3.rel1.win32_1.0.200.202406191623/tools/bin/../lib/gcc/arm-none-eabi/12.3.1/thumb/v8-m.main+fp/hard\libgcc.a
LOAD C:/ST/STM32CubeIDE_1.16.1/STM32CubeIDE/plugins/com.st.stm32cube.ide.mcu.externaltools.gnu-tools-for-stm32.12.3.rel1.win32_1.0.200.202406191623/tools/bin/../lib/gcc/arm-none-eabi/12.3.1/../../../../arm-none-eabi/lib/thumb/v8-m.main+fp/hard\libc_nano.a
LOAD C:/ST/STM32CubeIDE_1.16.1/STM32CubeIDE/plugins/com.st.stm32cube.ide.mcu.externaltools.gnu-tools-for-stm32.12.3.rel1.win32_1.0.200.202406191623/tools/bin/../lib/gcc/arm-none-eabi/12.3.1/../../../../arm-none-eabi/lib/thumb/v8-m.main+fp/hard\libnosys.a
END GROUP
START GROUP
LOAD C:/ST/STM32CubeIDE_1.16.1/STM32CubeIDE/plugins/com.st.stm32cube.ide.mcu.externaltools.gnu-tools-for-stm32.12.3.rel1.win32_1.0.200.202406191623/tools/bin/../lib/gcc/arm-none-eabi/12.3.1/thumb/v8-m.main+fp/hard\libgcc.a
LOAD C:/ST/STM32CubeIDE_1.16.1/STM32CubeIDE/plugins/com.st.stm32cube.ide.mcu.externaltools.gnu-tools-for-stm32.12.3.rel1.win32_1.0.200.202406191623/tools/bin/../lib/gcc/arm-none-eabi/12.3.1/../../../../arm-none-eabi/lib/thumb/v8-m.main+fp/hard\libc_nano.a
LOAD C:/ST/STM32CubeIDE_1.16.1/STM32CubeIDE/plugins/com.st.stm32cube.ide.mcu.externaltools.gnu-tools-for-stm32.12.3.rel1.win32_1.0.200.202406191623/tools/bin/../lib/gcc/arm-none-eabi/12.3.1/../../../../arm-none-eabi/lib/thumb/v8-m.main+fp/hard\libnosys.a
END GROUP
LOAD C:/ST/STM32CubeIDE_1.16.1/STM32CubeIDE/plugins/com.st.stm32cube.ide.mcu.externaltools.gnu-tools-for-stm32.12.3.rel1.win32_1.0.200.202406191623/tools/bin/../lib/gcc/arm-none-eabi/12.3.1/thumb/v8-m.main+fp/hard/crtend.o
LOAD C:/ST/STM32CubeIDE_1.16.1/STM32CubeIDE/plugins/com.st.stm32cube.ide.mcu.externaltools.gnu-tools-for-stm32.12.3.rel1.win32_1.0.200.202406191623/tools/bin/../lib/gcc/arm-none-eabi/12.3.1/thumb/v8-m.main+fp/hard/crtn.o
                0x20040000                        _estack = (ORIGIN (RAM) + LENGTH (RAM))
                0x00000200                        _Min_Heap_Size = 0x200
                0x00000400                        _Min_Stack_Size = 0x400

.isr_vector     0x08000000      0x238
 *(.isr_vector)
 .isr_vector    0x08000000      0x238 ./Core/Startup/startup_stm32u545retxq.o
                0x08000000                g_pfnVectors

.text           0x08000238     0xb6dc
 *(.text)
 .text          0x08000238       0x40 C:/ST/STM32CubeIDE_1.16.1/STM32CubeIDE/plugins/com.st.stm32cube.ide.mcu.externaltools.gnu-tools-for-stm32.12.3.rel1.win32_1.0.200.202406191623/tools/bin/../lib/gcc/arm-none-eabi/12.3.1/thumb/v8-m.main+fp/hard/crtbegin.o
 .text          0x08000278       0x10 C:/ST/STM32CubeIDE_1.16.1/STM32CubeIDE/plugins/com.st.stm32cube.ide.mcu.externaltools.gnu-tools-for-stm32.12.3.rel1.win32_1.0.200.202406191623/tools/bin/../lib/gcc/arm-none-eabi/12.3.1/../../../../arm-none-eabi/lib/thumb/v8-m.main+fp/hard\libc_nano.a(libc_a-strlen.o)
                0x08000278                strlen
 .text          0x08000288      0x378 C:/ST/STM32CubeIDE_1.16.1/STM32CubeIDE/plugins/com.st.stm32cube.ide.mcu.externaltools.gnu-tools-for-stm32.12.3.rel1.win32_1.0.200.202406191623/tools/bin/../lib/gcc/arm-none-eabi/12.3.1/thumb/v8-m.main+fp/hard\libgcc.a(_arm_addsubdf3.o)
                0x08000288                __aeabi_drsub
                0x08000290                __aeabi_dsub
                0x08000290                __subdf3
                0x08000294                __aeabi_dadd
                0x08000294                __adddf3
                0x0800050c                __floatunsidf
                0x0800050c                __aeabi_ui2d
                0x0800052c                __floatsidf
                0x0800052c                __aeabi_i2d
                0x08000550                __aeabi_f2d
                0x08000550                __extendsfdf2
                0x08000594                __floatundidf
                0x08000594                __aeabi_ul2d
                0x080005a4                __floatdidf
                0x080005a4                __aeabi_l2d
 .text          0x08000600      0x424 C:/ST/STM32CubeIDE_1.16.1/STM32CubeIDE/plugins/com.st.stm32cube.ide.mcu.externaltools.gnu-tools-for-stm32.12.3.rel1.win32_1.0.200.202406191623/tools/bin/../lib/gcc/arm-none-eabi/12.3.1/thumb/v8-m.main+fp/hard\libgcc.a(_arm_muldivdf3.o)
                0x08000600                __aeabi_dmul
                0x08000600                __muldf3
                0x08000854                __divdf3
                0x08000854                __aeabi_ddiv
 .text          0x08000a24      0x110 C:/ST/STM32CubeIDE_1.16.1/STM32CubeIDE/plugins/com.st.stm32cube.ide.mcu.externaltools.gnu-tools-for-stm32.12.3.rel1.win32_1.0.200.202406191623/tools/bin/../lib/gcc/arm-none-eabi/12.3.1/thumb/v8-m.main+fp/hard\libgcc.a(_arm_cmpdf2.o)
                0x08000a24                __gtdf2
                0x08000a24                __gedf2
                0x08000a2c                __ltdf2
                0x08000a2c                __ledf2
                0x08000a34                __nedf2
                0x08000a34                __eqdf2
                0x08000a34                __cmpdf2
                0x08000ab0                __aeabi_cdrcmple
                0x08000ac0                __aeabi_cdcmpeq
                0x08000ac0                __aeabi_cdcmple
                0x08000ad0                __aeabi_dcmpeq
                0x08000ae4                __aeabi_dcmplt
                0x08000af8                __aeabi_dcmple
                0x08000b0c                __aeabi_dcmpge
                0x08000b20                __aeabi_dcmpgt
 .text          0x08000b34       0x50 C:/ST/STM32CubeIDE_1.16.1/STM32CubeIDE/plugins/com.st.stm32cube.ide.mcu.externaltools.gnu-tools-for-stm32.12.3.rel1.win32_1.0.200.202406191623/tools/bin/../lib/gcc/arm-none-eabi/12.3.1/thumb/v8-m.main+fp/hard\libgcc.a(_arm_fixdfsi.o)
                0x08000b34                __aeabi_d2iz
                0x08000b34                __fixdfsi
 .text          0x08000b84       0x40 C:/ST/STM32CubeIDE_1.16.1/STM32CubeIDE/plugins/com.st.stm32cube.ide.mcu.externaltools.gnu-tools-for-stm32.12.3.rel1.win32_1.0.200.202406191623/tools/bin/../lib/gcc/arm-none-eabi/12.3.1/thumb/v8-m.main+fp/hard\libgcc.a(_arm_fixunsdfsi.o)
                0x08000b84                __aeabi_d2uiz
                0x08000b84                __fixunsdfsi
 *(.text*)
 .text.startSystem
                0x08000bc4      0x138 ./Core/Src/WindowSensors/WindowSensorSystem.o
                0x08000bc4                startSystem
 .text.checkForUpdateRequests
                0x08000cfc       0xec ./Core/Src/WindowSensors/WindowSensorSystem.o
                0x08000cfc                checkForUpdateRequests
 .text.initialiseSystem
                0x08000de8       0x88 ./Core/Src/WindowSensors/WindowSensorSystem.o
                0x08000de8                initialiseSystem
 .text.encode_message
                0x08000e70       0x16 ./Core/Src/WindowSensors/cryptography_module.o
                0x08000e70                encode_message
 .text.decode_message
                0x08000e86       0x16 ./Core/Src/WindowSensors/cryptography_module.o
                0x08000e86                decode_message
 .text.checkWindow1Status
                0x08000e9c       0x24 ./Core/Src/WindowSensors/gpio_control.o
                0x08000e9c                checkWindow1Status
 .text.checkWindow2Status
                0x08000ec0       0x20 ./Core/Src/WindowSensors/gpio_control.o
                0x08000ec0                checkWindow2Status
 .text.checkWindow3Status
                0x08000ee0       0x20 ./Core/Src/WindowSensors/gpio_control.o
                0x08000ee0                checkWindow3Status
 .text.initRadioCommunication
                0x08000f00       0xdc ./Core/Src/WindowSensors/radioUtils.o
                0x08000f00                initRadioCommunication
 .text.send_window_status_update
                0x08000fdc       0xc0 ./Core/Src/WindowSensors/radioUtils.o
                0x08000fdc                send_window_status_update
 .text.OnTxDone
                0x0800109c       0x28 ./Core/Src/WindowSensors/radioUtils.o
                0x0800109c                OnTxDone
 .text.OnRxDone
                0x080010c4       0xe8 ./Core/Src/WindowSensors/radioUtils.o
                0x080010c4                OnRxDone
 .text.handleAcknowledgementMessage
                0x080011ac       0x5c ./Core/Src/WindowSensors/radioUtils.o
                0x080011ac                handleAcknowledgementMessage
 .text.handleUpdateStatusMessage
                0x08001208       0x64 ./Core/Src/WindowSensors/radioUtils.o
                0x08001208                handleUpdateStatusMessage
 .text.OnTxTimeout
                0x0800126c       0x2c ./Core/Src/WindowSensors/radioUtils.o
                0x0800126c                OnTxTimeout
 .text.OnRxTimeout
                0x08001298       0x28 ./Core/Src/WindowSensors/radioUtils.o
                0x08001298                OnRxTimeout
 .text.OnRxError
                0x080012c0       0x2c ./Core/Src/WindowSensors/radioUtils.o
                0x080012c0                OnRxError
 .text.main     0x080012ec       0x2a ./Core/Src/main.o
                0x080012ec                main
 .text.SystemClock_Config
                0x08001316       0x9c ./Core/Src/main.o
                0x08001316                SystemClock_Config
 .text.SystemPower_Config
                0x080013b2       0x18 ./Core/Src/main.o
 *fill*         0x080013ca        0x2 
 .text.MX_LPDMA1_Init
                0x080013cc       0x7c ./Core/Src/main.o
 .text.MX_RTC_Init
                0x08001448       0x9c ./Core/Src/main.o
 .text.MX_SPI1_Init
                0x080014e4       0xdc ./Core/Src/main.o
 .text.MX_GPIO_Init
                0x080015c0       0xf0 ./Core/Src/main.o
 .text.Error_Handler
                0x080016b0        0xc ./Core/Src/main.o
                0x080016b0                Error_Handler
 .text.HAL_MspInit
                0x080016bc       0x34 ./Core/Src/stm32u5xx_hal_msp.o
                0x080016bc                HAL_MspInit
 .text.HAL_RTC_MspInit
                0x080016f0       0x98 ./Core/Src/stm32u5xx_hal_msp.o
                0x080016f0                HAL_RTC_MspInit
 .text.HAL_SPI_MspInit
                0x08001788       0xd4 ./Core/Src/stm32u5xx_hal_msp.o
                0x08001788                HAL_SPI_MspInit
 .text.NMI_Handler
                0x0800185c        0x8 ./Core/Src/stm32u5xx_it.o
                0x0800185c                NMI_Handler
 .text.HardFault_Handler
                0x08001864        0x8 ./Core/Src/stm32u5xx_it.o
                0x08001864                HardFault_Handler
 .text.MemManage_Handler
                0x0800186c        0x8 ./Core/Src/stm32u5xx_it.o
                0x0800186c                MemManage_Handler
 .text.BusFault_Handler
                0x08001874        0x8 ./Core/Src/stm32u5xx_it.o
                0x08001874                BusFault_Handler
 .text.UsageFault_Handler
                0x0800187c        0x8 ./Core/Src/stm32u5xx_it.o
                0x0800187c                UsageFault_Handler
 .text.SVC_Handler
                0x08001884        0xe ./Core/Src/stm32u5xx_it.o
                0x08001884                SVC_Handler
 .text.DebugMon_Handler
                0x08001892        0xe ./Core/Src/stm32u5xx_it.o
                0x08001892                DebugMon_Handler
 .text.PendSV_Handler
                0x080018a0        0xe ./Core/Src/stm32u5xx_it.o
                0x080018a0                PendSV_Handler
 .text.SysTick_Handler
                0x080018ae        0xc ./Core/Src/stm32u5xx_it.o
                0x080018ae                SysTick_Handler
 .text._read    0x080018ba       0x3a ./Core/Src/syscalls.o
                0x080018ba                _read
 .text._write   0x080018f4       0x38 ./Core/Src/syscalls.o
                0x080018f4                _write
 .text._close   0x0800192c       0x18 ./Core/Src/syscalls.o
                0x0800192c                _close
 .text._fstat   0x08001944       0x20 ./Core/Src/syscalls.o
                0x08001944                _fstat
 .text._isatty  0x08001964       0x16 ./Core/Src/syscalls.o
                0x08001964                _isatty
 .text._lseek   0x0800197a       0x1a ./Core/Src/syscalls.o
                0x0800197a                _lseek
 .text._sbrk    0x08001994       0x6c ./Core/Src/sysmem.o
                0x08001994                _sbrk
 .text.SystemInit
                0x08001a00       0x70 ./Core/Src/system_stm32u5xx.o
                0x08001a00                SystemInit
 .text.Reset_Handler
                0x08001a70       0x50 ./Core/Startup/startup_stm32u545retxq.o
                0x08001a70                Reset_Handler
 .text.Default_Handler
                0x08001ac0        0x2 ./Core/Startup/startup_stm32u545retxq.o
                0x08001ac0                TIM8_TRG_COM_IRQHandler
                0x08001ac0                TIM8_CC_IRQHandler
                0x08001ac0                FLASH_S_IRQHandler
                0x08001ac0                TIM1_CC_IRQHandler
                0x08001ac0                TSC_IRQHandler
                0x08001ac0                TAMP_IRQHandler
                0x08001ac0                TIM6_IRQHandler
                0x08001ac0                CORDIC_IRQHandler
                0x08001ac0                LPTIM4_IRQHandler
                0x08001ac0                GPDMA1_Channel5_IRQHandler
                0x08001ac0                LPTIM2_IRQHandler
                0x08001ac0                I2C3_ER_IRQHandler
                0x08001ac0                PWR_S3WU_IRQHandler
                0x08001ac0                LPDMA1_Channel3_IRQHandler
                0x08001ac0                LPTIM3_IRQHandler
                0x08001ac0                I2C2_EV_IRQHandler
                0x08001ac0                FPU_IRQHandler
                0x08001ac0                GPDMA1_Channel3_IRQHandler
                0x08001ac0                GPDMA1_Channel7_IRQHandler
                0x08001ac0                FDCAN1_IT1_IRQHandler
                0x08001ac0                RAMCFG_IRQHandler
                0x08001ac0                GPDMA1_Channel9_IRQHandler
                0x08001ac0                DCACHE1_IRQHandler
                0x08001ac0                SPI1_IRQHandler
                0x08001ac0                OCTOSPI1_IRQHandler
                0x08001ac0                GPDMA1_Channel2_IRQHandler
                0x08001ac0                TIM8_UP_IRQHandler
                0x08001ac0                RCC_S_IRQHandler
                0x08001ac0                MDF1_FLT1_IRQHandler
                0x08001ac0                ADC1_IRQHandler
                0x08001ac0                PKA_IRQHandler
                0x08001ac0                TIM17_IRQHandler
                0x08001ac0                USART3_IRQHandler
                0x08001ac0                UART5_IRQHandler
                0x08001ac0                TIM4_IRQHandler
                0x08001ac0                I2C1_EV_IRQHandler
                0x08001ac0                GPDMA1_Channel12_IRQHandler
                0x08001ac0                GPDMA1_Channel1_IRQHandler
                0x08001ac0                TIM16_IRQHandler
                0x08001ac0                GPDMA1_Channel15_IRQHandler
                0x08001ac0                UART4_IRQHandler
                0x08001ac0                SecureFault_Handler
                0x08001ac0                TIM3_IRQHandler
                0x08001ac0                RCC_IRQHandler
                0x08001ac0                TIM1_TRG_COM_IRQHandler
                0x08001ac0                Default_Handler
                0x08001ac0                GPDMA1_Channel8_IRQHandler
                0x08001ac0                FMAC_IRQHandler
                0x08001ac0                OTFDEC1_IRQHandler
                0x08001ac0                GPDMA1_Channel11_IRQHandler
                0x08001ac0                TIM7_IRQHandler
                0x08001ac0                SDMMC1_IRQHandler
                0x08001ac0                SAES_IRQHandler
                0x08001ac0                TIM5_IRQHandler
                0x08001ac0                GPDMA1_Channel0_IRQHandler
                0x08001ac0                TIM15_IRQHandler
                0x08001ac0                I2C3_EV_IRQHandler
                0x08001ac0                USB_IRQHandler
                0x08001ac0                LPDMA1_Channel0_IRQHandler
                0x08001ac0                PVD_PVM_IRQHandler
                0x08001ac0                SPI2_IRQHandler
                0x08001ac0                LPDMA1_Channel1_IRQHandler
                0x08001ac0                CRS_IRQHandler
                0x08001ac0                GPDMA1_Channel14_IRQHandler
                0x08001ac0                LSECSSD_IRQHandler
                0x08001ac0                RTC_S_IRQHandler
                0x08001ac0                GPDMA1_Channel13_IRQHandler
                0x08001ac0                RNG_IRQHandler
                0x08001ac0                COMP_IRQHandler
                0x08001ac0                TIM1_UP_IRQHandler
                0x08001ac0                ADC4_IRQHandler
                0x08001ac0                WWDG_IRQHandler
                0x08001ac0                I2C4_EV_IRQHandler
                0x08001ac0                ADF1_IRQHandler
                0x08001ac0                IWDG_IRQHandler
                0x08001ac0                LPUART1_IRQHandler
                0x08001ac0                MDF1_FLT0_IRQHandler
                0x08001ac0                FDCAN1_IT0_IRQHandler
                0x08001ac0                TIM2_IRQHandler
                0x08001ac0                GPDMA1_Channel4_IRQHandler
                0x08001ac0                TIM1_BRK_IRQHandler
                0x08001ac0                AES_IRQHandler
                0x08001ac0                DAC1_IRQHandler
                0x08001ac0                GTZC_IRQHandler
                0x08001ac0                GPDMA1_Channel6_IRQHandler
                0x08001ac0                I2C2_ER_IRQHandler
                0x08001ac0                TIM8_BRK_IRQHandler
                0x08001ac0                FLASH_IRQHandler
                0x08001ac0                USART1_IRQHandler
                0x08001ac0                SPI3_IRQHandler
                0x08001ac0                LPDMA1_Channel2_IRQHandler
                0x08001ac0                I2C1_ER_IRQHandler
                0x08001ac0                LPTIM1_IRQHandler
                0x08001ac0                DCMI_PSSI_IRQHandler
                0x08001ac0                I2C4_ER_IRQHandler
                0x08001ac0                GPDMA1_Channel10_IRQHandler
                0x08001ac0                ICACHE_IRQHandler
                0x08001ac0                SAI1_IRQHandler
                0x08001ac0                HASH_IRQHandler
 *fill*         0x08001ac2        0x2 
 .text.HAL_Init
                0x08001ac4       0x60 ./Drivers/STM32U5xx_HAL_Driver/Src/stm32u5xx_hal.o
                0x08001ac4                HAL_Init
 .text.HAL_InitTick
                0x08001b24       0xec ./Drivers/STM32U5xx_HAL_Driver/Src/stm32u5xx_hal.o
                0x08001b24                HAL_InitTick
 .text.HAL_IncTick
                0x08001c10       0x28 ./Drivers/STM32U5xx_HAL_Driver/Src/stm32u5xx_hal.o
                0x08001c10                HAL_IncTick
 .text.HAL_GetTick
                0x08001c38       0x18 ./Drivers/STM32U5xx_HAL_Driver/Src/stm32u5xx_hal.o
                0x08001c38                HAL_GetTick
 .text.HAL_Delay
                0x08001c50       0x48 ./Drivers/STM32U5xx_HAL_Driver/Src/stm32u5xx_hal.o
                0x08001c50                HAL_Delay
 .text.__NVIC_SetPriorityGrouping
                0x08001c98       0x48 ./Drivers/STM32U5xx_HAL_Driver/Src/stm32u5xx_hal_cortex.o
 .text.__NVIC_GetPriorityGrouping
                0x08001ce0       0x1c ./Drivers/STM32U5xx_HAL_Driver/Src/stm32u5xx_hal_cortex.o
 .text.__NVIC_EnableIRQ
                0x08001cfc       0x3c ./Drivers/STM32U5xx_HAL_Driver/Src/stm32u5xx_hal_cortex.o
 .text.__NVIC_SetPriority
                0x08001d38       0x54 ./Drivers/STM32U5xx_HAL_Driver/Src/stm32u5xx_hal_cortex.o
 .text.NVIC_EncodePriority
                0x08001d8c       0x66 ./Drivers/STM32U5xx_HAL_Driver/Src/stm32u5xx_hal_cortex.o
 .text.HAL_NVIC_SetPriorityGrouping
                0x08001df2       0x16 ./Drivers/STM32U5xx_HAL_Driver/Src/stm32u5xx_hal_cortex.o
                0x08001df2                HAL_NVIC_SetPriorityGrouping
 .text.HAL_NVIC_SetPriority
                0x08001e08       0x34 ./Drivers/STM32U5xx_HAL_Driver/Src/stm32u5xx_hal_cortex.o
                0x08001e08                HAL_NVIC_SetPriority
 .text.HAL_NVIC_EnableIRQ
                0x08001e3c       0x1c ./Drivers/STM32U5xx_HAL_Driver/Src/stm32u5xx_hal_cortex.o
                0x08001e3c                HAL_NVIC_EnableIRQ
 .text.HAL_SYSTICK_Config
                0x08001e58       0x44 ./Drivers/STM32U5xx_HAL_Driver/Src/stm32u5xx_hal_cortex.o
                0x08001e58                HAL_SYSTICK_Config
 .text.HAL_SYSTICK_CLKSourceConfig
                0x08001e9c       0xb0 ./Drivers/STM32U5xx_HAL_Driver/Src/stm32u5xx_hal_cortex.o
                0x08001e9c                HAL_SYSTICK_CLKSourceConfig
 .text.HAL_SYSTICK_GetCLKSourceConfig
                0x08001f4c       0x74 ./Drivers/STM32U5xx_HAL_Driver/Src/stm32u5xx_hal_cortex.o
                0x08001f4c                HAL_SYSTICK_GetCLKSourceConfig
 .text.HAL_DMA_ConfigChannelAttributes
                0x08001fc0       0x78 ./Drivers/STM32U5xx_HAL_Driver/Src/stm32u5xx_hal_dma.o
                0x08001fc0                HAL_DMA_ConfigChannelAttributes
 .text.HAL_DMAEx_List_Init
                0x08002038      0x258 ./Drivers/STM32U5xx_HAL_Driver/Src/stm32u5xx_hal_dma_ex.o
                0x08002038                HAL_DMAEx_List_Init
 .text.DMA_List_Init
                0x08002290      0x2b0 ./Drivers/STM32U5xx_HAL_Driver/Src/stm32u5xx_hal_dma_ex.o
 .text.HAL_GPIO_Init
                0x08002540      0x3b0 ./Drivers/STM32U5xx_HAL_Driver/Src/stm32u5xx_hal_gpio.o
                0x08002540                HAL_GPIO_Init
 .text.HAL_GPIO_ReadPin
                0x080028f0       0x30 ./Drivers/STM32U5xx_HAL_Driver/Src/stm32u5xx_hal_gpio.o
                0x080028f0                HAL_GPIO_ReadPin
 .text.HAL_GPIO_WritePin
                0x08002920       0x30 ./Drivers/STM32U5xx_HAL_Driver/Src/stm32u5xx_hal_gpio.o
                0x08002920                HAL_GPIO_WritePin
 .text.HAL_GPIO_EXTI_IRQHandler
                0x08002950       0x4c ./Drivers/STM32U5xx_HAL_Driver/Src/stm32u5xx_hal_gpio.o
                0x08002950                HAL_GPIO_EXTI_IRQHandler
 .text.HAL_GPIO_EXTI_Falling_Callback
                0x0800299c       0x16 ./Drivers/STM32U5xx_HAL_Driver/Src/stm32u5xx_hal_gpio.o
                0x0800299c                HAL_GPIO_EXTI_Falling_Callback
 *fill*         0x080029b2        0x2 
 .text.HAL_PWREx_ControlVoltageScaling
                0x080029b4       0xfc ./Drivers/STM32U5xx_HAL_Driver/Src/stm32u5xx_hal_pwr_ex.o
                0x080029b4                HAL_PWREx_ControlVoltageScaling
 .text.HAL_PWREx_GetVoltageRange
                0x08002ab0       0x1c ./Drivers/STM32U5xx_HAL_Driver/Src/stm32u5xx_hal_pwr_ex.o
                0x08002ab0                HAL_PWREx_GetVoltageRange
 .text.HAL_PWREx_ConfigSupply
                0x08002acc       0xa0 ./Drivers/STM32U5xx_HAL_Driver/Src/stm32u5xx_hal_pwr_ex.o
                0x08002acc                HAL_PWREx_ConfigSupply
 .text.HAL_RCC_OscConfig
                0x08002b6c      0xdb8 ./Drivers/STM32U5xx_HAL_Driver/Src/stm32u5xx_hal_rcc.o
                0x08002b6c                HAL_RCC_OscConfig
 .text.HAL_RCC_ClockConfig
                0x08003924      0x3e4 ./Drivers/STM32U5xx_HAL_Driver/Src/stm32u5xx_hal_rcc.o
                0x08003924                HAL_RCC_ClockConfig
 .text.HAL_RCC_GetSysClockFreq
                0x08003d08      0x204 ./Drivers/STM32U5xx_HAL_Driver/Src/stm32u5xx_hal_rcc.o
                0x08003d08                HAL_RCC_GetSysClockFreq
 .text.HAL_RCC_GetHCLKFreq
                0x08003f0c       0x34 ./Drivers/STM32U5xx_HAL_Driver/Src/stm32u5xx_hal_rcc.o
                0x08003f0c                HAL_RCC_GetHCLKFreq
 .text.RCC_SetFlashLatencyFromMSIRange
                0x08003f40      0x10c ./Drivers/STM32U5xx_HAL_Driver/Src/stm32u5xx_hal_rcc.o
 .text.HAL_RCCEx_PeriphCLKConfig
                0x0800404c      0xa7c ./Drivers/STM32U5xx_HAL_Driver/Src/stm32u5xx_hal_rcc_ex.o
                0x0800404c                HAL_RCCEx_PeriphCLKConfig
 .text.RCCEx_PLL2_Config
                0x08004ac8      0x130 ./Drivers/STM32U5xx_HAL_Driver/Src/stm32u5xx_hal_rcc_ex.o
 .text.RCCEx_PLL3_Config
                0x08004bf8      0x130 ./Drivers/STM32U5xx_HAL_Driver/Src/stm32u5xx_hal_rcc_ex.o
 .text.HAL_RTC_Init
                0x08004d28      0x104 ./Drivers/STM32U5xx_HAL_Driver/Src/stm32u5xx_hal_rtc.o
                0x08004d28                HAL_RTC_Init
 .text.HAL_RTC_SetTime
                0x08004e2c      0x138 ./Drivers/STM32U5xx_HAL_Driver/Src/stm32u5xx_hal_rtc.o
                0x08004e2c                HAL_RTC_SetTime
 .text.HAL_RTC_GetTime
                0x08004f64       0xe4 ./Drivers/STM32U5xx_HAL_Driver/Src/stm32u5xx_hal_rtc.o
                0x08004f64                HAL_RTC_GetTime
 .text.HAL_RTC_SetDate
                0x08005048      0x10c ./Drivers/STM32U5xx_HAL_Driver/Src/stm32u5xx_hal_rtc.o
                0x08005048                HAL_RTC_SetDate
 .text.HAL_RTC_GetDate
                0x08005154       0x9c ./Drivers/STM32U5xx_HAL_Driver/Src/stm32u5xx_hal_rtc.o
                0x08005154                HAL_RTC_GetDate
 .text.HAL_RTC_SetAlarm_IT
                0x080051f0      0x200 ./Drivers/STM32U5xx_HAL_Driver/Src/stm32u5xx_hal_rtc.o
                0x080051f0                HAL_RTC_SetAlarm_IT
 .text.HAL_RTC_DeactivateAlarm
                0x080053f0       0x84 ./Drivers/STM32U5xx_HAL_Driver/Src/stm32u5xx_hal_rtc.o
                0x080053f0                HAL_RTC_DeactivateAlarm
 .text.HAL_RTC_GetAlarm
                0x08005474      0x17c ./Drivers/STM32U5xx_HAL_Driver/Src/stm32u5xx_hal_rtc.o
                0x08005474                HAL_RTC_GetAlarm
 .text.HAL_RTC_AlarmIRQHandler
                0x080055f0       0x50 ./Drivers/STM32U5xx_HAL_Driver/Src/stm32u5xx_hal_rtc.o
                0x080055f0                HAL_RTC_AlarmIRQHandler
 .text.HAL_RTC_AlarmAEventCallback
                0x08005640       0x14 ./Drivers/STM32U5xx_HAL_Driver/Src/stm32u5xx_hal_rtc.o
                0x08005640                HAL_RTC_AlarmAEventCallback
 .text.HAL_RTC_WaitForSynchro
                0x08005654       0x64 ./Drivers/STM32U5xx_HAL_Driver/Src/stm32u5xx_hal_rtc.o
                0x08005654                HAL_RTC_WaitForSynchro
 .text.RTC_EnterInitMode
                0x080056b8       0x78 ./Drivers/STM32U5xx_HAL_Driver/Src/stm32u5xx_hal_rtc.o
                0x080056b8                RTC_EnterInitMode
 .text.RTC_ExitInitMode
                0x08005730       0x7c ./Drivers/STM32U5xx_HAL_Driver/Src/stm32u5xx_hal_rtc.o
                0x08005730                RTC_ExitInitMode
 .text.RTC_ByteToBcd2
                0x080057ac       0x40 ./Drivers/STM32U5xx_HAL_Driver/Src/stm32u5xx_hal_rtc.o
                0x080057ac                RTC_ByteToBcd2
 .text.RTC_Bcd2ToByte
                0x080057ec       0x38 ./Drivers/STM32U5xx_HAL_Driver/Src/stm32u5xx_hal_rtc.o
                0x080057ec                RTC_Bcd2ToByte
 .text.HAL_RTCEx_DeactivateWakeUpTimer
                0x08005824       0x5c ./Drivers/STM32U5xx_HAL_Driver/Src/stm32u5xx_hal_rtc_ex.o
                0x08005824                HAL_RTCEx_DeactivateWakeUpTimer
 .text.HAL_RTCEx_AlarmBEventCallback
                0x08005880       0x14 ./Drivers/STM32U5xx_HAL_Driver/Src/stm32u5xx_hal_rtc_ex.o
                0x08005880                HAL_RTCEx_AlarmBEventCallback
 .text.HAL_RTCEx_PrivilegeModeSet
                0x08005894       0x5c ./Drivers/STM32U5xx_HAL_Driver/Src/stm32u5xx_hal_rtc_ex.o
                0x08005894                HAL_RTCEx_PrivilegeModeSet
 .text.HAL_SPI_Init
                0x080058f0      0x22c ./Drivers/STM32U5xx_HAL_Driver/Src/stm32u5xx_hal_spi.o
                0x080058f0                HAL_SPI_Init
 .text.HAL_SPI_Transmit
                0x08005b1c      0x420 ./Drivers/STM32U5xx_HAL_Driver/Src/stm32u5xx_hal_spi.o
                0x08005b1c                HAL_SPI_Transmit
 .text.HAL_SPI_Receive
                0x08005f3c      0x344 ./Drivers/STM32U5xx_HAL_Driver/Src/stm32u5xx_hal_spi.o
                0x08005f3c                HAL_SPI_Receive
 .text.HAL_SPI_GetState
                0x08006280       0x1c ./Drivers/STM32U5xx_HAL_Driver/Src/stm32u5xx_hal_spi.o
                0x08006280                HAL_SPI_GetState
 .text.SPI_CloseTransfer
                0x0800629c      0x140 ./Drivers/STM32U5xx_HAL_Driver/Src/stm32u5xx_hal_spi.o
 .text.SPI_WaitOnFlagUntilTimeout
                0x080063dc       0x5c ./Drivers/STM32U5xx_HAL_Driver/Src/stm32u5xx_hal_spi.o
 .text.SPI_GetPacketSize
                0x08006438       0x36 ./Drivers/STM32U5xx_HAL_Driver/Src/stm32u5xx_hal_spi.o
 .text.HAL_SPIEx_SetConfigAutonomousMode
                0x0800646e       0x82 ./Drivers/STM32U5xx_HAL_Driver/Src/stm32u5xx_hal_spi_ex.o
                0x0800646e                HAL_SPIEx_SetConfigAutonomousMode
 .text.BoardInitPeriph
                0x080064f0       0x6c ./Radio/board.o
                0x080064f0                BoardInitPeriph
 .text.BoardInitMcu
                0x0800655c       0x50 ./Radio/board.o
                0x0800655c                BoardInitMcu
 .text.DelayMs  0x080065ac       0x16 ./Radio/delay.o
                0x080065ac                DelayMs
 *fill*         0x080065c2        0x2 
 .text.GpioMcuInit
                0x080065c4      0x1cc ./Radio/gpio-board.o
                0x080065c4                GpioMcuInit
 .text.GpioMcuSetInterrupt
                0x08006790      0x284 ./Radio/gpio-board.o
                0x08006790                GpioMcuSetInterrupt
 .text.GpioMcuWrite
                0x08006a14       0x36 ./Radio/gpio-board.o
                0x08006a14                GpioMcuWrite
 .text.EXTI0_IRQHandler
                0x08006a4a       0x12 ./Radio/gpio-board.o
                0x08006a4a                EXTI0_IRQHandler
 .text.EXTI1_IRQHandler
                0x08006a5c       0x12 ./Radio/gpio-board.o
                0x08006a5c                EXTI1_IRQHandler
 .text.EXTI2_IRQHandler
                0x08006a6e       0x12 ./Radio/gpio-board.o
                0x08006a6e                EXTI2_IRQHandler
 .text.EXTI3_IRQHandler
                0x08006a80       0x12 ./Radio/gpio-board.o
                0x08006a80                EXTI3_IRQHandler
 .text.EXTI4_IRQHandler
                0x08006a92       0x12 ./Radio/gpio-board.o
                0x08006a92                EXTI4_IRQHandler
 .text.EXTI5_IRQHandler
                0x08006aa4       0x12 ./Radio/gpio-board.o
                0x08006aa4                EXTI5_IRQHandler
 .text.EXTI6_IRQHandler
                0x08006ab6       0x12 ./Radio/gpio-board.o
                0x08006ab6                EXTI6_IRQHandler
 .text.EXTI7_IRQHandler
                0x08006ac8       0x12 ./Radio/gpio-board.o
                0x08006ac8                EXTI7_IRQHandler
 .text.EXTI8_IRQHandler
                0x08006ada       0x14 ./Radio/gpio-board.o
                0x08006ada                EXTI8_IRQHandler
 .text.EXTI9_IRQHandler
                0x08006aee       0x14 ./Radio/gpio-board.o
                0x08006aee                EXTI9_IRQHandler
 .text.EXTI10_IRQHandler
                0x08006b02       0x14 ./Radio/gpio-board.o
                0x08006b02                EXTI10_IRQHandler
 .text.EXTI11_IRQHandler
                0x08006b16       0x14 ./Radio/gpio-board.o
                0x08006b16                EXTI11_IRQHandler
 .text.EXTI12_IRQHandler
                0x08006b2a       0x14 ./Radio/gpio-board.o
                0x08006b2a                EXTI12_IRQHandler
 .text.EXTI13_IRQHandler
                0x08006b3e       0x14 ./Radio/gpio-board.o
                0x08006b3e                EXTI13_IRQHandler
 .text.EXTI14_IRQHandler
                0x08006b52       0x14 ./Radio/gpio-board.o
                0x08006b52                EXTI14_IRQHandler
 .text.EXTI15_IRQHandler
                0x08006b66       0x14 ./Radio/gpio-board.o
                0x08006b66                EXTI15_IRQHandler
 *fill*         0x08006b7a        0x2 
 .text.HAL_GPIO_EXTI_Rising_Callback
                0x08006b7c       0x4c ./Radio/gpio-board.o
                0x08006b7c                HAL_GPIO_EXTI_Rising_Callback
 .text.GpioInit
                0x08006bc8       0x48 ./Radio/gpio.o
                0x08006bc8                GpioInit
 .text.GpioSetInterrupt
                0x08006c10       0x36 ./Radio/gpio.o
                0x08006c10                GpioSetInterrupt
 .text.GpioWrite
                0x08006c46       0x2a ./Radio/gpio.o
                0x08006c46                GpioWrite
 .text.RtcInit  0x08006c70       0xc8 ./Radio/rtc-board.o
                0x08006c70                RtcInit
 .text.RtcSetTimeout
                0x08006d38       0x16 ./Radio/rtc-board.o
                0x08006d38                RtcSetTimeout
 *fill*         0x08006d4e        0x2 
 .text.RtcGetAdjustedTimeoutValue
                0x08006d50       0x70 ./Radio/rtc-board.o
                0x08006d50                RtcGetAdjustedTimeoutValue
 .text.RtcGetElapsedAlarmTime
                0x08006dc0       0x44 ./Radio/rtc-board.o
                0x08006dc0                RtcGetElapsedAlarmTime
 .text.BlockLowPowerDuringTask
                0x08006e04       0x28 ./Radio/rtc-board.o
                0x08006e04                BlockLowPowerDuringTask
 .text.RtcRecoverMcuStatus
                0x08006e2c        0xe ./Radio/rtc-board.o
                0x08006e2c                RtcRecoverMcuStatus
 *fill*         0x08006e3a        0x2 
 .text.RtcComputeWakeUpTime
                0x08006e3c       0xcc ./Radio/rtc-board.o
 .text.RtcStartWakeUpAlarm
                0x08006f08       0xa0 ./Radio/rtc-board.o
 .text.RtcComputeTimerTimeToAlarmTick
                0x08006fa8      0x3a0 ./Radio/rtc-board.o
 .text.RtcConvertCalendarTickToTimerTime
                0x08007348      0x1e8 ./Radio/rtc-board.o
 .text.RtcCheckCalendarRollOver
                0x08007530       0x4c ./Radio/rtc-board.o
 .text.RtcGetCalendar
                0x0800757c       0x5c ./Radio/rtc-board.o
 .text.RTC_IRQHandler
                0x080075d8       0x38 ./Radio/rtc-board.o
                0x080075d8                RTC_IRQHandler
 .text.SpiInit  0x08007610      0x120 ./Radio/spi-board.o
                0x08007610                SpiInit
 .text.SpiFormat
                0x08007730       0xc2 ./Radio/spi-board.o
                0x08007730                SpiFormat
 *fill*         0x080077f2        0x2 
 .text.SX1276IoInit
                0x080077f4       0xb4 ./Radio/sx1276-board.o
                0x080077f4                SX1276IoInit
 .text.SX1276IoIrqInit
                0x080078a8       0x88 ./Radio/sx1276-board.o
                0x080078a8                SX1276IoIrqInit
 .text.SX1276GetPaSelect
                0x08007930       0x16 ./Radio/sx1276-board.o
                0x08007930                SX1276GetPaSelect
 *fill*         0x08007946        0x2 
 .text.SX1276SetAntSwLowPower
                0x08007948       0x3c ./Radio/sx1276-board.o
                0x08007948                SX1276SetAntSwLowPower
 .text.SX1276AntSwInit
                0x08007984       0x3c ./Radio/sx1276-board.o
                0x08007984                SX1276AntSwInit
 .text.SX1276AntSwDeInit
                0x080079c0       0x3c ./Radio/sx1276-board.o
                0x080079c0                SX1276AntSwDeInit
 .text.SX1276SetAntSw
                0x080079fc       0x44 ./Radio/sx1276-board.o
                0x080079fc                SX1276SetAntSw
 .text.SX1276CheckRfFrequency
                0x08007a40       0x16 ./Radio/sx1276-board.o
                0x08007a40                SX1276CheckRfFrequency
 .text.TimerInit
                0x08007a56       0x34 ./Radio/timer.o
                0x08007a56                TimerInit
 *fill*         0x08007a8a        0x2 
 .text.TimerStart
                0x08007a8c       0xb4 ./Radio/timer.o
                0x08007a8c                TimerStart
 .text.TimerInsertTimer
                0x08007b40       0xdc ./Radio/timer.o
 .text.TimerInsertNewHeadTimer
                0x08007c1c       0x50 ./Radio/timer.o
 .text.TimerIrqHandler
                0x08007c6c       0xb0 ./Radio/timer.o
                0x08007c6c                TimerIrqHandler
 .text.TimerStop
                0x08007d1c      0x140 ./Radio/timer.o
                0x08007d1c                TimerStop
 .text.TimerExists
                0x08007e5c       0x3c ./Radio/timer.o
 .text.TimerSetValue
                0x08007e98       0x24 ./Radio/timer.o
                0x08007e98                TimerSetValue
 .text.TimerGetValue
                0x08007ebc        0xe ./Radio/timer.o
                0x08007ebc                TimerGetValue
 *fill*         0x08007eca        0x2 
 .text.TimerSetTimeout
                0x08007ecc       0x34 ./Radio/timer.o
 .text.memcpy1  0x08007f00       0x38 ./Radio/utilities.o
                0x08007f00                memcpy1
 .text.SX1276Init
                0x08007f38       0xbc ./Radio/sx1276/sx1276.o
                0x08007f38                SX1276Init
 .text.SX1276GetStatus
                0x08007ff4       0x18 ./Radio/sx1276/sx1276.o
                0x08007ff4                SX1276GetStatus
 *fill*         0x0800800c        0x4 
 .text.SX1276SetChannel
                0x08008010       0x6c ./Radio/sx1276/sx1276.o
                0x08008010                SX1276SetChannel
 .text.SX1276IsChannelFree
                0x0800807c       0x58 ./Radio/sx1276/sx1276.o
                0x0800807c                SX1276IsChannelFree
 .text.SX1276Random
                0x080080d4       0x5c ./Radio/sx1276/sx1276.o
                0x080080d4                SX1276Random
 .text.RxChainCalibration
                0x08008130       0xd4 ./Radio/sx1276/sx1276.o
 .text.GetFskBandwidthRegValue
                0x08008204       0x58 ./Radio/sx1276/sx1276.o
 *fill*         0x0800825c        0x4 
 .text.SX1276SetRxConfig
                0x08008260      0x3c4 ./Radio/sx1276/sx1276.o
                0x08008260                SX1276SetRxConfig
 *fill*         0x08008624        0x4 
 .text.SX1276SetTxConfig
                0x08008628      0x480 ./Radio/sx1276/sx1276.o
                0x08008628                SX1276SetTxConfig
 .text.SX1276GetTimeOnAir
                0x08008aa8      0x380 ./Radio/sx1276/sx1276.o
                0x08008aa8                SX1276GetTimeOnAir
 .text.SX1276Send
                0x08008e28      0x168 ./Radio/sx1276/sx1276.o
                0x08008e28                SX1276Send
 .text.SX1276SetSleep
                0x08008f90       0x30 ./Radio/sx1276/sx1276.o
                0x08008f90                SX1276SetSleep
 .text.SX1276SetStby
                0x08008fc0       0x30 ./Radio/sx1276/sx1276.o
                0x08008fc0                SX1276SetStby
 .text.SX1276SetRx
                0x08008ff0      0x4a8 ./Radio/sx1276/sx1276.o
                0x08008ff0                SX1276SetRx
 .text.SX1276SetTx
                0x08009498       0xf0 ./Radio/sx1276/sx1276.o
                0x08009498                SX1276SetTx
 .text.SX1276StartCad
                0x08009588       0x4c ./Radio/sx1276/sx1276.o
                0x08009588                SX1276StartCad
 .text.SX1276ReadRssi
                0x080095d4       0x78 ./Radio/sx1276/sx1276.o
                0x080095d4                SX1276ReadRssi
 .text.SX1276Reset
                0x0800964c       0x44 ./Radio/sx1276/sx1276.o
                0x0800964c                SX1276Reset
 .text.SX1276SetOpMode
                0x08009690       0x5c ./Radio/sx1276/sx1276.o
                0x08009690                SX1276SetOpMode
 .text.SX1276SetModem
                0x080096ec       0x84 ./Radio/sx1276/sx1276.o
                0x080096ec                SX1276SetModem
 .text.SX1276Write
                0x08009770       0x24 ./Radio/sx1276/sx1276.o
                0x08009770                SX1276Write
 .text.SX1276Read
                0x08009794       0x22 ./Radio/sx1276/sx1276.o
                0x08009794                SX1276Read
 *fill*         0x080097b6        0x2 
 .text.SX1276WriteBuffer
                0x080097b8       0x58 ./Radio/sx1276/sx1276.o
                0x080097b8                SX1276WriteBuffer
 .text.SX1276ReadBuffer
                0x08009810       0x74 ./Radio/sx1276/sx1276.o
                0x08009810                SX1276ReadBuffer
 .text.SX1276WriteFifo
                0x08009884       0x20 ./Radio/sx1276/sx1276.o
                0x08009884                SX1276WriteFifo
 .text.SX1276ReadFifo
                0x080098a4       0x20 ./Radio/sx1276/sx1276.o
                0x080098a4                SX1276ReadFifo
 .text.SX1276SetMaxPayloadLength
                0x080098c4       0x5c ./Radio/sx1276/sx1276.o
                0x080098c4                SX1276SetMaxPayloadLength
 .text.SX1276OnTimeoutIrq
                0x08009920       0xdc ./Radio/sx1276/sx1276.o
                0x08009920                SX1276OnTimeoutIrq
 .text.SX1276OnDio0Irq
                0x080099fc      0x458 ./Radio/sx1276/sx1276.o
                0x080099fc                SX1276OnDio0Irq
 .text.SX1276OnDio1Irq
                0x08009e54      0x1c0 ./Radio/sx1276/sx1276.o
                0x08009e54                SX1276OnDio1Irq
 *fill*         0x0800a014        0x4 
 .text.SX1276OnDio2Irq
                0x0800a018      0x17c ./Radio/sx1276/sx1276.o
                0x0800a018                SX1276OnDio2Irq
 .text.SX1276OnDio3Irq
                0x0800a194       0x84 ./Radio/sx1276/sx1276.o
                0x0800a194                SX1276OnDio3Irq
 .text.SX1276OnDio4Irq
                0x0800a218       0x3c ./Radio/sx1276/sx1276.o
                0x0800a218                SX1276OnDio4Irq
 .text.atoi     0x0800a254        0x8 C:/ST/STM32CubeIDE_1.16.1/STM32CubeIDE/plugins/com.st.stm32cube.ide.mcu.externaltools.gnu-tools-for-stm32.12.3.rel1.win32_1.0.200.202406191623/tools/bin/../lib/gcc/arm-none-eabi/12.3.1/../../../../arm-none-eabi/lib/thumb/v8-m.main+fp/hard\libc_nano.a(libc_a-atoi.o)
                0x0800a254                atoi
 .text._strtol_l.constprop.0
                0x0800a25c       0xf4 C:/ST/STM32CubeIDE_1.16.1/STM32CubeIDE/plugins/com.st.stm32cube.ide.mcu.externaltools.gnu-tools-for-stm32.12.3.rel1.win32_1.0.200.202406191623/tools/bin/../lib/gcc/arm-none-eabi/12.3.1/../../../../arm-none-eabi/lib/thumb/v8-m.main+fp/hard\libc_nano.a(libc_a-strtol.o)
 .text.strtol   0x0800a350       0x14 C:/ST/STM32CubeIDE_1.16.1/STM32CubeIDE/plugins/com.st.stm32cube.ide.mcu.externaltools.gnu-tools-for-stm32.12.3.rel1.win32_1.0.200.202406191623/tools/bin/../lib/gcc/arm-none-eabi/12.3.1/../../../../arm-none-eabi/lib/thumb/v8-m.main+fp/hard\libc_nano.a(libc_a-strtol.o)
                0x0800a350                strtol
 .text.std      0x0800a364       0x6c C:/ST/STM32CubeIDE_1.16.1/STM32CubeIDE/plugins/com.st.stm32cube.ide.mcu.externaltools.gnu-tools-for-stm32.12.3.rel1.win32_1.0.200.202406191623/tools/bin/../lib/gcc/arm-none-eabi/12.3.1/../../../../arm-none-eabi/lib/thumb/v8-m.main+fp/hard\libc_nano.a(libc_a-findfp.o)
 .text.stdio_exit_handler
                0x0800a3d0       0x18 C:/ST/STM32CubeIDE_1.16.1/STM32CubeIDE/plugins/com.st.stm32cube.ide.mcu.externaltools.gnu-tools-for-stm32.12.3.rel1.win32_1.0.200.202406191623/tools/bin/../lib/gcc/arm-none-eabi/12.3.1/../../../../arm-none-eabi/lib/thumb/v8-m.main+fp/hard\libc_nano.a(libc_a-findfp.o)
 .text.cleanup_stdio
                0x0800a3e8       0x40 C:/ST/STM32CubeIDE_1.16.1/STM32CubeIDE/plugins/com.st.stm32cube.ide.mcu.externaltools.gnu-tools-for-stm32.12.3.rel1.win32_1.0.200.202406191623/tools/bin/../lib/gcc/arm-none-eabi/12.3.1/../../../../arm-none-eabi/lib/thumb/v8-m.main+fp/hard\libc_nano.a(libc_a-findfp.o)
 .text.global_stdio_init.part.0
                0x0800a428       0x3c C:/ST/STM32CubeIDE_1.16.1/STM32CubeIDE/plugins/com.st.stm32cube.ide.mcu.externaltools.gnu-tools-for-stm32.12.3.rel1.win32_1.0.200.202406191623/tools/bin/../lib/gcc/arm-none-eabi/12.3.1/../../../../arm-none-eabi/lib/thumb/v8-m.main+fp/hard\libc_nano.a(libc_a-findfp.o)
 .text.__sfp_lock_acquire
                0x0800a464        0xc C:/ST/STM32CubeIDE_1.16.1/STM32CubeIDE/plugins/com.st.stm32cube.ide.mcu.externaltools.gnu-tools-for-stm32.12.3.rel1.win32_1.0.200.202406191623/tools/bin/../lib/gcc/arm-none-eabi/12.3.1/../../../../arm-none-eabi/lib/thumb/v8-m.main+fp/hard\libc_nano.a(libc_a-findfp.o)
                0x0800a464                __sfp_lock_acquire
 .text.__sfp_lock_release
                0x0800a470        0xc C:/ST/STM32CubeIDE_1.16.1/STM32CubeIDE/plugins/com.st.stm32cube.ide.mcu.externaltools.gnu-tools-for-stm32.12.3.rel1.win32_1.0.200.202406191623/tools/bin/../lib/gcc/arm-none-eabi/12.3.1/../../../../arm-none-eabi/lib/thumb/v8-m.main+fp/hard\libc_nano.a(libc_a-findfp.o)
                0x0800a470                __sfp_lock_release
 .text.__sinit  0x0800a47c       0x30 C:/ST/STM32CubeIDE_1.16.1/STM32CubeIDE/plugins/com.st.stm32cube.ide.mcu.externaltools.gnu-tools-for-stm32.12.3.rel1.win32_1.0.200.202406191623/tools/bin/../lib/gcc/arm-none-eabi/12.3.1/../../../../arm-none-eabi/lib/thumb/v8-m.main+fp/hard\libc_nano.a(libc_a-findfp.o)
                0x0800a47c                __sinit
 .text._fwalk_sglue
                0x0800a4ac       0x3c C:/ST/STM32CubeIDE_1.16.1/STM32CubeIDE/plugins/com.st.stm32cube.ide.mcu.externaltools.gnu-tools-for-stm32.12.3.rel1.win32_1.0.200.202406191623/tools/bin/../lib/gcc/arm-none-eabi/12.3.1/../../../../arm-none-eabi/lib/thumb/v8-m.main+fp/hard\libc_nano.a(libc_a-fwalk.o)
                0x0800a4ac                _fwalk_sglue
 .text.printf   0x0800a4e8       0x24 C:/ST/STM32CubeIDE_1.16.1/STM32CubeIDE/plugins/com.st.stm32cube.ide.mcu.externaltools.gnu-tools-for-stm32.12.3.rel1.win32_1.0.200.202406191623/tools/bin/../lib/gcc/arm-none-eabi/12.3.1/../../../../arm-none-eabi/lib/thumb/v8-m.main+fp/hard\libc_nano.a(libc_a-printf.o)
                0x0800a4e8                iprintf
                0x0800a4e8                printf
 .text._puts_r  0x0800a50c       0xaa C:/ST/STM32CubeIDE_1.16.1/STM32CubeIDE/plugins/com.st.stm32cube.ide.mcu.externaltools.gnu-tools-for-stm32.12.3.rel1.win32_1.0.200.202406191623/tools/bin/../lib/gcc/arm-none-eabi/12.3.1/../../../../arm-none-eabi/lib/thumb/v8-m.main+fp/hard\libc_nano.a(libc_a-puts.o)
                0x0800a50c                _puts_r
 *fill*         0x0800a5b6        0x2 
 .text.puts     0x0800a5b8       0x10 C:/ST/STM32CubeIDE_1.16.1/STM32CubeIDE/plugins/com.st.stm32cube.ide.mcu.externaltools.gnu-tools-for-stm32.12.3.rel1.win32_1.0.200.202406191623/tools/bin/../lib/gcc/arm-none-eabi/12.3.1/../../../../arm-none-eabi/lib/thumb/v8-m.main+fp/hard\libc_nano.a(libc_a-puts.o)
                0x0800a5b8                puts
 .text.snprintf
                0x0800a5c8       0x68 C:/ST/STM32CubeIDE_1.16.1/STM32CubeIDE/plugins/com.st.stm32cube.ide.mcu.externaltools.gnu-tools-for-stm32.12.3.rel1.win32_1.0.200.202406191623/tools/bin/../lib/gcc/arm-none-eabi/12.3.1/../../../../arm-none-eabi/lib/thumb/v8-m.main+fp/hard\libc_nano.a(libc_a-snprintf.o)
                0x0800a5c8                sniprintf
                0x0800a5c8                snprintf
 .text.__sread  0x0800a630       0x22 C:/ST/STM32CubeIDE_1.16.1/STM32CubeIDE/plugins/com.st.stm32cube.ide.mcu.externaltools.gnu-tools-for-stm32.12.3.rel1.win32_1.0.200.202406191623/tools/bin/../lib/gcc/arm-none-eabi/12.3.1/../../../../arm-none-eabi/lib/thumb/v8-m.main+fp/hard\libc_nano.a(libc_a-stdio.o)
                0x0800a630                __sread
 .text.__swrite
                0x0800a652       0x38 C:/ST/STM32CubeIDE_1.16.1/STM32CubeIDE/plugins/com.st.stm32cube.ide.mcu.externaltools.gnu-tools-for-stm32.12.3.rel1.win32_1.0.200.202406191623/tools/bin/../lib/gcc/arm-none-eabi/12.3.1/../../../../arm-none-eabi/lib/thumb/v8-m.main+fp/hard\libc_nano.a(libc_a-stdio.o)
                0x0800a652                __swrite
 .text.__sseek  0x0800a68a       0x24 C:/ST/STM32CubeIDE_1.16.1/STM32CubeIDE/plugins/com.st.stm32cube.ide.mcu.externaltools.gnu-tools-for-stm32.12.3.rel1.win32_1.0.200.202406191623/tools/bin/../lib/gcc/arm-none-eabi/12.3.1/../../../../arm-none-eabi/lib/thumb/v8-m.main+fp/hard\libc_nano.a(libc_a-stdio.o)
                0x0800a68a                __sseek
 .text.__sclose
                0x0800a6ae        0x8 C:/ST/STM32CubeIDE_1.16.1/STM32CubeIDE/plugins/com.st.stm32cube.ide.mcu.externaltools.gnu-tools-for-stm32.12.3.rel1.win32_1.0.200.202406191623/tools/bin/../lib/gcc/arm-none-eabi/12.3.1/../../../../arm-none-eabi/lib/thumb/v8-m.main+fp/hard\libc_nano.a(libc_a-stdio.o)
                0x0800a6ae                __sclose
 .text.__swbuf_r
                0x0800a6b6       0x7c C:/ST/STM32CubeIDE_1.16.1/STM32CubeIDE/plugins/com.st.stm32cube.ide.mcu.externaltools.gnu-tools-for-stm32.12.3.rel1.win32_1.0.200.202406191623/tools/bin/../lib/gcc/arm-none-eabi/12.3.1/../../../../arm-none-eabi/lib/thumb/v8-m.main+fp/hard\libc_nano.a(libc_a-wbuf.o)
                0x0800a6b6                __swbuf_r
 *fill*         0x0800a732        0x2 
 .text.__swsetup_r
                0x0800a734       0xac C:/ST/STM32CubeIDE_1.16.1/STM32CubeIDE/plugins/com.st.stm32cube.ide.mcu.externaltools.gnu-tools-for-stm32.12.3.rel1.win32_1.0.200.202406191623/tools/bin/../lib/gcc/arm-none-eabi/12.3.1/../../../../arm-none-eabi/lib/thumb/v8-m.main+fp/hard\libc_nano.a(libc_a-wsetup.o)
                0x0800a734                __swsetup_r
 .text.memset   0x0800a7e0       0x10 C:/ST/STM32CubeIDE_1.16.1/STM32CubeIDE/plugins/com.st.stm32cube.ide.mcu.externaltools.gnu-tools-for-stm32.12.3.rel1.win32_1.0.200.202406191623/tools/bin/../lib/gcc/arm-none-eabi/12.3.1/../../../../arm-none-eabi/lib/thumb/v8-m.main+fp/hard\libc_nano.a(libc_a-memset.o)
                0x0800a7e0                memset
 .text._close_r
                0x0800a7f0       0x20 C:/ST/STM32CubeIDE_1.16.1/STM32CubeIDE/plugins/com.st.stm32cube.ide.mcu.externaltools.gnu-tools-for-stm32.12.3.rel1.win32_1.0.200.202406191623/tools/bin/../lib/gcc/arm-none-eabi/12.3.1/../../../../arm-none-eabi/lib/thumb/v8-m.main+fp/hard\libc_nano.a(libc_a-closer.o)
                0x0800a7f0                _close_r
 .text._lseek_r
                0x0800a810       0x24 C:/ST/STM32CubeIDE_1.16.1/STM32CubeIDE/plugins/com.st.stm32cube.ide.mcu.externaltools.gnu-tools-for-stm32.12.3.rel1.win32_1.0.200.202406191623/tools/bin/../lib/gcc/arm-none-eabi/12.3.1/../../../../arm-none-eabi/lib/thumb/v8-m.main+fp/hard\libc_nano.a(libc_a-lseekr.o)
                0x0800a810                _lseek_r
 .text._read_r  0x0800a834       0x24 C:/ST/STM32CubeIDE_1.16.1/STM32CubeIDE/plugins/com.st.stm32cube.ide.mcu.externaltools.gnu-tools-for-stm32.12.3.rel1.win32_1.0.200.202406191623/tools/bin/../lib/gcc/arm-none-eabi/12.3.1/../../../../arm-none-eabi/lib/thumb/v8-m.main+fp/hard\libc_nano.a(libc_a-readr.o)
                0x0800a834                _read_r
 .text._write_r
                0x0800a858       0x24 C:/ST/STM32CubeIDE_1.16.1/STM32CubeIDE/plugins/com.st.stm32cube.ide.mcu.externaltools.gnu-tools-for-stm32.12.3.rel1.win32_1.0.200.202406191623/tools/bin/../lib/gcc/arm-none-eabi/12.3.1/../../../../arm-none-eabi/lib/thumb/v8-m.main+fp/hard\libc_nano.a(libc_a-writer.o)
                0x0800a858                _write_r
 .text.__errno  0x0800a87c        0xc C:/ST/STM32CubeIDE_1.16.1/STM32CubeIDE/plugins/com.st.stm32cube.ide.mcu.externaltools.gnu-tools-for-stm32.12.3.rel1.win32_1.0.200.202406191623/tools/bin/../lib/gcc/arm-none-eabi/12.3.1/../../../../arm-none-eabi/lib/thumb/v8-m.main+fp/hard\libc_nano.a(libc_a-errno.o)
                0x0800a87c                __errno
 .text.__libc_init_array
                0x0800a888       0x48 C:/ST/STM32CubeIDE_1.16.1/STM32CubeIDE/plugins/com.st.stm32cube.ide.mcu.externaltools.gnu-tools-for-stm32.12.3.rel1.win32_1.0.200.202406191623/tools/bin/../lib/gcc/arm-none-eabi/12.3.1/../../../../arm-none-eabi/lib/thumb/v8-m.main+fp/hard\libc_nano.a(libc_a-init.o)
                0x0800a888                __libc_init_array
 .text.__retarget_lock_init_recursive
                0x0800a8d0        0x2 C:/ST/STM32CubeIDE_1.16.1/STM32CubeIDE/plugins/com.st.stm32cube.ide.mcu.externaltools.gnu-tools-for-stm32.12.3.rel1.win32_1.0.200.202406191623/tools/bin/../lib/gcc/arm-none-eabi/12.3.1/../../../../arm-none-eabi/lib/thumb/v8-m.main+fp/hard\libc_nano.a(libc_a-lock.o)
                0x0800a8d0                __retarget_lock_init_recursive
 .text.__retarget_lock_acquire_recursive
                0x0800a8d2        0x2 C:/ST/STM32CubeIDE_1.16.1/STM32CubeIDE/plugins/com.st.stm32cube.ide.mcu.externaltools.gnu-tools-for-stm32.12.3.rel1.win32_1.0.200.202406191623/tools/bin/../lib/gcc/arm-none-eabi/12.3.1/../../../../arm-none-eabi/lib/thumb/v8-m.main+fp/hard\libc_nano.a(libc_a-lock.o)
                0x0800a8d2                __retarget_lock_acquire_recursive
 .text.__retarget_lock_release_recursive
                0x0800a8d4        0x2 C:/ST/STM32CubeIDE_1.16.1/STM32CubeIDE/plugins/com.st.stm32cube.ide.mcu.externaltools.gnu-tools-for-stm32.12.3.rel1.win32_1.0.200.202406191623/tools/bin/../lib/gcc/arm-none-eabi/12.3.1/../../../../arm-none-eabi/lib/thumb/v8-m.main+fp/hard\libc_nano.a(libc_a-lock.o)
                0x0800a8d4                __retarget_lock_release_recursive
 *fill*         0x0800a8d6        0x2 
 .text._free_r  0x0800a8d8       0x94 C:/ST/STM32CubeIDE_1.16.1/STM32CubeIDE/plugins/com.st.stm32cube.ide.mcu.externaltools.gnu-tools-for-stm32.12.3.rel1.win32_1.0.200.202406191623/tools/bin/../lib/gcc/arm-none-eabi/12.3.1/../../../../arm-none-eabi/lib/thumb/v8-m.main+fp/hard\libc_nano.a(libc_a-freer.o)
                0x0800a8d8                _free_r
 .text.sbrk_aligned
                0x0800a96c       0x44 C:/ST/STM32CubeIDE_1.16.1/STM32CubeIDE/plugins/com.st.stm32cube.ide.mcu.externaltools.gnu-tools-for-stm32.12.3.rel1.win32_1.0.200.202406191623/tools/bin/../lib/gcc/arm-none-eabi/12.3.1/../../../../arm-none-eabi/lib/thumb/v8-m.main+fp/hard\libc_nano.a(libc_a-mallocr.o)
 .text._malloc_r
                0x0800a9b0      0x100 C:/ST/STM32CubeIDE_1.16.1/STM32CubeIDE/plugins/com.st.stm32cube.ide.mcu.externaltools.gnu-tools-for-stm32.12.3.rel1.win32_1.0.200.202406191623/tools/bin/../lib/gcc/arm-none-eabi/12.3.1/../../../../arm-none-eabi/lib/thumb/v8-m.main+fp/hard\libc_nano.a(libc_a-mallocr.o)
                0x0800a9b0                _malloc_r
 .text.__malloc_lock
                0x0800aab0        0xc C:/ST/STM32CubeIDE_1.16.1/STM32CubeIDE/plugins/com.st.stm32cube.ide.mcu.externaltools.gnu-tools-for-stm32.12.3.rel1.win32_1.0.200.202406191623/tools/bin/../lib/gcc/arm-none-eabi/12.3.1/../../../../arm-none-eabi/lib/thumb/v8-m.main+fp/hard\libc_nano.a(libc_a-mlock.o)
                0x0800aab0                __malloc_lock
 .text.__malloc_unlock
                0x0800aabc        0xc C:/ST/STM32CubeIDE_1.16.1/STM32CubeIDE/plugins/com.st.stm32cube.ide.mcu.externaltools.gnu-tools-for-stm32.12.3.rel1.win32_1.0.200.202406191623/tools/bin/../lib/gcc/arm-none-eabi/12.3.1/../../../../arm-none-eabi/lib/thumb/v8-m.main+fp/hard\libc_nano.a(libc_a-mlock.o)
                0x0800aabc                __malloc_unlock
 .text.__ssputs_r
                0x0800aac8       0xb6 C:/ST/STM32CubeIDE_1.16.1/STM32CubeIDE/plugins/com.st.stm32cube.ide.mcu.externaltools.gnu-tools-for-stm32.12.3.rel1.win32_1.0.200.202406191623/tools/bin/../lib/gcc/arm-none-eabi/12.3.1/../../../../arm-none-eabi/lib/thumb/v8-m.main+fp/hard\libc_nano.a(libc_a-nano-svfprintf.o)
                0x0800aac8                __ssputs_r
 *fill*         0x0800ab7e        0x2 
 .text._svfprintf_r
                0x0800ab80      0x1f8 C:/ST/STM32CubeIDE_1.16.1/STM32CubeIDE/plugins/com.st.stm32cube.ide.mcu.externaltools.gnu-tools-for-stm32.12.3.rel1.win32_1.0.200.202406191623/tools/bin/../lib/gcc/arm-none-eabi/12.3.1/../../../../arm-none-eabi/lib/thumb/v8-m.main+fp/hard\libc_nano.a(libc_a-nano-svfprintf.o)
                0x0800ab80                _svfiprintf_r
                0x0800ab80                _svfprintf_r
 .text.__sfputc_r
                0x0800ad78       0x2e C:/ST/STM32CubeIDE_1.16.1/STM32CubeIDE/plugins/com.st.stm32cube.ide.mcu.externaltools.gnu-tools-for-stm32.12.3.rel1.win32_1.0.200.202406191623/tools/bin/../lib/gcc/arm-none-eabi/12.3.1/../../../../arm-none-eabi/lib/thumb/v8-m.main+fp/hard\libc_nano.a(libc_a-nano-vfprintf.o)
 .text.__sfputs_r
                0x0800ada6       0x24 C:/ST/STM32CubeIDE_1.16.1/STM32CubeIDE/plugins/com.st.stm32cube.ide.mcu.externaltools.gnu-tools-for-stm32.12.3.rel1.win32_1.0.200.202406191623/tools/bin/../lib/gcc/arm-none-eabi/12.3.1/../../../../arm-none-eabi/lib/thumb/v8-m.main+fp/hard\libc_nano.a(libc_a-nano-vfprintf.o)
                0x0800ada6                __sfputs_r
 *fill*         0x0800adca        0x2 
 .text._vfprintf_r
                0x0800adcc      0x230 C:/ST/STM32CubeIDE_1.16.1/STM32CubeIDE/plugins/com.st.stm32cube.ide.mcu.externaltools.gnu-tools-for-stm32.12.3.rel1.win32_1.0.200.202406191623/tools/bin/../lib/gcc/arm-none-eabi/12.3.1/../../../../arm-none-eabi/lib/thumb/v8-m.main+fp/hard\libc_nano.a(libc_a-nano-vfprintf.o)
                0x0800adcc                _vfprintf_r
                0x0800adcc                _vfiprintf_r
 .text._printf_common
                0x0800affc       0xe4 C:/ST/STM32CubeIDE_1.16.1/STM32CubeIDE/plugins/com.st.stm32cube.ide.mcu.externaltools.gnu-tools-for-stm32.12.3.rel1.win32_1.0.200.202406191623/tools/bin/../lib/gcc/arm-none-eabi/12.3.1/../../../../arm-none-eabi/lib/thumb/v8-m.main+fp/hard\libc_nano.a(libc_a-nano-vfprintf_i.o)
                0x0800affc                _printf_common
 .text._printf_i
                0x0800b0e0      0x240 C:/ST/STM32CubeIDE_1.16.1/STM32CubeIDE/plugins/com.st.stm32cube.ide.mcu.externaltools.gnu-tools-for-stm32.12.3.rel1.win32_1.0.200.202406191623/tools/bin/../lib/gcc/arm-none-eabi/12.3.1/../../../../arm-none-eabi/lib/thumb/v8-m.main+fp/hard\libc_nano.a(libc_a-nano-vfprintf_i.o)
                0x0800b0e0                _printf_i
 .text.__sflush_r
                0x0800b320      0x108 C:/ST/STM32CubeIDE_1.16.1/STM32CubeIDE/plugins/com.st.stm32cube.ide.mcu.externaltools.gnu-tools-for-stm32.12.3.rel1.win32_1.0.200.202406191623/tools/bin/../lib/gcc/arm-none-eabi/12.3.1/../../../../arm-none-eabi/lib/thumb/v8-m.main+fp/hard\libc_nano.a(libc_a-fflush.o)
                0x0800b320                __sflush_r
 .text._fflush_r
                0x0800b428       0x50 C:/ST/STM32CubeIDE_1.16.1/STM32CubeIDE/plugins/com.st.stm32cube.ide.mcu.externaltools.gnu-tools-for-stm32.12.3.rel1.win32_1.0.200.202406191623/tools/bin/../lib/gcc/arm-none-eabi/12.3.1/../../../../arm-none-eabi/lib/thumb/v8-m.main+fp/hard\libc_nano.a(libc_a-fflush.o)
                0x0800b428                _fflush_r
 .text.__swhatbuf_r
                0x0800b478       0x4a C:/ST/STM32CubeIDE_1.16.1/STM32CubeIDE/plugins/com.st.stm32cube.ide.mcu.externaltools.gnu-tools-for-stm32.12.3.rel1.win32_1.0.200.202406191623/tools/bin/../lib/gcc/arm-none-eabi/12.3.1/../../../../arm-none-eabi/lib/thumb/v8-m.main+fp/hard\libc_nano.a(libc_a-makebuf.o)
                0x0800b478                __swhatbuf_r
 .text.__smakebuf_r
                0x0800b4c2       0x78 C:/ST/STM32CubeIDE_1.16.1/STM32CubeIDE/plugins/com.st.stm32cube.ide.mcu.externaltools.gnu-tools-for-stm32.12.3.rel1.win32_1.0.200.202406191623/tools/bin/../lib/gcc/arm-none-eabi/12.3.1/../../../../arm-none-eabi/lib/thumb/v8-m.main+fp/hard\libc_nano.a(libc_a-makebuf.o)
                0x0800b4c2                __smakebuf_r
 .text.memmove  0x0800b53a       0x34 C:/ST/STM32CubeIDE_1.16.1/STM32CubeIDE/plugins/com.st.stm32cube.ide.mcu.externaltools.gnu-tools-for-stm32.12.3.rel1.win32_1.0.200.202406191623/tools/bin/../lib/gcc/arm-none-eabi/12.3.1/../../../../arm-none-eabi/lib/thumb/v8-m.main+fp/hard\libc_nano.a(libc_a-memmove.o)
                0x0800b53a                memmove
 *fill*         0x0800b56e        0x2 
 .text._fstat_r
                0x0800b570       0x24 C:/ST/STM32CubeIDE_1.16.1/STM32CubeIDE/plugins/com.st.stm32cube.ide.mcu.externaltools.gnu-tools-for-stm32.12.3.rel1.win32_1.0.200.202406191623/tools/bin/../lib/gcc/arm-none-eabi/12.3.1/../../../../arm-none-eabi/lib/thumb/v8-m.main+fp/hard\libc_nano.a(libc_a-fstatr.o)
                0x0800b570                _fstat_r
 .text._isatty_r
                0x0800b594       0x20 C:/ST/STM32CubeIDE_1.16.1/STM32CubeIDE/plugins/com.st.stm32cube.ide.mcu.externaltools.gnu-tools-for-stm32.12.3.rel1.win32_1.0.200.202406191623/tools/bin/../lib/gcc/arm-none-eabi/12.3.1/../../../../arm-none-eabi/lib/thumb/v8-m.main+fp/hard\libc_nano.a(libc_a-isattyr.o)
                0x0800b594                _isatty_r
 .text._sbrk_r  0x0800b5b4       0x20 C:/ST/STM32CubeIDE_1.16.1/STM32CubeIDE/plugins/com.st.stm32cube.ide.mcu.externaltools.gnu-tools-for-stm32.12.3.rel1.win32_1.0.200.202406191623/tools/bin/../lib/gcc/arm-none-eabi/12.3.1/../../../../arm-none-eabi/lib/thumb/v8-m.main+fp/hard\libc_nano.a(libc_a-sbrkr.o)
                0x0800b5b4                _sbrk_r
 .text.memchr   0x0800b5d4       0x1c C:/ST/STM32CubeIDE_1.16.1/STM32CubeIDE/plugins/com.st.stm32cube.ide.mcu.externaltools.gnu-tools-for-stm32.12.3.rel1.win32_1.0.200.202406191623/tools/bin/../lib/gcc/arm-none-eabi/12.3.1/../../../../arm-none-eabi/lib/thumb/v8-m.main+fp/hard\libc_nano.a(libc_a-memchr-stub.o)
                0x0800b5d4                memchr
 .text.memcpy   0x0800b5f0       0x1a C:/ST/STM32CubeIDE_1.16.1/STM32CubeIDE/plugins/com.st.stm32cube.ide.mcu.externaltools.gnu-tools-for-stm32.12.3.rel1.win32_1.0.200.202406191623/tools/bin/../lib/gcc/arm-none-eabi/12.3.1/../../../../arm-none-eabi/lib/thumb/v8-m.main+fp/hard\libc_nano.a(libc_a-memcpy-stub.o)
                0x0800b5f0                memcpy
 .text._realloc_r
                0x0800b60a       0x5c C:/ST/STM32CubeIDE_1.16.1/STM32CubeIDE/plugins/com.st.stm32cube.ide.mcu.externaltools.gnu-tools-for-stm32.12.3.rel1.win32_1.0.200.202406191623/tools/bin/../lib/gcc/arm-none-eabi/12.3.1/../../../../arm-none-eabi/lib/thumb/v8-m.main+fp/hard\libc_nano.a(libc_a-reallocr.o)
                0x0800b60a                _realloc_r
 .text._malloc_usable_size_r
                0x0800b666       0x10 C:/ST/STM32CubeIDE_1.16.1/STM32CubeIDE/plugins/com.st.stm32cube.ide.mcu.externaltools.gnu-tools-for-stm32.12.3.rel1.win32_1.0.200.202406191623/tools/bin/../lib/gcc/arm-none-eabi/12.3.1/../../../../arm-none-eabi/lib/thumb/v8-m.main+fp/hard\libc_nano.a(libc_a-msizer.o)
                0x0800b666                _malloc_usable_size_r
 *fill*         0x0800b676        0x2 
 .text.ceil     0x0800b678       0xf8 C:/ST/STM32CubeIDE_1.16.1/STM32CubeIDE/plugins/com.st.stm32cube.ide.mcu.externaltools.gnu-tools-for-stm32.12.3.rel1.win32_1.0.200.202406191623/tools/bin/../lib/gcc/arm-none-eabi/12.3.1/../../../../arm-none-eabi/lib/thumb/v8-m.main+fp/hard\libm.a(libm_a-s_ceil.o)
                0x0800b678                ceil
 .text.floor    0x0800b770      0x100 C:/ST/STM32CubeIDE_1.16.1/STM32CubeIDE/plugins/com.st.stm32cube.ide.mcu.externaltools.gnu-tools-for-stm32.12.3.rel1.win32_1.0.200.202406191623/tools/bin/../lib/gcc/arm-none-eabi/12.3.1/../../../../arm-none-eabi/lib/thumb/v8-m.main+fp/hard\libm.a(libm_a-s_floor.o)
                0x0800b770                floor
 .text.round    0x0800b870       0x8c C:/ST/STM32CubeIDE_1.16.1/STM32CubeIDE/plugins/com.st.stm32cube.ide.mcu.externaltools.gnu-tools-for-stm32.12.3.rel1.win32_1.0.200.202406191623/tools/bin/../lib/gcc/arm-none-eabi/12.3.1/../../../../arm-none-eabi/lib/thumb/v8-m.main+fp/hard\libm.a(libm_a-s_round.o)
                0x0800b870                round
 *(.glue_7)
 .glue_7        0x0800b8fc        0x0 linker stubs
 *(.glue_7t)
 .glue_7t       0x0800b8fc        0x0 linker stubs
 *(.eh_frame)
 .eh_frame      0x0800b8fc        0x0 C:/ST/STM32CubeIDE_1.16.1/STM32CubeIDE/plugins/com.st.stm32cube.ide.mcu.externaltools.gnu-tools-for-stm32.12.3.rel1.win32_1.0.200.202406191623/tools/bin/../lib/gcc/arm-none-eabi/12.3.1/thumb/v8-m.main+fp/hard/crtbegin.o
 *(.init)
 .init          0x0800b8fc        0x4 C:/ST/STM32CubeIDE_1.16.1/STM32CubeIDE/plugins/com.st.stm32cube.ide.mcu.externaltools.gnu-tools-for-stm32.12.3.rel1.win32_1.0.200.202406191623/tools/bin/../lib/gcc/arm-none-eabi/12.3.1/thumb/v8-m.main+fp/hard/crti.o
                0x0800b8fc                _init
 .init          0x0800b900        0x8 C:/ST/STM32CubeIDE_1.16.1/STM32CubeIDE/plugins/com.st.stm32cube.ide.mcu.externaltools.gnu-tools-for-stm32.12.3.rel1.win32_1.0.200.202406191623/tools/bin/../lib/gcc/arm-none-eabi/12.3.1/thumb/v8-m.main+fp/hard/crtn.o
 *(.fini)
 .fini          0x0800b908        0x4 C:/ST/STM32CubeIDE_1.16.1/STM32CubeIDE/plugins/com.st.stm32cube.ide.mcu.externaltools.gnu-tools-for-stm32.12.3.rel1.win32_1.0.200.202406191623/tools/bin/../lib/gcc/arm-none-eabi/12.3.1/thumb/v8-m.main+fp/hard/crti.o
                0x0800b908                _fini
 .fini          0x0800b90c        0x8 C:/ST/STM32CubeIDE_1.16.1/STM32CubeIDE/plugins/com.st.stm32cube.ide.mcu.externaltools.gnu-tools-for-stm32.12.3.rel1.win32_1.0.200.202406191623/tools/bin/../lib/gcc/arm-none-eabi/12.3.1/thumb/v8-m.main+fp/hard/crtn.o
                0x0800b914                        _etext = .

.vfp11_veneer   0x0800b914        0x0
 .vfp11_veneer  0x0800b914        0x0 linker stubs

.v4_bx          0x0800b914        0x0
 .v4_bx         0x0800b914        0x0 linker stubs

.iplt           0x0800b914        0x0
 .iplt          0x0800b914        0x0 C:/ST/STM32CubeIDE_1.16.1/STM32CubeIDE/plugins/com.st.stm32cube.ide.mcu.externaltools.gnu-tools-for-stm32.12.3.rel1.win32_1.0.200.202406191623/tools/bin/../lib/gcc/arm-none-eabi/12.3.1/thumb/v8-m.main+fp/hard/crtbegin.o

.rodata         0x0800b914      0x3bc
 *(.rodata)
 .rodata        0x0800b914       0x43 ./Core/Src/WindowSensors/radioUtils.o
 *fill*         0x0800b957        0x1 
 .rodata        0x0800b958       0x23 ./Radio/rtc-board.o
 *(.rodata*)
 *fill*         0x0800b97b        0x1 
 .rodata.AHBPrescTable
                0x0800b97c       0x10 ./Core/Src/system_stm32u5xx.o
                0x0800b97c                AHBPrescTable
 .rodata.MSIRangeTable
                0x0800b98c       0x40 ./Core/Src/system_stm32u5xx.o
                0x0800b98c                MSIRangeTable
 .rodata.LPGPIO_Map
                0x0800b9cc       0x80 ./Drivers/STM32U5xx_HAL_Driver/Src/stm32u5xx_hal_gpio.o
 .rodata.DaysInMonth
                0x0800ba4c        0xc ./Radio/rtc-board.o
 .rodata.DaysInMonthLeapYear
                0x0800ba58        0xc ./Radio/rtc-board.o
 .rodata.Radio  0x0800ba64       0x54 ./Radio/sx1276-board.o
                0x0800ba64                Radio
 .rodata.RadioRegsInit
                0x0800bab8       0x33 ./Radio/sx1276/sx1276.o
                0x0800bab8                RadioRegsInit
 *fill*         0x0800baeb        0x1 
 .rodata.FskBandwidths
                0x0800baec       0xb0 ./Radio/sx1276/sx1276.o
                0x0800baec                FskBandwidths
 .rodata._ctype_
                0x0800bb9c      0x101 C:/ST/STM32CubeIDE_1.16.1/STM32CubeIDE/plugins/com.st.stm32cube.ide.mcu.externaltools.gnu-tools-for-stm32.12.3.rel1.win32_1.0.200.202406191623/tools/bin/../lib/gcc/arm-none-eabi/12.3.1/../../../../arm-none-eabi/lib/thumb/v8-m.main+fp/hard\libc_nano.a(libc_a-ctype_.o)
                0x0800bb9c                _ctype_
 .rodata._svfprintf_r.str1.1
                0x0800bc9d       0x11 C:/ST/STM32CubeIDE_1.16.1/STM32CubeIDE/plugins/com.st.stm32cube.ide.mcu.externaltools.gnu-tools-for-stm32.12.3.rel1.win32_1.0.200.202406191623/tools/bin/../lib/gcc/arm-none-eabi/12.3.1/../../../../arm-none-eabi/lib/thumb/v8-m.main+fp/hard\libc_nano.a(libc_a-nano-svfprintf.o)
 .rodata._vfprintf_r.str1.1
                0x0800bcae       0x11 C:/ST/STM32CubeIDE_1.16.1/STM32CubeIDE/plugins/com.st.stm32cube.ide.mcu.externaltools.gnu-tools-for-stm32.12.3.rel1.win32_1.0.200.202406191623/tools/bin/../lib/gcc/arm-none-eabi/12.3.1/../../../../arm-none-eabi/lib/thumb/v8-m.main+fp/hard\libc_nano.a(libc_a-nano-vfprintf.o)
 .rodata._printf_i.str1.1
                0x0800bcae       0x22 C:/ST/STM32CubeIDE_1.16.1/STM32CubeIDE/plugins/com.st.stm32cube.ide.mcu.externaltools.gnu-tools-for-stm32.12.3.rel1.win32_1.0.200.202406191623/tools/bin/../lib/gcc/arm-none-eabi/12.3.1/../../../../arm-none-eabi/lib/thumb/v8-m.main+fp/hard\libc_nano.a(libc_a-nano-vfprintf_i.o)

.ARM.extab
 *(.ARM.extab* .gnu.linkonce.armextab.*)

.ARM            0x0800bcd0        0x8
                0x0800bcd0                        __exidx_start = .
 *(.ARM.exidx*)
 .ARM.exidx     0x0800bcd0        0x8 C:/ST/STM32CubeIDE_1.16.1/STM32CubeIDE/plugins/com.st.stm32cube.ide.mcu.externaltools.gnu-tools-for-stm32.12.3.rel1.win32_1.0.200.202406191623/tools/bin/../lib/gcc/arm-none-eabi/12.3.1/../../../../arm-none-eabi/lib/thumb/v8-m.main+fp/hard\libc_nano.a(libc_a-strlen.o)
                0x0800bcd8                        __exidx_end = .

.preinit_array  0x0800bcd8        0x0
                0x0800bcd8                        PROVIDE (__preinit_array_start = .)
 *(.preinit_array*)
                0x0800bcd8                        PROVIDE (__preinit_array_end = .)

.init_array     0x0800bcd8        0x4
                0x0800bcd8                        PROVIDE (__init_array_start = .)
 *(SORT_BY_NAME(.init_array.*))
 *(.init_array*)
 .init_array    0x0800bcd8        0x4 C:/ST/STM32CubeIDE_1.16.1/STM32CubeIDE/plugins/com.st.stm32cube.ide.mcu.externaltools.gnu-tools-for-stm32.12.3.rel1.win32_1.0.200.202406191623/tools/bin/../lib/gcc/arm-none-eabi/12.3.1/thumb/v8-m.main+fp/hard/crtbegin.o
                0x0800bcdc                        PROVIDE (__init_array_end = .)

.fini_array     0x0800bcdc        0x4
                [!provide]                        PROVIDE (__fini_array_start = .)
 *(SORT_BY_NAME(.fini_array.*))
 *(.fini_array*)
 .fini_array    0x0800bcdc        0x4 C:/ST/STM32CubeIDE_1.16.1/STM32CubeIDE/plugins/com.st.stm32cube.ide.mcu.externaltools.gnu-tools-for-stm32.12.3.rel1.win32_1.0.200.202406191623/tools/bin/../lib/gcc/arm-none-eabi/12.3.1/thumb/v8-m.main+fp/hard/crtbegin.o
                [!provide]                        PROVIDE (__fini_array_end = .)
                0x0800bce0                        _sidata = LOADADDR (.data)

.rel.dyn        0x0800bce0        0x0
 .rel.iplt      0x0800bce0        0x0 C:/ST/STM32CubeIDE_1.16.1/STM32CubeIDE/plugins/com.st.stm32cube.ide.mcu.externaltools.gnu-tools-for-stm32.12.3.rel1.win32_1.0.200.202406191623/tools/bin/../lib/gcc/arm-none-eabi/12.3.1/thumb/v8-m.main+fp/hard/crtbegin.o

.data           0x20000000       0x9c load address 0x0800bce0
                0x20000000                        _sdata = .
 *(.data)
 *(.data*)
 .data.sensor1Id
                0x20000000        0x4 ./Core/Src/WindowSensors/config.o
                0x20000000                sensor1Id
 .data.sensor2Id
                0x20000004        0x4 ./Core/Src/WindowSensors/config.o
                0x20000004                sensor2Id
 .data.sensor3Id
                0x20000008        0x4 ./Core/Src/WindowSensors/config.o
                0x20000008                sensor3Id
 .data.stationId
                0x2000000c        0x4 ./Core/Src/WindowSensors/config.o
                0x2000000c                stationId
 .data.MESSAGE_TYPE_SEND_UPDATE
                0x20000010        0x4 ./Core/Src/WindowSensors/config.o
                0x20000010                MESSAGE_TYPE_SEND_UPDATE
 .data.MESSAGE_TYPE_ACKNOWLEDGEMENT
                0x20000014        0x1 ./Core/Src/WindowSensors/config.o
                0x20000014                MESSAGE_TYPE_ACKNOWLEDGEMENT
 .data.MESSAGE_TYPE_REQUEST_UPDATE
                0x20000015        0x1 ./Core/Src/WindowSensors/config.o
                0x20000015                MESSAGE_TYPE_REQUEST_UPDATE
 .data.isSensor1Registered
                0x20000016        0x1 ./Core/Src/WindowSensors/config.o
                0x20000016                isSensor1Registered
 .data.isSensor2Registered
                0x20000017        0x1 ./Core/Src/WindowSensors/config.o
                0x20000017                isSensor2Registered
 .data.isSensor3Registered
                0x20000018        0x1 ./Core/Src/WindowSensors/config.o
                0x20000018                isSensor3Registered
 *fill*         0x20000019        0x3 
 .data.SystemCoreClock
                0x2000001c        0x4 ./Core/Src/system_stm32u5xx.o
                0x2000001c                SystemCoreClock
 .data.uwTickPrio
                0x20000020        0x4 ./Drivers/STM32U5xx_HAL_Driver/Src/stm32u5xx_hal.o
                0x20000020                uwTickPrio
 .data.uwTickFreq
                0x20000024        0x1 ./Drivers/STM32U5xx_HAL_Driver/Src/stm32u5xx_hal.o
                0x20000024                uwTickFreq
 *fill*         0x20000025        0x3 
 .data.DioIrq   0x20000028       0x18 ./Radio/sx1276/sx1276.o
                0x20000028                DioIrq
 .data.__sglue  0x20000040        0xc C:/ST/STM32CubeIDE_1.16.1/STM32CubeIDE/plugins/com.st.stm32cube.ide.mcu.externaltools.gnu-tools-for-stm32.12.3.rel1.win32_1.0.200.202406191623/tools/bin/../lib/gcc/arm-none-eabi/12.3.1/../../../../arm-none-eabi/lib/thumb/v8-m.main+fp/hard\libc_nano.a(libc_a-findfp.o)
                0x20000040                __sglue
 .data._impure_ptr
                0x2000004c        0x4 C:/ST/STM32CubeIDE_1.16.1/STM32CubeIDE/plugins/com.st.stm32cube.ide.mcu.externaltools.gnu-tools-for-stm32.12.3.rel1.win32_1.0.200.202406191623/tools/bin/../lib/gcc/arm-none-eabi/12.3.1/../../../../arm-none-eabi/lib/thumb/v8-m.main+fp/hard\libc_nano.a(libc_a-impure.o)
                0x2000004c                _impure_ptr
 .data._impure_data
                0x20000050       0x4c C:/ST/STM32CubeIDE_1.16.1/STM32CubeIDE/plugins/com.st.stm32cube.ide.mcu.externaltools.gnu-tools-for-stm32.12.3.rel1.win32_1.0.200.202406191623/tools/bin/../lib/gcc/arm-none-eabi/12.3.1/../../../../arm-none-eabi/lib/thumb/v8-m.main+fp/hard\libc_nano.a(libc_a-impure.o)
                0x20000050                _impure_data
 *(.RamFunc)
 *(.RamFunc*)
                0x2000009c                        _edata = .

.igot.plt       0x2000009c        0x0 load address 0x0800bd7c
 .igot.plt      0x2000009c        0x0 C:/ST/STM32CubeIDE_1.16.1/STM32CubeIDE/plugins/com.st.stm32cube.ide.mcu.externaltools.gnu-tools-for-stm32.12.3.rel1.win32_1.0.200.202406191623/tools/bin/../lib/gcc/arm-none-eabi/12.3.1/thumb/v8-m.main+fp/hard/crtbegin.o

.bss            0x2000009c      0x680 load address 0x0800bd7c
                0x2000009c                        _sbss = .
                0x2000009c                        __bss_start__ = _sbss
 *(.bss)
 .bss           0x2000009c       0x1c C:/ST/STM32CubeIDE_1.16.1/STM32CubeIDE/plugins/com.st.stm32cube.ide.mcu.externaltools.gnu-tools-for-stm32.12.3.rel1.win32_1.0.200.202406191623/tools/bin/../lib/gcc/arm-none-eabi/12.3.1/thumb/v8-m.main+fp/hard/crtbegin.o
 *(.bss*)
 .bss.State     0x200000b8        0x1 ./Core/Src/WindowSensors/config.o
                0x200000b8                State
 *fill*         0x200000b9        0x3 
 .bss.MESSAGE_TYPE_REGISTER
                0x200000bc        0x4 ./Core/Src/WindowSensors/config.o
                0x200000bc                MESSAGE_TYPE_REGISTER
 .bss.shouldUpdateSensor1
                0x200000c0        0x1 ./Core/Src/WindowSensors/config.o
                0x200000c0                shouldUpdateSensor1
 .bss.shouldUpdateSensor2
                0x200000c1        0x1 ./Core/Src/WindowSensors/config.o
                0x200000c1                shouldUpdateSensor2
 .bss.shouldUpdateSensor3
                0x200000c2        0x1 ./Core/Src/WindowSensors/config.o
                0x200000c2                shouldUpdateSensor3
 *fill*         0x200000c3        0x1 
 .bss.trx_events_cnt
                0x200000c4       0x14 ./Core/Src/WindowSensors/radioUtils.o
                0x200000c4                trx_events_cnt
 .bss.RadioEvents
                0x200000d8       0x1c ./Core/Src/WindowSensors/radioUtils.o
 .bss.handle_LPDMA1_Channel0
                0x200000f4       0x78 ./Core/Src/main.o
                0x200000f4                handle_LPDMA1_Channel0
 .bss.hrtc      0x2000016c       0x30 ./Core/Src/main.o
                0x2000016c                hrtc
 .bss.hspi1     0x2000019c       0x90 ./Core/Src/main.o
                0x2000019c                hspi1
 .bss.__sbrk_heap_end
                0x2000022c        0x4 ./Core/Src/sysmem.o
 .bss.uwTick    0x20000230        0x4 ./Drivers/STM32U5xx_HAL_Driver/Src/stm32u5xx_hal.o
                0x20000230                uwTick
 .bss.Led2      0x20000234        0xc ./Radio/board.o
                0x20000234                Led2
 .bss.Led3      0x20000240        0xc ./Radio/board.o
                0x20000240                Led3
 .bss.Led4      0x2000024c        0xc ./Radio/board.o
                0x2000024c                Led4
 .bss.McuInitialized
                0x20000258        0x1 ./Radio/board.o
 *fill*         0x20000259        0x3 
 .bss.GpioIrq   0x2000025c       0x40 ./Radio/gpio-board.o
 .bss.Century   0x2000029c        0x2 ./Radio/rtc-board.o
 .bss.CallendarRollOverReady
                0x2000029e        0x1 ./Radio/rtc-board.o
 .bss.NonScheduledWakeUp
                0x2000029f        0x1 ./Radio/rtc-board.o
                0x2000029f                NonScheduledWakeUp
 .bss.RtcCalendarContext
                0x200002a0       0x1c ./Radio/rtc-board.o
                0x200002a0                RtcCalendarContext
 .bss.RtcTimerEventAllowsLowPower
                0x200002bc        0x1 ./Radio/rtc-board.o
 .bss.LowPowerDisableDuringTask
                0x200002bd        0x1 ./Radio/rtc-board.o
 *fill*         0x200002be        0x2 
 .bss.RtcHandle
                0x200002c0       0x30 ./Radio/rtc-board.o
                0x200002c0                RtcHandle
 .bss.RtcInitalized
                0x200002f0        0x1 ./Radio/rtc-board.o
 .bss.WakeUpTimeInitialized
                0x200002f1        0x1 ./Radio/rtc-board.o
 *fill*         0x200002f2        0x2 
 .bss.McuWakeUpTime
                0x200002f4        0x4 ./Radio/rtc-board.o
                0x200002f4                McuWakeUpTime
 .bss.TimeoutValueError
                0x200002f8        0x4 ./Radio/rtc-board.o
 .bss.RadioIsActive
                0x200002fc        0x1 ./Radio/sx1276-board.o
 *fill*         0x200002fd        0x3 
 .bss.AntRx     0x20000300        0xc ./Radio/sx1276-board.o
                0x20000300                AntRx
 .bss.AntTx     0x2000030c        0xc ./Radio/sx1276-board.o
                0x2000030c                AntTx
 .bss.HasLoopedThroughMain
                0x20000318        0x1 ./Radio/timer.o
                0x20000318                HasLoopedThroughMain
 *fill*         0x20000319        0x3 
 .bss.TimerListHead
                0x2000031c        0x4 ./Radio/timer.o
 .bss.RadioEvents
                0x20000320        0x4 ./Radio/sx1276/sx1276.o
 .bss.RxTxBuffer
                0x20000324      0x100 ./Radio/sx1276/sx1276.o
 .bss.SX1276    0x20000424      0x170 ./Radio/sx1276/sx1276.o
                0x20000424                SX1276
 .bss.TxTimeoutTimer
                0x20000594       0x14 ./Radio/sx1276/sx1276.o
                0x20000594                TxTimeoutTimer
 .bss.RxTimeoutTimer
                0x200005a8       0x14 ./Radio/sx1276/sx1276.o
                0x200005a8                RxTimeoutTimer
 .bss.RxTimeoutSyncWord
                0x200005bc       0x14 ./Radio/sx1276/sx1276.o
                0x200005bc                RxTimeoutSyncWord
 .bss.__sf      0x200005d0      0x138 C:/ST/STM32CubeIDE_1.16.1/STM32CubeIDE/plugins/com.st.stm32cube.ide.mcu.externaltools.gnu-tools-for-stm32.12.3.rel1.win32_1.0.200.202406191623/tools/bin/../lib/gcc/arm-none-eabi/12.3.1/../../../../arm-none-eabi/lib/thumb/v8-m.main+fp/hard\libc_nano.a(libc_a-findfp.o)
                0x200005d0                __sf
 .bss.__stdio_exit_handler
                0x20000708        0x4 C:/ST/STM32CubeIDE_1.16.1/STM32CubeIDE/plugins/com.st.stm32cube.ide.mcu.externaltools.gnu-tools-for-stm32.12.3.rel1.win32_1.0.200.202406191623/tools/bin/../lib/gcc/arm-none-eabi/12.3.1/../../../../arm-none-eabi/lib/thumb/v8-m.main+fp/hard\libc_nano.a(libc_a-findfp.o)
                0x20000708                __stdio_exit_handler
 .bss.errno     0x2000070c        0x4 C:/ST/STM32CubeIDE_1.16.1/STM32CubeIDE/plugins/com.st.stm32cube.ide.mcu.externaltools.gnu-tools-for-stm32.12.3.rel1.win32_1.0.200.202406191623/tools/bin/../lib/gcc/arm-none-eabi/12.3.1/../../../../arm-none-eabi/lib/thumb/v8-m.main+fp/hard\libc_nano.a(libc_a-reent.o)
                0x2000070c                errno
 .bss.__lock___malloc_recursive_mutex
                0x20000710        0x1 C:/ST/STM32CubeIDE_1.16.1/STM32CubeIDE/plugins/com.st.stm32cube.ide.mcu.externaltools.gnu-tools-for-stm32.12.3.rel1.win32_1.0.200.202406191623/tools/bin/../lib/gcc/arm-none-eabi/12.3.1/../../../../arm-none-eabi/lib/thumb/v8-m.main+fp/hard\libc_nano.a(libc_a-lock.o)
                0x20000710                __lock___malloc_recursive_mutex
 .bss.__lock___sfp_recursive_mutex
                0x20000711        0x1 C:/ST/STM32CubeIDE_1.16.1/STM32CubeIDE/plugins/com.st.stm32cube.ide.mcu.externaltools.gnu-tools-for-stm32.12.3.rel1.win32_1.0.200.202406191623/tools/bin/../lib/gcc/arm-none-eabi/12.3.1/../../../../arm-none-eabi/lib/thumb/v8-m.main+fp/hard\libc_nano.a(libc_a-lock.o)
                0x20000711                __lock___sfp_recursive_mutex
 *fill*         0x20000712        0x2 
 .bss.__malloc_sbrk_start
                0x20000714        0x4 C:/ST/STM32CubeIDE_1.16.1/STM32CubeIDE/plugins/com.st.stm32cube.ide.mcu.externaltools.gnu-tools-for-stm32.12.3.rel1.win32_1.0.200.202406191623/tools/bin/../lib/gcc/arm-none-eabi/12.3.1/../../../../arm-none-eabi/lib/thumb/v8-m.main+fp/hard\libc_nano.a(libc_a-mallocr.o)
                0x20000714                __malloc_sbrk_start
 .bss.__malloc_free_list
                0x20000718        0x4 C:/ST/STM32CubeIDE_1.16.1/STM32CubeIDE/plugins/com.st.stm32cube.ide.mcu.externaltools.gnu-tools-for-stm32.12.3.rel1.win32_1.0.200.202406191623/tools/bin/../lib/gcc/arm-none-eabi/12.3.1/../../../../arm-none-eabi/lib/thumb/v8-m.main+fp/hard\libc_nano.a(libc_a-mallocr.o)
                0x20000718                __malloc_free_list
 *(COMMON)
                0x2000071c                        _ebss = .
                0x2000071c                        __bss_end__ = _ebss

._user_heap_stack
                0x2000071c      0x604 load address 0x0800bd7c
                0x20000720                        . = ALIGN (0x8)
 *fill*         0x2000071c        0x4 
                [!provide]                        PROVIDE (end = .)
                0x20000720                        PROVIDE (_end = .)
                0x20000920                        . = (. + _Min_Heap_Size)
 *fill*         0x20000720      0x200 
                0x20000d20                        . = (. + _Min_Stack_Size)
 *fill*         0x20000920      0x400 
                0x20000d20                        . = ALIGN (0x8)

/DISCARD/
 libc.a(*)
 libm.a(*)
 libgcc.a(*)

.ARM.attributes
                0x00000000       0x36
 *(.ARM.attributes)
 .ARM.attributes
                0x00000000       0x26 C:/ST/STM32CubeIDE_1.16.1/STM32CubeIDE/plugins/com.st.stm32cube.ide.mcu.externaltools.gnu-tools-for-stm32.12.3.rel1.win32_1.0.200.202406191623/tools/bin/../lib/gcc/arm-none-eabi/12.3.1/thumb/v8-m.main+fp/hard/crti.o
 .ARM.attributes
                0x00000026       0x38 C:/ST/STM32CubeIDE_1.16.1/STM32CubeIDE/plugins/com.st.stm32cube.ide.mcu.externaltools.gnu-tools-for-stm32.12.3.rel1.win32_1.0.200.202406191623/tools/bin/../lib/gcc/arm-none-eabi/12.3.1/thumb/v8-m.main+fp/hard/crtbegin.o
 .ARM.attributes
                0x0000005e       0x3a ./Core/Src/WindowSensors/WindowSensorSystem.o
 .ARM.attributes
                0x00000098       0x3a ./Core/Src/WindowSensors/config.o
 .ARM.attributes
                0x000000d2       0x3a ./Core/Src/WindowSensors/cryptography_module.o
 .ARM.attributes
                0x0000010c       0x3a ./Core/Src/WindowSensors/gpio_control.o
 .ARM.attributes
                0x00000146       0x3a ./Core/Src/WindowSensors/radioUtils.o
 .ARM.attributes
                0x00000180       0x3a ./Core/Src/main.o
 .ARM.attributes
                0x000001ba       0x3a ./Core/Src/stm32u5xx_hal_msp.o
 .ARM.attributes
                0x000001f4       0x3a ./Core/Src/stm32u5xx_it.o
 .ARM.attributes
                0x0000022e       0x3a ./Core/Src/syscalls.o
 .ARM.attributes
                0x00000268       0x3a ./Core/Src/sysmem.o
 .ARM.attributes
                0x000002a2       0x3a ./Core/Src/system_stm32u5xx.o
 .ARM.attributes
                0x000002dc       0x24 ./Core/Startup/startup_stm32u545retxq.o
 .ARM.attributes
                0x00000300       0x3a ./Drivers/STM32U5xx_HAL_Driver/Src/stm32u5xx_hal.o
 .ARM.attributes
                0x0000033a       0x3a ./Drivers/STM32U5xx_HAL_Driver/Src/stm32u5xx_hal_cortex.o
 .ARM.attributes
                0x00000374       0x3a ./Drivers/STM32U5xx_HAL_Driver/Src/stm32u5xx_hal_dma.o
 .ARM.attributes
                0x000003ae       0x3a ./Drivers/STM32U5xx_HAL_Driver/Src/stm32u5xx_hal_dma_ex.o
 .ARM.attributes
                0x000003e8       0x3a ./Drivers/STM32U5xx_HAL_Driver/Src/stm32u5xx_hal_gpio.o
 .ARM.attributes
                0x00000422       0x3a ./Drivers/STM32U5xx_HAL_Driver/Src/stm32u5xx_hal_pwr_ex.o
 .ARM.attributes
                0x0000045c       0x3a ./Drivers/STM32U5xx_HAL_Driver/Src/stm32u5xx_hal_rcc.o
 .ARM.attributes
                0x00000496       0x3a ./Drivers/STM32U5xx_HAL_Driver/Src/stm32u5xx_hal_rcc_ex.o
 .ARM.attributes
                0x000004d0       0x3a ./Drivers/STM32U5xx_HAL_Driver/Src/stm32u5xx_hal_rtc.o
 .ARM.attributes
                0x0000050a       0x3a ./Drivers/STM32U5xx_HAL_Driver/Src/stm32u5xx_hal_rtc_ex.o
 .ARM.attributes
                0x00000544       0x3a ./Drivers/STM32U5xx_HAL_Driver/Src/stm32u5xx_hal_spi.o
 .ARM.attributes
                0x0000057e       0x3a ./Drivers/STM32U5xx_HAL_Driver/Src/stm32u5xx_hal_spi_ex.o
 .ARM.attributes
                0x000005b8       0x3a ./Radio/board.o
 .ARM.attributes
                0x000005f2       0x3a ./Radio/delay.o
 .ARM.attributes
                0x0000062c       0x3a ./Radio/gpio-board.o
 .ARM.attributes
                0x00000666       0x3a ./Radio/gpio.o
 .ARM.attributes
                0x000006a0       0x3a ./Radio/rtc-board.o
 .ARM.attributes
                0x000006da       0x3a ./Radio/spi-board.o
 .ARM.attributes
                0x00000714       0x3a ./Radio/sx1276-board.o
 .ARM.attributes
                0x0000074e       0x3a ./Radio/timer.o
 .ARM.attributes
                0x00000788       0x3a ./Radio/utilities.o
 .ARM.attributes
                0x000007c2       0x3a ./Radio/sx1276/sx1276.o
 .ARM.attributes
                0x000007fc       0x38 C:/ST/STM32CubeIDE_1.16.1/STM32CubeIDE/plugins/com.st.stm32cube.ide.mcu.externaltools.gnu-tools-for-stm32.12.3.rel1.win32_1.0.200.202406191623/tools/bin/../lib/gcc/arm-none-eabi/12.3.1/../../../../arm-none-eabi/lib/thumb/v8-m.main+fp/hard\libc_nano.a(libc_a-atoi.o)
 .ARM.attributes
                0x00000834       0x38 C:/ST/STM32CubeIDE_1.16.1/STM32CubeIDE/plugins/com.st.stm32cube.ide.mcu.externaltools.gnu-tools-for-stm32.12.3.rel1.win32_1.0.200.202406191623/tools/bin/../lib/gcc/arm-none-eabi/12.3.1/../../../../arm-none-eabi/lib/thumb/v8-m.main+fp/hard\libc_nano.a(libc_a-strtol.o)
 .ARM.attributes
                0x0000086c       0x38 C:/ST/STM32CubeIDE_1.16.1/STM32CubeIDE/plugins/com.st.stm32cube.ide.mcu.externaltools.gnu-tools-for-stm32.12.3.rel1.win32_1.0.200.202406191623/tools/bin/../lib/gcc/arm-none-eabi/12.3.1/../../../../arm-none-eabi/lib/thumb/v8-m.main+fp/hard\libc_nano.a(libc_a-ctype_.o)
 .ARM.attributes
                0x000008a4       0x38 C:/ST/STM32CubeIDE_1.16.1/STM32CubeIDE/plugins/com.st.stm32cube.ide.mcu.externaltools.gnu-tools-for-stm32.12.3.rel1.win32_1.0.200.202406191623/tools/bin/../lib/gcc/arm-none-eabi/12.3.1/../../../../arm-none-eabi/lib/thumb/v8-m.main+fp/hard\libc_nano.a(libc_a-findfp.o)
 .ARM.attributes
                0x000008dc       0x38 C:/ST/STM32CubeIDE_1.16.1/STM32CubeIDE/plugins/com.st.stm32cube.ide.mcu.externaltools.gnu-tools-for-stm32.12.3.rel1.win32_1.0.200.202406191623/tools/bin/../lib/gcc/arm-none-eabi/12.3.1/../../../../arm-none-eabi/lib/thumb/v8-m.main+fp/hard\libc_nano.a(libc_a-fwalk.o)
 .ARM.attributes
                0x00000914       0x38 C:/ST/STM32CubeIDE_1.16.1/STM32CubeIDE/plugins/com.st.stm32cube.ide.mcu.externaltools.gnu-tools-for-stm32.12.3.rel1.win32_1.0.200.202406191623/tools/bin/../lib/gcc/arm-none-eabi/12.3.1/../../../../arm-none-eabi/lib/thumb/v8-m.main+fp/hard\libc_nano.a(libc_a-printf.o)
 .ARM.attributes
                0x0000094c       0x38 C:/ST/STM32CubeIDE_1.16.1/STM32CubeIDE/plugins/com.st.stm32cube.ide.mcu.externaltools.gnu-tools-for-stm32.12.3.rel1.win32_1.0.200.202406191623/tools/bin/../lib/gcc/arm-none-eabi/12.3.1/../../../../arm-none-eabi/lib/thumb/v8-m.main+fp/hard\libc_nano.a(libc_a-puts.o)
 .ARM.attributes
                0x00000984       0x38 C:/ST/STM32CubeIDE_1.16.1/STM32CubeIDE/plugins/com.st.stm32cube.ide.mcu.externaltools.gnu-tools-for-stm32.12.3.rel1.win32_1.0.200.202406191623/tools/bin/../lib/gcc/arm-none-eabi/12.3.1/../../../../arm-none-eabi/lib/thumb/v8-m.main+fp/hard\libc_nano.a(libc_a-snprintf.o)
 .ARM.attributes
                0x000009bc       0x38 C:/ST/STM32CubeIDE_1.16.1/STM32CubeIDE/plugins/com.st.stm32cube.ide.mcu.externaltools.gnu-tools-for-stm32.12.3.rel1.win32_1.0.200.202406191623/tools/bin/../lib/gcc/arm-none-eabi/12.3.1/../../../../arm-none-eabi/lib/thumb/v8-m.main+fp/hard\libc_nano.a(libc_a-stdio.o)
 .ARM.attributes
                0x000009f4       0x38 C:/ST/STM32CubeIDE_1.16.1/STM32CubeIDE/plugins/com.st.stm32cube.ide.mcu.externaltools.gnu-tools-for-stm32.12.3.rel1.win32_1.0.200.202406191623/tools/bin/../lib/gcc/arm-none-eabi/12.3.1/../../../../arm-none-eabi/lib/thumb/v8-m.main+fp/hard\libc_nano.a(libc_a-wbuf.o)
 .ARM.attributes